[0.015s] Invoking command in '/home/kalzemic/Projects/ArmVision/ros/src/build/kinematics': CMAKE_PREFIX_PATH=${CMAKE_PREFIX_PATH}:/opt/ros/humble DEBUGINFOD_URLS=https://debuginfod.archlinux.org /usr/bin/cmake /home/kalzemic/Projects/ArmVision/ros/src/kinematics -DPYTHON_EXECUTABLE=/usr/bin/python3 -DCMAKE_INSTALL_PREFIX=/home/kalzemic/Projects/ArmVision/ros/src/install/kinematics
[0.029s] -- Found ament_cmake: 1.3.14 (/opt/ros/humble/share/ament_cmake/cmake)
[0.152s] -- Found rclcpp: 16.0.21 (/opt/ros/humble/share/rclcpp/cmake)
[0.183s] -- Found rosidl_generator_c: 3.1.9 (/opt/ros/humble/share/rosidl_generator_c/cmake)
[0.185s] -- Found rosidl_adapter: 3.1.9 (/opt/ros/humble/share/rosidl_adapter/cmake)
[0.192s] -- Found rosidl_generator_cpp: 3.1.9 (/opt/ros/humble/share/rosidl_generator_cpp/cmake)
[0.200s] -- Using all available rosidl_typesupport_c: rosidl_typesupport_fastrtps_c;rosidl_typesupport_introspection_c
[0.216s] -- Using all available rosidl_typesupport_cpp: rosidl_typesupport_fastrtps_cpp;rosidl_typesupport_introspection_cpp
[0.247s] -- Found rmw_implementation_cmake: 6.1.4 (/opt/ros/humble/share/rmw_implementation_cmake/cmake)
[0.249s] -- Found rmw_fastrtps_cpp: 6.2.10 (/opt/ros/humble/share/rmw_fastrtps_cpp/cmake)
[0.404s] -- Using RMW implementation 'rmw_fastrtps_cpp' as default
[0.453s] -- Found sensor_msgs: 4.9.2 (/opt/ros/humble/share/sensor_msgs/cmake)
[0.481s] -- Found rosidl_default_generators: 1.2.1 (/opt/ros/humble/share/rosidl_default_generators/cmake)
[0.497s] -- Found Boost: /usr/include (found version "1.74.0") found components: filesystem serialization 
[0.498s] -- eigenpy FOUND. eigenpy at /opt/ros/humble/lib/x86_64-linux-gnu/libeigenpy.so
[0.520s] -- Checking for NumPy
[0.800s] --   NUMPY_INCLUDE_DIRS=/usr/lib/python3/dist-packages/numpy/core/include
[0.946s] --   NUMPY_VERSION=1.21.5
[1.281s] -- Found Python3: /usr/bin/python3 (found version "3.10.12") found components: Interpreter Development.Module NumPy 
[1.282s] -- PythonLibraryDirs: 
[1.283s] -- PythonLibVersionString: 3.10.12
[1.299s] -- Python site lib: lib/python3.10/site-packages
[1.299s] -- Python include dirs: /usr/include/python3.10
[1.338s] -- Checking for NumPy
[1.480s] --   NUMPY_INCLUDE_DIRS=/usr/lib/python3/dist-packages/numpy/core/include
[1.628s] --   NUMPY_VERSION=1.21.5
[1.628s] -- NumPy include dir: /usr/lib/python3/dist-packages/numpy/core/include
[1.635s] [33mCMake Warning at /usr/share/cmake-3.22/Modules/FindBoost.cmake:2201 (message):
[1.635s]   No header defined for python310; skipping header check (note: header-only
[1.636s]   libraries have no designated component)
[1.636s] Call Stack (most recent call first):
[1.636s]   /opt/ros/humble/lib/x86_64-linux-gnu/cmake/eigenpy/boost.cmake:146 (find_package)
[1.636s]   /opt/ros/humble/lib/x86_64-linux-gnu/cmake/eigenpy/eigenpyConfig.cmake:172 (SEARCH_FOR_BOOST_PYTHON)
[1.636s]   /usr/share/cmake-3.22/Modules/CMakeFindDependencyMacro.cmake:47 (find_package)
[1.636s]   /opt/ros/humble/lib/x86_64-linux-gnu/cmake/pinocchio/pinocchioConfig.cmake:184 (find_dependency)
[1.636s]   CMakeLists.txt:14 (find_package)
[1.636s] 
[1.636s] [0m
[1.637s] -- Found Boost: /usr/include (found version "1.74.0") found components: python310 
[1.943s] -- Default C++ standard: 201703
[1.943s] -- C++ standard sufficient: Minimal required 17, currently defined: 17
[1.943s] -- CMAKE_CXX_STANDARD was not set: automatically set to currently defined standard 17
[1.945s] -- coal FOUND. coal at /opt/ros/humble/lib/x86_64-linux-gnu/libcoal.so
[1.951s] -- Found Boost: /usr/include (found version "1.74.0") found components: serialization filesystem 
[1.953s] -- C++ standard sufficient: Minimal required 17, currently defined: 17
[1.954s] -- C++ standard sufficient: Minimal required 17, currently defined: 17
[2.007s] -- Found Python3: /usr/bin/python3 (found version "3.10.12") found components: Interpreter 
[2.271s] -- Found ament_cmake_ros: 0.10.1 (/opt/ros/humble/share/ament_cmake_ros/cmake)
[2.724s] -- Using all available rosidl_typesupport_c: rosidl_typesupport_fastrtps_c;rosidl_typesupport_introspection_c
[2.893s] -- Using all available rosidl_typesupport_cpp: rosidl_typesupport_fastrtps_cpp;rosidl_typesupport_introspection_cpp
[2.912s] -- Found python_cmake_module: 0.10.0 (/opt/ros/humble/share/python_cmake_module/cmake)
[2.933s] -- Using PYTHON_EXECUTABLE: /usr/bin/python3
[2.933s] -- Using PYTHON_INCLUDE_DIRS: /usr/include/python3.10
[2.933s] -- Using PYTHON_LIBRARIES: /usr/lib/x86_64-linux-gnu/libpython3.10.so
[3.071s] -- Found ament_lint_auto: 0.12.15 (/opt/ros/humble/share/ament_lint_auto/cmake)
[3.091s] -- Added test 'cppcheck' to perform static code analysis on C / C++ code
[3.092s] -- Configured cppcheck include dirs: 
[3.092s] -- Configured cppcheck exclude dirs and/or files: 
[3.092s] -- Added test 'lint_cmake' to check CMake code style
[3.093s] -- Added test 'uncrustify' to check C / C++ code style
[3.094s] -- Configured uncrustify additional arguments: 
[3.094s] -- Added test 'xmllint' to check XML markup files
[3.097s] -- Configuring done
[3.144s] -- Generating done
[3.158s] -- Build files have been written to: /home/kalzemic/Projects/ArmVision/ros/src/build/kinematics
[3.170s] Invoked command in '/home/kalzemic/Projects/ArmVision/ros/src/build/kinematics' returned '0': CMAKE_PREFIX_PATH=${CMAKE_PREFIX_PATH}:/opt/ros/humble DEBUGINFOD_URLS=https://debuginfod.archlinux.org /usr/bin/cmake /home/kalzemic/Projects/ArmVision/ros/src/kinematics -DPYTHON_EXECUTABLE=/usr/bin/python3 -DCMAKE_INSTALL_PREFIX=/home/kalzemic/Projects/ArmVision/ros/src/install/kinematics
[3.171s] Invoking command in '/home/kalzemic/Projects/ArmVision/ros/src/build/kinematics': CMAKE_PREFIX_PATH=${CMAKE_PREFIX_PATH}:/opt/ros/humble DEBUGINFOD_URLS=https://debuginfod.archlinux.org /usr/bin/cmake --build /home/kalzemic/Projects/ArmVision/ros/src/build/kinematics -- -j8 -l8
[3.211s] [  2%] [34m[1mGenerating C code for ROS interfaces[0m
[3.223s] [  5%] [34m[1mGenerating Rust code for ROS interfaces[0m
[3.226s] [  8%] [34m[1mGenerating C++ code for ROS interfaces[0m
[3.234s] [  8%] Built target ament_cmake_python_copy_kinematics
[3.470s] [  8%] Built target kinematics__rs
[3.501s] running egg_info
[3.502s] creating kinematics.egg-info
[3.502s] writing kinematics.egg-info/PKG-INFO
[3.503s] writing dependency_links to kinematics.egg-info/dependency_links.txt
[3.503s] writing top-level names to kinematics.egg-info/top_level.txt
[3.503s] writing manifest file 'kinematics.egg-info/SOURCES.txt'
[3.505s] reading manifest file 'kinematics.egg-info/SOURCES.txt'
[3.507s] writing manifest file 'kinematics.egg-info/SOURCES.txt'
[3.526s] [ 11%] [32mBuilding C object CMakeFiles/kinematics__rosidl_generator_c.dir/rosidl_generator_c/kinematics/srv/detail/kinematics__functions.c.o[0m
[3.546s] [ 11%] Built target ament_cmake_python_build_kinematics_egg
[3.548s] [ 11%] Built target kinematics__cpp
[3.559s] [ 14%] [34m[1mGenerating C++ introspection for ROS interfaces[0m
[3.560s] [ 17%] [34m[1mGenerating C++ type support for eProsima Fast-RTPS[0m
[3.561s] [ 20%] [34m[1mGenerating C++ type support dispatch for ROS interfaces[0m
[3.611s] [ 23%] [32m[1mLinking C shared library libkinematics__rosidl_generator_c.so[0m
[3.657s] [ 23%] Built target kinematics__rosidl_generator_c
[3.669s] [ 26%] [34m[1mGenerating C type support dispatch for ROS interfaces[0m
[3.669s] [ 32%] [34m[1mGenerating C type support for eProsima Fast-RTPS[0m
[3.670s] [ 32%] [34m[1mGenerating C introspection for ROS interfaces[0m
[3.922s] [ 35%] [32mBuilding CXX object CMakeFiles/kinematics__rosidl_typesupport_fastrtps_cpp.dir/rosidl_typesupport_fastrtps_cpp/kinematics/srv/detail/dds_fastrtps/kinematics__type_support.cpp.o[0m
[3.924s] [ 38%] [32mBuilding CXX object CMakeFiles/kinematics__rosidl_typesupport_cpp.dir/rosidl_typesupport_cpp/kinematics/srv/kinematics__type_support.cpp.o[0m
[3.943s] [ 41%] [32mBuilding CXX object CMakeFiles/kinematics__rosidl_typesupport_introspection_cpp.dir/rosidl_typesupport_introspection_cpp/kinematics/srv/detail/kinematics__type_support.cpp.o[0m
[4.008s] [ 44%] [32mBuilding CXX object CMakeFiles/kinematics__rosidl_typesupport_c.dir/rosidl_typesupport_c/kinematics/srv/kinematics__type_support.cpp.o[0m
[4.046s] [ 47%] [32m[1mLinking CXX shared library libkinematics__rosidl_typesupport_c.so[0m
[4.091s] [ 50%] [32mBuilding CXX object CMakeFiles/kinematics__rosidl_typesupport_fastrtps_c.dir/rosidl_typesupport_fastrtps_c/kinematics/srv/detail/kinematics__type_support_c.cpp.o[0m
[4.105s] [ 52%] [32mBuilding C object CMakeFiles/kinematics__rosidl_typesupport_introspection_c.dir/rosidl_typesupport_introspection_c/kinematics/srv/detail/kinematics__type_support.c.o[0m
[4.106s] [ 52%] Built target kinematics__rosidl_typesupport_c
[4.168s] [ 55%] [32m[1mLinking C shared library libkinematics__rosidl_typesupport_introspection_c.so[0m
[4.221s] [ 55%] Built target kinematics__rosidl_typesupport_introspection_c
[4.260s] [ 58%] [32m[1mLinking CXX shared library libkinematics__rosidl_typesupport_cpp.so[0m
[4.314s] [ 58%] Built target kinematics__rosidl_typesupport_cpp
[4.344s] [ 61%] [32mBuilding CXX object CMakeFiles/kinematics_node.dir/src/kinematics.cpp.o[0m
[4.406s] [ 64%] [32m[1mLinking CXX shared library libkinematics__rosidl_typesupport_fastrtps_cpp.so[0m
[4.473s] [ 67%] [32m[1mLinking CXX shared library libkinematics__rosidl_typesupport_introspection_cpp.so[0m
[4.476s] [ 70%] [32m[1mLinking CXX shared library libkinematics__rosidl_typesupport_fastrtps_c.so[0m
[4.498s] [ 70%] Built target kinematics__rosidl_typesupport_fastrtps_cpp
[4.560s] [ 70%] Built target kinematics__rosidl_typesupport_introspection_cpp
[4.576s] [ 70%] Built target kinematics__rosidl_typesupport_fastrtps_c
[4.595s] [ 70%] Built target kinematics
[4.616s] [ 73%] [34m[1mGenerating Python code for ROS interfaces[0m
[4.964s] [ 73%] Built target kinematics__py
[4.984s] [ 76%] [32mBuilding C object CMakeFiles/kinematics__rosidl_generator_py.dir/rosidl_generator_py/kinematics/srv/_kinematics_s.c.o[0m
[5.092s] [ 79%] [32m[1mLinking C shared library rosidl_generator_py/kinematics/libkinematics__rosidl_generator_py.so[0m
[5.137s] [ 79%] Built target kinematics__rosidl_generator_py
[5.161s] [ 82%] [32mBuilding C object CMakeFiles/kinematics__rosidl_typesupport_c__pyext.dir/rosidl_generator_py/kinematics/_kinematics_s.ep.rosidl_typesupport_c.c.o[0m
[5.162s] [ 85%] [32mBuilding C object CMakeFiles/kinematics__rosidl_typesupport_introspection_c__pyext.dir/rosidl_generator_py/kinematics/_kinematics_s.ep.rosidl_typesupport_introspection_c.c.o[0m
[5.163s] [ 88%] [32mBuilding C object CMakeFiles/kinematics__rosidl_typesupport_fastrtps_c__pyext.dir/rosidl_generator_py/kinematics/_kinematics_s.ep.rosidl_typesupport_fastrtps_c.c.o[0m
[5.265s] [ 91%] [32m[1mLinking C shared library rosidl_generator_py/kinematics/kinematics_s__rosidl_typesupport_fastrtps_c..cpython-310-x86_64-linux-gnu.so[0m
[5.305s] [ 97%] [32m[1mLinking C shared library rosidl_generator_py/kinematics/kinematics_s__rosidl_typesupport_c..cpython-310-x86_64-linux-gnu.so[0m
[5.306s] [ 97%] [32m[1mLinking C shared library rosidl_generator_py/kinematics/kinematics_s__rosidl_typesupport_introspection_c..cpython-310-x86_64-linux-gnu.so[0m
[5.319s] [ 97%] Built target kinematics__rosidl_typesupport_fastrtps_c__pyext
[5.353s] [ 97%] Built target kinematics__rosidl_typesupport_c__pyext
[5.355s] [ 97%] Built target kinematics__rosidl_typesupport_introspection_c__pyext
[49.300s] [100%] [32m[1mLinking CXX executable kinematics_node[0m
[51.313s] [100%] Built target kinematics_node
[51.324s] Invoked command in '/home/kalzemic/Projects/ArmVision/ros/src/build/kinematics' returned '0': CMAKE_PREFIX_PATH=${CMAKE_PREFIX_PATH}:/opt/ros/humble DEBUGINFOD_URLS=https://debuginfod.archlinux.org /usr/bin/cmake --build /home/kalzemic/Projects/ArmVision/ros/src/build/kinematics -- -j8 -l8
[51.326s] Invoking command in '/home/kalzemic/Projects/ArmVision/ros/src/build/kinematics': CMAKE_PREFIX_PATH=${CMAKE_PREFIX_PATH}:/opt/ros/humble DEBUGINFOD_URLS=https://debuginfod.archlinux.org /usr/bin/cmake --install /home/kalzemic/Projects/ArmVision/ros/src/build/kinematics
[51.333s] -- Install configuration: ""
[51.334s] -- Installing: /home/kalzemic/Projects/ArmVision/ros/src/install/kinematics/share/ament_index/resource_index/rosidl_interfaces/kinematics
[51.334s] -- Installing: /home/kalzemic/Projects/ArmVision/ros/src/install/kinematics/include/kinematics/kinematics
[51.334s] -- Installing: /home/kalzemic/Projects/ArmVision/ros/src/install/kinematics/include/kinematics/kinematics/srv
[51.334s] -- Installing: /home/kalzemic/Projects/ArmVision/ros/src/install/kinematics/include/kinematics/kinematics/srv/kinematics.h
[51.334s] -- Installing: /home/kalzemic/Projects/ArmVision/ros/src/install/kinematics/include/kinematics/kinematics/srv/detail
[51.335s] -- Installing: /home/kalzemic/Projects/ArmVision/ros/src/install/kinematics/include/kinematics/kinematics/srv/detail/kinematics__functions.c
[51.335s] -- Installing: /home/kalzemic/Projects/ArmVision/ros/src/install/kinematics/include/kinematics/kinematics/srv/detail/kinematics__functions.h
[51.335s] -- Installing: /home/kalzemic/Projects/ArmVision/ros/src/install/kinematics/include/kinematics/kinematics/srv/detail/kinematics__struct.h
[51.335s] -- Installing: /home/kalzemic/Projects/ArmVision/ros/src/install/kinematics/include/kinematics/kinematics/srv/detail/kinematics__type_support.h
[51.335s] -- Installing: /home/kalzemic/Projects/ArmVision/ros/src/install/kinematics/include/kinematics/kinematics/msg
[51.335s] -- Installing: /home/kalzemic/Projects/ArmVision/ros/src/install/kinematics/include/kinematics/kinematics/msg/rosidl_generator_c__visibility_control.h
[51.335s] -- Installing: /home/kalzemic/Projects/ArmVision/ros/src/install/kinematics/share/kinematics/environment/library_path.sh
[51.335s] -- Installing: /home/kalzemic/Projects/ArmVision/ros/src/install/kinematics/share/kinematics/environment/library_path.dsv
[51.336s] -- Installing: /home/kalzemic/Projects/ArmVision/ros/src/install/kinematics/lib/libkinematics__rosidl_generator_c.so
[51.336s] -- Set runtime path of "/home/kalzemic/Projects/ArmVision/ros/src/install/kinematics/lib/libkinematics__rosidl_generator_c.so" to ""
[51.336s] -- Up-to-date: /home/kalzemic/Projects/ArmVision/ros/src/install/kinematics/include/kinematics/kinematics
[51.336s] -- Up-to-date: /home/kalzemic/Projects/ArmVision/ros/src/install/kinematics/include/kinematics/kinematics/srv
[51.336s] -- Up-to-date: /home/kalzemic/Projects/ArmVision/ros/src/install/kinematics/include/kinematics/kinematics/srv/detail
[51.337s] -- Installing: /home/kalzemic/Projects/ArmVision/ros/src/install/kinematics/include/kinematics/kinematics/srv/detail/kinematics__rosidl_typesupport_fastrtps_c.h
[51.337s] -- Up-to-date: /home/kalzemic/Projects/ArmVision/ros/src/install/kinematics/include/kinematics/kinematics/msg
[51.337s] -- Installing: /home/kalzemic/Projects/ArmVision/ros/src/install/kinematics/include/kinematics/kinematics/msg/rosidl_typesupport_fastrtps_c__visibility_control.h
[51.337s] -- Installing: /home/kalzemic/Projects/ArmVision/ros/src/install/kinematics/lib/libkinematics__rosidl_typesupport_fastrtps_c.so
[51.337s] -- Set runtime path of "/home/kalzemic/Projects/ArmVision/ros/src/install/kinematics/lib/libkinematics__rosidl_typesupport_fastrtps_c.so" to ""
[51.337s] -- Up-to-date: /home/kalzemic/Projects/ArmVision/ros/src/install/kinematics/include/kinematics/kinematics
[51.337s] -- Up-to-date: /home/kalzemic/Projects/ArmVision/ros/src/install/kinematics/include/kinematics/kinematics/srv
[51.337s] -- Up-to-date: /home/kalzemic/Projects/ArmVision/ros/src/install/kinematics/include/kinematics/kinematics/srv/detail
[51.337s] -- Installing: /home/kalzemic/Projects/ArmVision/ros/src/install/kinematics/include/kinematics/kinematics/srv/detail/kinematics__traits.hpp
[51.337s] -- Installing: /home/kalzemic/Projects/ArmVision/ros/src/install/kinematics/include/kinematics/kinematics/srv/detail/kinematics__struct.hpp
[51.338s] -- Installing: /home/kalzemic/Projects/ArmVision/ros/src/install/kinematics/include/kinematics/kinematics/srv/detail/kinematics__type_support.hpp
[51.338s] -- Installing: /home/kalzemic/Projects/ArmVision/ros/src/install/kinematics/include/kinematics/kinematics/srv/detail/kinematics__builder.hpp
[51.338s] -- Installing: /home/kalzemic/Projects/ArmVision/ros/src/install/kinematics/include/kinematics/kinematics/srv/kinematics.hpp
[51.338s] -- Up-to-date: /home/kalzemic/Projects/ArmVision/ros/src/install/kinematics/include/kinematics/kinematics/msg
[51.338s] -- Installing: /home/kalzemic/Projects/ArmVision/ros/src/install/kinematics/include/kinematics/kinematics/msg/rosidl_generator_cpp__visibility_control.hpp
[51.338s] -- Up-to-date: /home/kalzemic/Projects/ArmVision/ros/src/install/kinematics/include/kinematics/kinematics
[51.338s] -- Up-to-date: /home/kalzemic/Projects/ArmVision/ros/src/install/kinematics/include/kinematics/kinematics/srv
[51.338s] -- Up-to-date: /home/kalzemic/Projects/ArmVision/ros/src/install/kinematics/include/kinematics/kinematics/srv/detail
[51.338s] -- Installing: /home/kalzemic/Projects/ArmVision/ros/src/install/kinematics/include/kinematics/kinematics/srv/detail/dds_fastrtps
[51.339s] -- Installing: /home/kalzemic/Projects/ArmVision/ros/src/install/kinematics/include/kinematics/kinematics/srv/detail/kinematics__rosidl_typesupport_fastrtps_cpp.hpp
[51.339s] -- Up-to-date: /home/kalzemic/Projects/ArmVision/ros/src/install/kinematics/include/kinematics/kinematics/msg
[51.339s] -- Installing: /home/kalzemic/Projects/ArmVision/ros/src/install/kinematics/include/kinematics/kinematics/msg/rosidl_typesupport_fastrtps_cpp__visibility_control.h
[51.339s] -- Installing: /home/kalzemic/Projects/ArmVision/ros/src/install/kinematics/lib/libkinematics__rosidl_typesupport_fastrtps_cpp.so
[51.339s] -- Set runtime path of "/home/kalzemic/Projects/ArmVision/ros/src/install/kinematics/lib/libkinematics__rosidl_typesupport_fastrtps_cpp.so" to ""
[51.339s] -- Up-to-date: /home/kalzemic/Projects/ArmVision/ros/src/install/kinematics/include/kinematics/kinematics
[51.339s] -- Up-to-date: /home/kalzemic/Projects/ArmVision/ros/src/install/kinematics/include/kinematics/kinematics/srv
[51.339s] -- Up-to-date: /home/kalzemic/Projects/ArmVision/ros/src/install/kinematics/include/kinematics/kinematics/srv/detail
[51.339s] -- Installing: /home/kalzemic/Projects/ArmVision/ros/src/install/kinematics/include/kinematics/kinematics/srv/detail/kinematics__type_support.c
[51.339s] -- Installing: /home/kalzemic/Projects/ArmVision/ros/src/install/kinematics/include/kinematics/kinematics/srv/detail/kinematics__rosidl_typesupport_introspection_c.h
[51.339s] -- Up-to-date: /home/kalzemic/Projects/ArmVision/ros/src/install/kinematics/include/kinematics/kinematics/msg
[51.340s] -- Installing: /home/kalzemic/Projects/ArmVision/ros/src/install/kinematics/include/kinematics/kinematics/msg/rosidl_typesupport_introspection_c__visibility_control.h
[51.340s] -- Installing: /home/kalzemic/Projects/ArmVision/ros/src/install/kinematics/lib/libkinematics__rosidl_typesupport_introspection_c.so
[51.340s] -- Set runtime path of "/home/kalzemic/Projects/ArmVision/ros/src/install/kinematics/lib/libkinematics__rosidl_typesupport_introspection_c.so" to ""
[51.340s] -- Installing: /home/kalzemic/Projects/ArmVision/ros/src/install/kinematics/lib/libkinematics__rosidl_typesupport_c.so
[51.340s] -- Set runtime path of "/home/kalzemic/Projects/ArmVision/ros/src/install/kinematics/lib/libkinematics__rosidl_typesupport_c.so" to ""
[51.340s] -- Up-to-date: /home/kalzemic/Projects/ArmVision/ros/src/install/kinematics/include/kinematics/kinematics
[51.340s] -- Up-to-date: /home/kalzemic/Projects/ArmVision/ros/src/install/kinematics/include/kinematics/kinematics/srv
[51.340s] -- Up-to-date: /home/kalzemic/Projects/ArmVision/ros/src/install/kinematics/include/kinematics/kinematics/srv/detail
[51.340s] -- Installing: /home/kalzemic/Projects/ArmVision/ros/src/install/kinematics/include/kinematics/kinematics/srv/detail/kinematics__type_support.cpp
[51.340s] -- Installing: /home/kalzemic/Projects/ArmVision/ros/src/install/kinematics/include/kinematics/kinematics/srv/detail/kinematics__rosidl_typesupport_introspection_cpp.hpp
[51.340s] -- Installing: /home/kalzemic/Projects/ArmVision/ros/src/install/kinematics/lib/libkinematics__rosidl_typesupport_introspection_cpp.so
[51.341s] -- Set runtime path of "/home/kalzemic/Projects/ArmVision/ros/src/install/kinematics/lib/libkinematics__rosidl_typesupport_introspection_cpp.so" to ""
[51.341s] -- Installing: /home/kalzemic/Projects/ArmVision/ros/src/install/kinematics/lib/libkinematics__rosidl_typesupport_cpp.so
[51.341s] -- Set runtime path of "/home/kalzemic/Projects/ArmVision/ros/src/install/kinematics/lib/libkinematics__rosidl_typesupport_cpp.so" to ""
[51.341s] -- Installing: /home/kalzemic/Projects/ArmVision/ros/src/install/kinematics/share/kinematics/environment/pythonpath.sh
[51.341s] -- Installing: /home/kalzemic/Projects/ArmVision/ros/src/install/kinematics/share/kinematics/environment/pythonpath.dsv
[51.342s] -- Installing: /home/kalzemic/Projects/ArmVision/ros/src/install/kinematics/local/lib/python3.10/dist-packages/kinematics-0.0.0-py3.10.egg-info
[51.342s] -- Installing: /home/kalzemic/Projects/ArmVision/ros/src/install/kinematics/local/lib/python3.10/dist-packages/kinematics-0.0.0-py3.10.egg-info/PKG-INFO
[51.342s] -- Installing: /home/kalzemic/Projects/ArmVision/ros/src/install/kinematics/local/lib/python3.10/dist-packages/kinematics-0.0.0-py3.10.egg-info/dependency_links.txt
[51.342s] -- Installing: /home/kalzemic/Projects/ArmVision/ros/src/install/kinematics/local/lib/python3.10/dist-packages/kinematics-0.0.0-py3.10.egg-info/top_level.txt
[51.342s] -- Installing: /home/kalzemic/Projects/ArmVision/ros/src/install/kinematics/local/lib/python3.10/dist-packages/kinematics-0.0.0-py3.10.egg-info/SOURCES.txt
[51.342s] -- Installing: /home/kalzemic/Projects/ArmVision/ros/src/install/kinematics/local/lib/python3.10/dist-packages/kinematics
[51.342s] -- Installing: /home/kalzemic/Projects/ArmVision/ros/src/install/kinematics/local/lib/python3.10/dist-packages/kinematics/_kinematics_s.ep.rosidl_typesupport_fastrtps_c.c
[51.342s] -- Installing: /home/kalzemic/Projects/ArmVision/ros/src/install/kinematics/local/lib/python3.10/dist-packages/kinematics/_kinematics_s.ep.rosidl_typesupport_introspection_c.c
[51.343s] -- Installing: /home/kalzemic/Projects/ArmVision/ros/src/install/kinematics/local/lib/python3.10/dist-packages/kinematics/kinematics_s__rosidl_typesupport_c..cpython-310-x86_64-linux-gnu.so
[51.343s] -- Installing: /home/kalzemic/Projects/ArmVision/ros/src/install/kinematics/local/lib/python3.10/dist-packages/kinematics/libkinematics__rosidl_generator_py.so
[51.343s] -- Installing: /home/kalzemic/Projects/ArmVision/ros/src/install/kinematics/local/lib/python3.10/dist-packages/kinematics/kinematics_s__rosidl_typesupport_fastrtps_c..cpython-310-x86_64-linux-gnu.so
[51.343s] -- Installing: /home/kalzemic/Projects/ArmVision/ros/src/install/kinematics/local/lib/python3.10/dist-packages/kinematics/_kinematics_s.ep.rosidl_typesupport_c.c
[51.343s] -- Installing: /home/kalzemic/Projects/ArmVision/ros/src/install/kinematics/local/lib/python3.10/dist-packages/kinematics/__init__.py
[51.343s] -- Installing: /home/kalzemic/Projects/ArmVision/ros/src/install/kinematics/local/lib/python3.10/dist-packages/kinematics/kinematics_s__rosidl_typesupport_introspection_c..cpython-310-x86_64-linux-gnu.so
[51.343s] -- Installing: /home/kalzemic/Projects/ArmVision/ros/src/install/kinematics/local/lib/python3.10/dist-packages/kinematics/srv
[51.343s] -- Installing: /home/kalzemic/Projects/ArmVision/ros/src/install/kinematics/local/lib/python3.10/dist-packages/kinematics/srv/_kinematics_s.c
[51.344s] -- Installing: /home/kalzemic/Projects/ArmVision/ros/src/install/kinematics/local/lib/python3.10/dist-packages/kinematics/srv/__init__.py
[51.344s] -- Installing: /home/kalzemic/Projects/ArmVision/ros/src/install/kinematics/local/lib/python3.10/dist-packages/kinematics/srv/_kinematics.py
[51.384s] Listing '/home/kalzemic/Projects/ArmVision/ros/src/install/kinematics/local/lib/python3.10/dist-packages/kinematics'...
[51.384s] Compiling '/home/kalzemic/Projects/ArmVision/ros/src/install/kinematics/local/lib/python3.10/dist-packages/kinematics/__init__.py'...
[51.385s] Listing '/home/kalzemic/Projects/ArmVision/ros/src/install/kinematics/local/lib/python3.10/dist-packages/kinematics/srv'...
[51.385s] Compiling '/home/kalzemic/Projects/ArmVision/ros/src/install/kinematics/local/lib/python3.10/dist-packages/kinematics/srv/__init__.py'...
[51.385s] Compiling '/home/kalzemic/Projects/ArmVision/ros/src/install/kinematics/local/lib/python3.10/dist-packages/kinematics/srv/_kinematics.py'...
[51.391s] -- Installing: /home/kalzemic/Projects/ArmVision/ros/src/install/kinematics/local/lib/python3.10/dist-packages/kinematics/kinematics_s__rosidl_typesupport_fastrtps_c..cpython-310-x86_64-linux-gnu.so
[51.391s] -- Set runtime path of "/home/kalzemic/Projects/ArmVision/ros/src/install/kinematics/local/lib/python3.10/dist-packages/kinematics/kinematics_s__rosidl_typesupport_fastrtps_c..cpython-310-x86_64-linux-gnu.so" to ""
[51.391s] -- Installing: /home/kalzemic/Projects/ArmVision/ros/src/install/kinematics/local/lib/python3.10/dist-packages/kinematics/kinematics_s__rosidl_typesupport_introspection_c..cpython-310-x86_64-linux-gnu.so
[51.392s] -- Set runtime path of "/home/kalzemic/Projects/ArmVision/ros/src/install/kinematics/local/lib/python3.10/dist-packages/kinematics/kinematics_s__rosidl_typesupport_introspection_c..cpython-310-x86_64-linux-gnu.so" to ""
[51.392s] -- Installing: /home/kalzemic/Projects/ArmVision/ros/src/install/kinematics/local/lib/python3.10/dist-packages/kinematics/kinematics_s__rosidl_typesupport_c..cpython-310-x86_64-linux-gnu.so
[51.393s] -- Set runtime path of "/home/kalzemic/Projects/ArmVision/ros/src/install/kinematics/local/lib/python3.10/dist-packages/kinematics/kinematics_s__rosidl_typesupport_c..cpython-310-x86_64-linux-gnu.so" to ""
[51.393s] -- Installing: /home/kalzemic/Projects/ArmVision/ros/src/install/kinematics/lib/libkinematics__rosidl_generator_py.so
[51.393s] -- Set runtime path of "/home/kalzemic/Projects/ArmVision/ros/src/install/kinematics/lib/libkinematics__rosidl_generator_py.so" to ""
[51.393s] -- Installing: /home/kalzemic/Projects/ArmVision/ros/src/install/kinematics/share/kinematics/rust
[51.393s] -- Installing: /home/kalzemic/Projects/ArmVision/ros/src/install/kinematics/share/kinematics/rust/build.rs
[51.394s] -- Installing: /home/kalzemic/Projects/ArmVision/ros/src/install/kinematics/share/kinematics/rust/Cargo.toml
[51.394s] -- Installing: /home/kalzemic/Projects/ArmVision/ros/src/install/kinematics/share/kinematics/rust/src
[51.394s] -- Installing: /home/kalzemic/Projects/ArmVision/ros/src/install/kinematics/share/kinematics/rust/src/srv.rs
[51.394s] -- Installing: /home/kalzemic/Projects/ArmVision/ros/src/install/kinematics/share/kinematics/rust/src/lib.rs
[51.394s] -- Installing: /home/kalzemic/Projects/ArmVision/ros/src/install/kinematics/share/kinematics/rust/src/srv
[51.394s] -- Installing: /home/kalzemic/Projects/ArmVision/ros/src/install/kinematics/share/kinematics/rust/src/srv/rmw.rs
[51.394s] -- Installing: /home/kalzemic/Projects/ArmVision/ros/src/install/kinematics/share/kinematics/srv/Kinematics.idl
[51.395s] -- Installing: /home/kalzemic/Projects/ArmVision/ros/src/install/kinematics/share/kinematics/srv/Kinematics.srv
[51.395s] -- Installing: /home/kalzemic/Projects/ArmVision/ros/src/install/kinematics/share/kinematics/srv/Kinematics_Request.msg
[51.395s] -- Installing: /home/kalzemic/Projects/ArmVision/ros/src/install/kinematics/share/kinematics/srv/Kinematics_Response.msg
[51.395s] -- Installing: /home/kalzemic/Projects/ArmVision/ros/src/install/kinematics/lib/kinematics/kinematics_node
[51.411s] -- Set runtime path of "/home/kalzemic/Projects/ArmVision/ros/src/install/kinematics/lib/kinematics/kinematics_node" to ""
[51.411s] -- Installing: /home/kalzemic/Projects/ArmVision/ros/src/install/kinematics/share/ament_index/resource_index/package_run_dependencies/kinematics
[51.411s] -- Installing: /home/kalzemic/Projects/ArmVision/ros/src/install/kinematics/share/ament_index/resource_index/parent_prefix_path/kinematics
[51.411s] -- Installing: /home/kalzemic/Projects/ArmVision/ros/src/install/kinematics/share/kinematics/environment/ament_prefix_path.sh
[51.411s] -- Installing: /home/kalzemic/Projects/ArmVision/ros/src/install/kinematics/share/kinematics/environment/ament_prefix_path.dsv
[51.411s] -- Installing: /home/kalzemic/Projects/ArmVision/ros/src/install/kinematics/share/kinematics/environment/path.sh
[51.412s] -- Installing: /home/kalzemic/Projects/ArmVision/ros/src/install/kinematics/share/kinematics/environment/path.dsv
[51.412s] -- Installing: /home/kalzemic/Projects/ArmVision/ros/src/install/kinematics/share/kinematics/local_setup.bash
[51.412s] -- Installing: /home/kalzemic/Projects/ArmVision/ros/src/install/kinematics/share/kinematics/local_setup.sh
[51.412s] -- Installing: /home/kalzemic/Projects/ArmVision/ros/src/install/kinematics/share/kinematics/local_setup.zsh
[51.412s] -- Installing: /home/kalzemic/Projects/ArmVision/ros/src/install/kinematics/share/kinematics/local_setup.dsv
[51.412s] -- Installing: /home/kalzemic/Projects/ArmVision/ros/src/install/kinematics/share/kinematics/package.dsv
[51.412s] -- Installing: /home/kalzemic/Projects/ArmVision/ros/src/install/kinematics/share/ament_index/resource_index/packages/kinematics
[51.413s] -- Installing: /home/kalzemic/Projects/ArmVision/ros/src/install/kinematics/share/kinematics/cmake/export_kinematics__rosidl_generator_cExport.cmake
[51.413s] -- Installing: /home/kalzemic/Projects/ArmVision/ros/src/install/kinematics/share/kinematics/cmake/export_kinematics__rosidl_generator_cExport-noconfig.cmake
[51.413s] -- Installing: /home/kalzemic/Projects/ArmVision/ros/src/install/kinematics/share/kinematics/cmake/export_kinematics__rosidl_typesupport_fastrtps_cExport.cmake
[51.413s] -- Installing: /home/kalzemic/Projects/ArmVision/ros/src/install/kinematics/share/kinematics/cmake/export_kinematics__rosidl_typesupport_fastrtps_cExport-noconfig.cmake
[51.413s] -- Installing: /home/kalzemic/Projects/ArmVision/ros/src/install/kinematics/share/kinematics/cmake/export_kinematics__rosidl_generator_cppExport.cmake
[51.413s] -- Installing: /home/kalzemic/Projects/ArmVision/ros/src/install/kinematics/share/kinematics/cmake/export_kinematics__rosidl_typesupport_fastrtps_cppExport.cmake
[51.414s] -- Installing: /home/kalzemic/Projects/ArmVision/ros/src/install/kinematics/share/kinematics/cmake/export_kinematics__rosidl_typesupport_fastrtps_cppExport-noconfig.cmake
[51.414s] -- Installing: /home/kalzemic/Projects/ArmVision/ros/src/install/kinematics/share/kinematics/cmake/kinematics__rosidl_typesupport_introspection_cExport.cmake
[51.414s] -- Installing: /home/kalzemic/Projects/ArmVision/ros/src/install/kinematics/share/kinematics/cmake/kinematics__rosidl_typesupport_introspection_cExport-noconfig.cmake
[51.414s] -- Installing: /home/kalzemic/Projects/ArmVision/ros/src/install/kinematics/share/kinematics/cmake/kinematics__rosidl_typesupport_cExport.cmake
[51.414s] -- Installing: /home/kalzemic/Projects/ArmVision/ros/src/install/kinematics/share/kinematics/cmake/kinematics__rosidl_typesupport_cExport-noconfig.cmake
[51.414s] -- Installing: /home/kalzemic/Projects/ArmVision/ros/src/install/kinematics/share/kinematics/cmake/kinematics__rosidl_typesupport_introspection_cppExport.cmake
[51.415s] -- Installing: /home/kalzemic/Projects/ArmVision/ros/src/install/kinematics/share/kinematics/cmake/kinematics__rosidl_typesupport_introspection_cppExport-noconfig.cmake
[51.415s] -- Installing: /home/kalzemic/Projects/ArmVision/ros/src/install/kinematics/share/kinematics/cmake/kinematics__rosidl_typesupport_cppExport.cmake
[51.415s] -- Installing: /home/kalzemic/Projects/ArmVision/ros/src/install/kinematics/share/kinematics/cmake/kinematics__rosidl_typesupport_cppExport-noconfig.cmake
[51.415s] -- Installing: /home/kalzemic/Projects/ArmVision/ros/src/install/kinematics/share/kinematics/cmake/export_kinematics__rosidl_generator_pyExport.cmake
[51.416s] -- Installing: /home/kalzemic/Projects/ArmVision/ros/src/install/kinematics/share/kinematics/cmake/export_kinematics__rosidl_generator_pyExport-noconfig.cmake
[51.416s] -- Installing: /home/kalzemic/Projects/ArmVision/ros/src/install/kinematics/share/kinematics/cmake/rosidl_cmake-extras.cmake
[51.416s] -- Installing: /home/kalzemic/Projects/ArmVision/ros/src/install/kinematics/share/kinematics/cmake/ament_cmake_export_dependencies-extras.cmake
[51.416s] -- Installing: /home/kalzemic/Projects/ArmVision/ros/src/install/kinematics/share/kinematics/cmake/ament_cmake_export_include_directories-extras.cmake
[51.416s] -- Installing: /home/kalzemic/Projects/ArmVision/ros/src/install/kinematics/share/kinematics/cmake/ament_cmake_export_libraries-extras.cmake
[51.416s] -- Installing: /home/kalzemic/Projects/ArmVision/ros/src/install/kinematics/share/kinematics/cmake/ament_cmake_export_targets-extras.cmake
[51.416s] -- Installing: /home/kalzemic/Projects/ArmVision/ros/src/install/kinematics/share/kinematics/cmake/rosidl_cmake_export_typesupport_targets-extras.cmake
[51.417s] -- Installing: /home/kalzemic/Projects/ArmVision/ros/src/install/kinematics/share/kinematics/cmake/rosidl_cmake_export_typesupport_libraries-extras.cmake
[51.417s] -- Installing: /home/kalzemic/Projects/ArmVision/ros/src/install/kinematics/share/kinematics/cmake/rosidl_cmake_aggregate_target-extras.cmake
[51.417s] -- Installing: /home/kalzemic/Projects/ArmVision/ros/src/install/kinematics/share/kinematics/cmake/kinematicsConfig.cmake
[51.417s] -- Installing: /home/kalzemic/Projects/ArmVision/ros/src/install/kinematics/share/kinematics/cmake/kinematicsConfig-version.cmake
[51.417s] -- Installing: /home/kalzemic/Projects/ArmVision/ros/src/install/kinematics/share/kinematics/package.xml
[51.420s] Invoked command in '/home/kalzemic/Projects/ArmVision/ros/src/build/kinematics' returned '0': CMAKE_PREFIX_PATH=${CMAKE_PREFIX_PATH}:/opt/ros/humble DEBUGINFOD_URLS=https://debuginfod.archlinux.org /usr/bin/cmake --install /home/kalzemic/Projects/ArmVision/ros/src/build/kinematics
