[0.123s] DEBUG:colcon:Command line arguments: ['/usr/bin/colcon', 'build', '--cmake-args', '-DPYTHON_EXECUTABLE=/usr/bin/python3']
[0.123s] DEBUG:colcon:Parsed command line arguments: Namespace(log_base=None, log_level=None, verb_name='build', build_base='build', install_base='install', merge_install=False, symlink_install=False, test_result_base=None, continue_on_error=False, executor='parallel', parallel_workers=8, event_handlers=None, ignore_user_meta=False, metas=['./colcon.meta'], base_paths=['.'], packages_ignore=None, packages_ignore_regex=None, paths=None, packages_up_to=None, packages_up_to_regex=None, packages_above=None, packages_above_and_dependencies=None, packages_above_depth=None, packages_select_by_dep=None, packages_skip_by_dep=None, packages_skip_up_to=None, packages_select_build_failed=False, packages_skip_build_finished=False, packages_select_test_failures=False, packages_skip_test_passed=False, packages_select=None, packages_skip=None, packages_select_regex=None, packages_skip_regex=None, packages_start=None, packages_end=None, allow_overriding=[], cmake_args=['-DPYTHON_EXECUTABLE=/usr/bin/python3'], cmake_target=None, cmake_target_skip_unavailable=False, cmake_clean_cache=False, cmake_clean_first=False, cmake_force_configure=False, ament_cmake_args=None, catkin_cmake_args=None, catkin_skip_building_tests=False, verb_parser=<colcon_defaults.argument_parser.defaults.DefaultArgumentsDecorator object at 0x7f8ace244670>, verb_extension=<colcon_core.verb.build.BuildVerb object at 0x7f8ace244220>, main=<bound method BuildVerb.main of <colcon_core.verb.build.BuildVerb object at 0x7f8ace244220>>)
[0.352s] Level 1:colcon.colcon_core.package_discovery:discover_packages(colcon_meta) check parameters
[0.352s] Level 1:colcon.colcon_core.package_discovery:discover_packages(recursive) check parameters
[0.352s] Level 1:colcon.colcon_core.package_discovery:discover_packages(ignore) check parameters
[0.352s] Level 1:colcon.colcon_core.package_discovery:discover_packages(path) check parameters
[0.352s] Level 1:colcon.colcon_core.package_discovery:discover_packages(colcon_meta) discover
[0.352s] Level 1:colcon.colcon_core.package_discovery:discover_packages(recursive) discover
[0.352s] INFO:colcon.colcon_core.package_discovery:Crawling recursively for packages in '/home/kalzemic/Projects/ArmVision/ros/src'
[0.352s] Level 1:colcon.colcon_core.package_identification:_identify(.) by extensions ['ignore', 'ignore_ament_install']
[0.352s] Level 1:colcon.colcon_core.package_identification:_identify(.) by extension 'ignore'
[0.352s] Level 1:colcon.colcon_core.package_identification:_identify(.) by extension 'ignore_ament_install'
[0.353s] Level 1:colcon.colcon_core.package_identification:_identify(.) by extensions ['colcon_pkg']
[0.353s] Level 1:colcon.colcon_core.package_identification:_identify(.) by extension 'colcon_pkg'
[0.353s] Level 1:colcon.colcon_core.package_identification:_identify(.) by extensions ['colcon_meta']
[0.353s] Level 1:colcon.colcon_core.package_identification:_identify(.) by extension 'colcon_meta'
[0.353s] Level 1:colcon.colcon_core.package_identification:_identify(.) by extensions ['ros']
[0.353s] Level 1:colcon.colcon_core.package_identification:_identify(.) by extension 'ros'
[0.366s] Level 1:colcon.colcon_core.package_identification:_identify(.) by extensions ['cmake', 'python']
[0.366s] Level 1:colcon.colcon_core.package_identification:_identify(.) by extension 'cmake'
[0.366s] Level 1:colcon.colcon_core.package_identification:_identify(.) by extension 'python'
[0.366s] Level 1:colcon.colcon_core.package_identification:_identify(.) by extensions ['python_setup_py']
[0.366s] Level 1:colcon.colcon_core.package_identification:_identify(.) by extension 'python_setup_py'
[0.367s] Level 1:colcon.colcon_core.package_identification:_identify(build) by extensions ['ignore', 'ignore_ament_install']
[0.367s] Level 1:colcon.colcon_core.package_identification:_identify(build) by extension 'ignore'
[0.367s] Level 1:colcon.colcon_core.package_identification:_identify(build) ignored
[0.367s] Level 1:colcon.colcon_core.package_identification:_identify(install) by extensions ['ignore', 'ignore_ament_install']
[0.367s] Level 1:colcon.colcon_core.package_identification:_identify(install) by extension 'ignore'
[0.367s] Level 1:colcon.colcon_core.package_identification:_identify(install) ignored
[0.367s] Level 1:colcon.colcon_core.package_identification:_identify(kinematics) by extensions ['ignore', 'ignore_ament_install']
[0.367s] Level 1:colcon.colcon_core.package_identification:_identify(kinematics) by extension 'ignore'
[0.367s] Level 1:colcon.colcon_core.package_identification:_identify(kinematics) by extension 'ignore_ament_install'
[0.367s] Level 1:colcon.colcon_core.package_identification:_identify(kinematics) by extensions ['colcon_pkg']
[0.367s] Level 1:colcon.colcon_core.package_identification:_identify(kinematics) by extension 'colcon_pkg'
[0.367s] Level 1:colcon.colcon_core.package_identification:_identify(kinematics) by extensions ['colcon_meta']
[0.367s] Level 1:colcon.colcon_core.package_identification:_identify(kinematics) by extension 'colcon_meta'
[0.367s] Level 1:colcon.colcon_core.package_identification:_identify(kinematics) by extensions ['ros']
[0.367s] Level 1:colcon.colcon_core.package_identification:_identify(kinematics) by extension 'ros'
[0.370s] DEBUG:colcon.colcon_core.package_identification:Package 'kinematics' with type 'ros.ament_cmake' and name 'kinematics'
[0.371s] Level 1:colcon.colcon_core.package_identification:_identify(log) by extensions ['ignore', 'ignore_ament_install']
[0.371s] Level 1:colcon.colcon_core.package_identification:_identify(log) by extension 'ignore'
[0.371s] Level 1:colcon.colcon_core.package_identification:_identify(log) ignored
[0.371s] Level 1:colcon.colcon_core.package_identification:_identify(trajectory) by extensions ['ignore', 'ignore_ament_install']
[0.371s] Level 1:colcon.colcon_core.package_identification:_identify(trajectory) by extension 'ignore'
[0.371s] Level 1:colcon.colcon_core.package_identification:_identify(trajectory) by extension 'ignore_ament_install'
[0.371s] Level 1:colcon.colcon_core.package_identification:_identify(trajectory) by extensions ['colcon_pkg']
[0.371s] Level 1:colcon.colcon_core.package_identification:_identify(trajectory) by extension 'colcon_pkg'
[0.371s] Level 1:colcon.colcon_core.package_identification:_identify(trajectory) by extensions ['colcon_meta']
[0.371s] Level 1:colcon.colcon_core.package_identification:_identify(trajectory) by extension 'colcon_meta'
[0.371s] Level 1:colcon.colcon_core.package_identification:_identify(trajectory) by extensions ['ros']
[0.371s] Level 1:colcon.colcon_core.package_identification:_identify(trajectory) by extension 'ros'
[0.372s] DEBUG:colcon.colcon_core.package_identification:Package 'trajectory' with type 'ros.ament_cmake' and name 'trajectory'
[0.372s] Level 1:colcon.colcon_core.package_discovery:discover_packages(recursive) using defaults
[0.372s] Level 1:colcon.colcon_core.package_discovery:discover_packages(ignore) discover
[0.372s] Level 1:colcon.colcon_core.package_discovery:discover_packages(ignore) using defaults
[0.372s] Level 1:colcon.colcon_core.package_discovery:discover_packages(path) discover
[0.372s] Level 1:colcon.colcon_core.package_discovery:discover_packages(path) using defaults
[0.394s] Level 1:colcon.colcon_core.package_discovery:discover_packages(prefix_path) check parameters
[0.394s] Level 1:colcon.colcon_core.package_discovery:discover_packages(prefix_path) discover
[0.396s] DEBUG:colcon.colcon_installed_package_information.package_discovery:Found 1 installed packages in /home/kalzemic/Projects/ArmVision/ros/install
[0.397s] DEBUG:colcon.colcon_installed_package_information.package_discovery:Found 399 installed packages in /opt/ros/humble
[0.410s] Level 1:colcon.colcon_core.package_discovery:discover_packages(prefix_path) using defaults
[0.458s] Level 5:colcon.colcon_core.verb:set package 'kinematics' build argument 'cmake_args' from command line to '['-DPYTHON_EXECUTABLE=/usr/bin/python3']'
[0.458s] Level 5:colcon.colcon_core.verb:set package 'kinematics' build argument 'cmake_target' from command line to 'None'
[0.458s] Level 5:colcon.colcon_core.verb:set package 'kinematics' build argument 'cmake_target_skip_unavailable' from command line to 'False'
[0.458s] Level 5:colcon.colcon_core.verb:set package 'kinematics' build argument 'cmake_clean_cache' from command line to 'False'
[0.458s] Level 5:colcon.colcon_core.verb:set package 'kinematics' build argument 'cmake_clean_first' from command line to 'False'
[0.458s] Level 5:colcon.colcon_core.verb:set package 'kinematics' build argument 'cmake_force_configure' from command line to 'False'
[0.458s] Level 5:colcon.colcon_core.verb:set package 'kinematics' build argument 'ament_cmake_args' from command line to 'None'
[0.458s] Level 5:colcon.colcon_core.verb:set package 'kinematics' build argument 'catkin_cmake_args' from command line to 'None'
[0.458s] Level 5:colcon.colcon_core.verb:set package 'kinematics' build argument 'catkin_skip_building_tests' from command line to 'False'
[0.458s] DEBUG:colcon.colcon_core.verb:Building package 'kinematics' with the following arguments: {'ament_cmake_args': None, 'build_base': '/home/kalzemic/Projects/ArmVision/ros/src/build/kinematics', 'catkin_cmake_args': None, 'catkin_skip_building_tests': False, 'cmake_args': ['-DPYTHON_EXECUTABLE=/usr/bin/python3'], 'cmake_clean_cache': False, 'cmake_clean_first': False, 'cmake_force_configure': False, 'cmake_target': None, 'cmake_target_skip_unavailable': False, 'install_base': '/home/kalzemic/Projects/ArmVision/ros/src/install/kinematics', 'merge_install': False, 'path': '/home/kalzemic/Projects/ArmVision/ros/src/kinematics', 'symlink_install': False, 'test_result_base': None}
[0.459s] Level 5:colcon.colcon_core.verb:set package 'trajectory' build argument 'cmake_args' from command line to '['-DPYTHON_EXECUTABLE=/usr/bin/python3']'
[0.459s] Level 5:colcon.colcon_core.verb:set package 'trajectory' build argument 'cmake_target' from command line to 'None'
[0.459s] Level 5:colcon.colcon_core.verb:set package 'trajectory' build argument 'cmake_target_skip_unavailable' from command line to 'False'
[0.459s] Level 5:colcon.colcon_core.verb:set package 'trajectory' build argument 'cmake_clean_cache' from command line to 'False'
[0.459s] Level 5:colcon.colcon_core.verb:set package 'trajectory' build argument 'cmake_clean_first' from command line to 'False'
[0.459s] Level 5:colcon.colcon_core.verb:set package 'trajectory' build argument 'cmake_force_configure' from command line to 'False'
[0.459s] Level 5:colcon.colcon_core.verb:set package 'trajectory' build argument 'ament_cmake_args' from command line to 'None'
[0.459s] Level 5:colcon.colcon_core.verb:set package 'trajectory' build argument 'catkin_cmake_args' from command line to 'None'
[0.459s] Level 5:colcon.colcon_core.verb:set package 'trajectory' build argument 'catkin_skip_building_tests' from command line to 'False'
[0.459s] DEBUG:colcon.colcon_core.verb:Building package 'trajectory' with the following arguments: {'ament_cmake_args': None, 'build_base': '/home/kalzemic/Projects/ArmVision/ros/src/build/trajectory', 'catkin_cmake_args': None, 'catkin_skip_building_tests': False, 'cmake_args': ['-DPYTHON_EXECUTABLE=/usr/bin/python3'], 'cmake_clean_cache': False, 'cmake_clean_first': False, 'cmake_force_configure': False, 'cmake_target': None, 'cmake_target_skip_unavailable': False, 'install_base': '/home/kalzemic/Projects/ArmVision/ros/src/install/trajectory', 'merge_install': False, 'path': '/home/kalzemic/Projects/ArmVision/ros/src/trajectory', 'symlink_install': False, 'test_result_base': None}
[0.459s] INFO:colcon.colcon_core.executor:Executing jobs using 'parallel' executor
[0.461s] DEBUG:colcon.colcon_parallel_executor.executor.parallel:run_until_complete
[0.461s] INFO:colcon.colcon_ros.task.ament_cmake.build:Building ROS package in '/home/kalzemic/Projects/ArmVision/ros/src/kinematics' with build type 'ament_cmake'
[0.461s] INFO:colcon.colcon_cmake.task.cmake.build:Building CMake package in '/home/kalzemic/Projects/ArmVision/ros/src/kinematics'
[0.463s] INFO:colcon.colcon_core.plugin_system:Skipping extension 'colcon_core.shell.bat': Not used on non-Windows systems
[0.463s] INFO:colcon.colcon_core.shell:Skip shell extension 'powershell' for command environment: Not usable outside of PowerShell
[0.463s] DEBUG:colcon.colcon_core.shell:Skip shell extension 'dsv' for command environment
[0.467s] INFO:colcon.colcon_ros.task.ament_cmake.build:Building ROS package in '/home/kalzemic/Projects/ArmVision/ros/src/trajectory' with build type 'ament_cmake'
[0.467s] INFO:colcon.colcon_cmake.task.cmake.build:Building CMake package in '/home/kalzemic/Projects/ArmVision/ros/src/trajectory'
[0.468s] INFO:colcon.colcon_core.shell:Skip shell extension 'powershell' for command environment: Not usable outside of PowerShell
[0.468s] DEBUG:colcon.colcon_core.shell:Skip shell extension 'dsv' for command environment
[0.476s] DEBUG:colcon.colcon_core.event_handler.log_command:Invoking command in '/home/kalzemic/Projects/ArmVision/ros/src/build/kinematics': CMAKE_PREFIX_PATH=${CMAKE_PREFIX_PATH}:/opt/ros/humble DEBUGINFOD_URLS=https://debuginfod.archlinux.org /usr/bin/cmake /home/kalzemic/Projects/ArmVision/ros/src/kinematics -DPYTHON_EXECUTABLE=/usr/bin/python3 -DCMAKE_INSTALL_PREFIX=/home/kalzemic/Projects/ArmVision/ros/src/install/kinematics
[0.483s] DEBUG:colcon.colcon_core.event_handler.log_command:Invoking command in '/home/kalzemic/Projects/ArmVision/ros/src/build/trajectory': CMAKE_PREFIX_PATH=${CMAKE_PREFIX_PATH}:/opt/ros/humble DEBUGINFOD_URLS=https://debuginfod.archlinux.org /usr/bin/cmake --build /home/kalzemic/Projects/ArmVision/ros/src/build/trajectory -- -j8 -l8
[0.523s] DEBUG:colcon.colcon_core.event_handler.log_command:Invoked command in '/home/kalzemic/Projects/ArmVision/ros/src/build/trajectory' returned '0': CMAKE_PREFIX_PATH=${CMAKE_PREFIX_PATH}:/opt/ros/humble DEBUGINFOD_URLS=https://debuginfod.archlinux.org /usr/bin/cmake --build /home/kalzemic/Projects/ArmVision/ros/src/build/trajectory -- -j8 -l8
[0.534s] DEBUG:colcon.colcon_core.event_handler.log_command:Invoking command in '/home/kalzemic/Projects/ArmVision/ros/src/build/trajectory': CMAKE_PREFIX_PATH=${CMAKE_PREFIX_PATH}:/opt/ros/humble DEBUGINFOD_URLS=https://debuginfod.archlinux.org /usr/bin/cmake --install /home/kalzemic/Projects/ArmVision/ros/src/build/trajectory
[0.543s] Level 1:colcon.colcon_core.environment:create_environment_scripts_only(trajectory)
[0.543s] DEBUG:colcon.colcon_core.event_handler.log_command:Invoked command in '/home/kalzemic/Projects/ArmVision/ros/src/build/trajectory' returned '0': CMAKE_PREFIX_PATH=${CMAKE_PREFIX_PATH}:/opt/ros/humble DEBUGINFOD_URLS=https://debuginfod.archlinux.org /usr/bin/cmake --install /home/kalzemic/Projects/ArmVision/ros/src/build/trajectory
[0.546s] Level 1:colcon.colcon_core.environment:checking '/home/kalzemic/Projects/ArmVision/ros/src/install/trajectory' for CMake module files
[0.547s] Level 1:colcon.colcon_core.environment:checking '/home/kalzemic/Projects/ArmVision/ros/src/install/trajectory' for CMake config files
[0.547s] Level 1:colcon.colcon_core.shell:create_environment_hook('trajectory', 'cmake_prefix_path')
[0.547s] INFO:colcon.colcon_core.shell:Creating environment hook '/home/kalzemic/Projects/ArmVision/ros/src/install/trajectory/share/trajectory/hook/cmake_prefix_path.ps1'
[0.548s] INFO:colcon.colcon_core.shell:Creating environment descriptor '/home/kalzemic/Projects/ArmVision/ros/src/install/trajectory/share/trajectory/hook/cmake_prefix_path.dsv'
[0.549s] INFO:colcon.colcon_core.shell:Creating environment hook '/home/kalzemic/Projects/ArmVision/ros/src/install/trajectory/share/trajectory/hook/cmake_prefix_path.sh'
[0.550s] Level 1:colcon.colcon_core.environment:checking '/home/kalzemic/Projects/ArmVision/ros/src/install/trajectory/bin'
[0.550s] Level 1:colcon.colcon_core.environment:checking '/home/kalzemic/Projects/ArmVision/ros/src/install/trajectory/lib/pkgconfig/trajectory.pc'
[0.550s] Level 1:colcon.colcon_core.environment:checking '/home/kalzemic/Projects/ArmVision/ros/src/install/trajectory/lib/python3.10/site-packages'
[0.551s] Level 1:colcon.colcon_core.environment:checking '/home/kalzemic/Projects/ArmVision/ros/src/install/trajectory/bin'
[0.551s] INFO:colcon.colcon_core.shell:Creating package script '/home/kalzemic/Projects/ArmVision/ros/src/install/trajectory/share/trajectory/package.ps1'
[0.553s] INFO:colcon.colcon_core.shell:Creating package descriptor '/home/kalzemic/Projects/ArmVision/ros/src/install/trajectory/share/trajectory/package.dsv'
[0.553s] INFO:colcon.colcon_core.shell:Creating package script '/home/kalzemic/Projects/ArmVision/ros/src/install/trajectory/share/trajectory/package.sh'
[0.555s] INFO:colcon.colcon_core.shell:Creating package script '/home/kalzemic/Projects/ArmVision/ros/src/install/trajectory/share/trajectory/package.bash'
[0.555s] INFO:colcon.colcon_core.shell:Creating package script '/home/kalzemic/Projects/ArmVision/ros/src/install/trajectory/share/trajectory/package.zsh'
[0.556s] Level 1:colcon.colcon_core.environment:create_file_with_runtime_dependencies(/home/kalzemic/Projects/ArmVision/ros/src/install/trajectory/share/colcon-core/packages/trajectory)
[0.557s] Level 1:colcon.colcon_core.environment:create_environment_scripts_only(trajectory)
[0.557s] Level 1:colcon.colcon_core.environment:checking '/home/kalzemic/Projects/ArmVision/ros/src/install/trajectory' for CMake module files
[0.558s] Level 1:colcon.colcon_core.environment:checking '/home/kalzemic/Projects/ArmVision/ros/src/install/trajectory' for CMake config files
[0.558s] Level 1:colcon.colcon_core.shell:create_environment_hook('trajectory', 'cmake_prefix_path')
[0.558s] INFO:colcon.colcon_core.shell:Creating environment hook '/home/kalzemic/Projects/ArmVision/ros/src/install/trajectory/share/trajectory/hook/cmake_prefix_path.ps1'
[0.559s] INFO:colcon.colcon_core.shell:Creating environment descriptor '/home/kalzemic/Projects/ArmVision/ros/src/install/trajectory/share/trajectory/hook/cmake_prefix_path.dsv'
[0.559s] INFO:colcon.colcon_core.shell:Creating environment hook '/home/kalzemic/Projects/ArmVision/ros/src/install/trajectory/share/trajectory/hook/cmake_prefix_path.sh'
[0.560s] Level 1:colcon.colcon_core.environment:checking '/home/kalzemic/Projects/ArmVision/ros/src/install/trajectory/bin'
[0.560s] Level 1:colcon.colcon_core.environment:checking '/home/kalzemic/Projects/ArmVision/ros/src/install/trajectory/lib/pkgconfig/trajectory.pc'
[0.560s] Level 1:colcon.colcon_core.environment:checking '/home/kalzemic/Projects/ArmVision/ros/src/install/trajectory/lib/python3.10/site-packages'
[0.561s] Level 1:colcon.colcon_core.environment:checking '/home/kalzemic/Projects/ArmVision/ros/src/install/trajectory/bin'
[0.561s] INFO:colcon.colcon_core.shell:Creating package script '/home/kalzemic/Projects/ArmVision/ros/src/install/trajectory/share/trajectory/package.ps1'
[0.562s] INFO:colcon.colcon_core.shell:Creating package descriptor '/home/kalzemic/Projects/ArmVision/ros/src/install/trajectory/share/trajectory/package.dsv'
[0.563s] INFO:colcon.colcon_core.shell:Creating package script '/home/kalzemic/Projects/ArmVision/ros/src/install/trajectory/share/trajectory/package.sh'
[0.563s] INFO:colcon.colcon_core.shell:Creating package script '/home/kalzemic/Projects/ArmVision/ros/src/install/trajectory/share/trajectory/package.bash'
[0.564s] INFO:colcon.colcon_core.shell:Creating package script '/home/kalzemic/Projects/ArmVision/ros/src/install/trajectory/share/trajectory/package.zsh'
[0.564s] Level 1:colcon.colcon_core.environment:create_file_with_runtime_dependencies(/home/kalzemic/Projects/ArmVision/ros/src/install/trajectory/share/colcon-core/packages/trajectory)
[3.631s] DEBUG:colcon.colcon_core.event_handler.log_command:Invoked command in '/home/kalzemic/Projects/ArmVision/ros/src/build/kinematics' returned '0': CMAKE_PREFIX_PATH=${CMAKE_PREFIX_PATH}:/opt/ros/humble DEBUGINFOD_URLS=https://debuginfod.archlinux.org /usr/bin/cmake /home/kalzemic/Projects/ArmVision/ros/src/kinematics -DPYTHON_EXECUTABLE=/usr/bin/python3 -DCMAKE_INSTALL_PREFIX=/home/kalzemic/Projects/ArmVision/ros/src/install/kinematics
[3.632s] DEBUG:colcon.colcon_core.event_handler.log_command:Invoking command in '/home/kalzemic/Projects/ArmVision/ros/src/build/kinematics': CMAKE_PREFIX_PATH=${CMAKE_PREFIX_PATH}:/opt/ros/humble DEBUGINFOD_URLS=https://debuginfod.archlinux.org /usr/bin/cmake --build /home/kalzemic/Projects/ArmVision/ros/src/build/kinematics -- -j8 -l8
[51.786s] DEBUG:colcon.colcon_core.event_handler.log_command:Invoked command in '/home/kalzemic/Projects/ArmVision/ros/src/build/kinematics' returned '0': CMAKE_PREFIX_PATH=${CMAKE_PREFIX_PATH}:/opt/ros/humble DEBUGINFOD_URLS=https://debuginfod.archlinux.org /usr/bin/cmake --build /home/kalzemic/Projects/ArmVision/ros/src/build/kinematics -- -j8 -l8
[51.787s] DEBUG:colcon.colcon_core.event_handler.log_command:Invoking command in '/home/kalzemic/Projects/ArmVision/ros/src/build/kinematics': CMAKE_PREFIX_PATH=${CMAKE_PREFIX_PATH}:/opt/ros/humble DEBUGINFOD_URLS=https://debuginfod.archlinux.org /usr/bin/cmake --install /home/kalzemic/Projects/ArmVision/ros/src/build/kinematics
[51.880s] Level 1:colcon.colcon_core.environment:create_environment_scripts_only(kinematics)
[51.881s] Level 1:colcon.colcon_core.environment:checking '/home/kalzemic/Projects/ArmVision/ros/src/install/kinematics' for CMake module files
[51.881s] DEBUG:colcon.colcon_core.event_handler.log_command:Invoked command in '/home/kalzemic/Projects/ArmVision/ros/src/build/kinematics' returned '0': CMAKE_PREFIX_PATH=${CMAKE_PREFIX_PATH}:/opt/ros/humble DEBUGINFOD_URLS=https://debuginfod.archlinux.org /usr/bin/cmake --install /home/kalzemic/Projects/ArmVision/ros/src/build/kinematics
[51.882s] Level 1:colcon.colcon_core.environment:checking '/home/kalzemic/Projects/ArmVision/ros/src/install/kinematics' for CMake config files
[51.882s] Level 1:colcon.colcon_core.shell:create_environment_hook('kinematics', 'cmake_prefix_path')
[51.882s] INFO:colcon.colcon_core.shell:Creating environment hook '/home/kalzemic/Projects/ArmVision/ros/src/install/kinematics/share/kinematics/hook/cmake_prefix_path.ps1'
[51.883s] INFO:colcon.colcon_core.shell:Creating environment descriptor '/home/kalzemic/Projects/ArmVision/ros/src/install/kinematics/share/kinematics/hook/cmake_prefix_path.dsv'
[51.883s] INFO:colcon.colcon_core.shell:Creating environment hook '/home/kalzemic/Projects/ArmVision/ros/src/install/kinematics/share/kinematics/hook/cmake_prefix_path.sh'
[51.884s] Level 1:colcon.colcon_core.environment:checking '/home/kalzemic/Projects/ArmVision/ros/src/install/kinematics/lib'
[51.884s] Level 1:colcon.colcon_core.shell:create_environment_hook('kinematics', 'ld_library_path_lib')
[51.884s] INFO:colcon.colcon_core.shell:Creating environment hook '/home/kalzemic/Projects/ArmVision/ros/src/install/kinematics/share/kinematics/hook/ld_library_path_lib.ps1'
[51.884s] INFO:colcon.colcon_core.shell:Creating environment descriptor '/home/kalzemic/Projects/ArmVision/ros/src/install/kinematics/share/kinematics/hook/ld_library_path_lib.dsv'
[51.885s] INFO:colcon.colcon_core.shell:Creating environment hook '/home/kalzemic/Projects/ArmVision/ros/src/install/kinematics/share/kinematics/hook/ld_library_path_lib.sh'
[51.885s] Level 1:colcon.colcon_core.environment:checking '/home/kalzemic/Projects/ArmVision/ros/src/install/kinematics/bin'
[51.885s] Level 1:colcon.colcon_core.environment:checking '/home/kalzemic/Projects/ArmVision/ros/src/install/kinematics/lib/pkgconfig/kinematics.pc'
[51.885s] Level 1:colcon.colcon_core.environment:checking '/home/kalzemic/Projects/ArmVision/ros/src/install/kinematics/lib/python3.10/site-packages'
[51.886s] Level 1:colcon.colcon_core.environment:checking '/home/kalzemic/Projects/ArmVision/ros/src/install/kinematics/bin'
[51.886s] INFO:colcon.colcon_core.shell:Creating package script '/home/kalzemic/Projects/ArmVision/ros/src/install/kinematics/share/kinematics/package.ps1'
[51.887s] INFO:colcon.colcon_core.shell:Creating package descriptor '/home/kalzemic/Projects/ArmVision/ros/src/install/kinematics/share/kinematics/package.dsv'
[51.887s] INFO:colcon.colcon_core.shell:Creating package script '/home/kalzemic/Projects/ArmVision/ros/src/install/kinematics/share/kinematics/package.sh'
[51.887s] INFO:colcon.colcon_core.shell:Creating package script '/home/kalzemic/Projects/ArmVision/ros/src/install/kinematics/share/kinematics/package.bash'
[51.888s] INFO:colcon.colcon_core.shell:Creating package script '/home/kalzemic/Projects/ArmVision/ros/src/install/kinematics/share/kinematics/package.zsh'
[51.888s] Level 1:colcon.colcon_core.environment:create_file_with_runtime_dependencies(/home/kalzemic/Projects/ArmVision/ros/src/install/kinematics/share/colcon-core/packages/kinematics)
[51.888s] Level 1:colcon.colcon_core.environment:create_environment_scripts_only(kinematics)
[51.889s] Level 1:colcon.colcon_core.environment:checking '/home/kalzemic/Projects/ArmVision/ros/src/install/kinematics' for CMake module files
[51.889s] Level 1:colcon.colcon_core.environment:checking '/home/kalzemic/Projects/ArmVision/ros/src/install/kinematics' for CMake config files
[51.889s] Level 1:colcon.colcon_core.shell:create_environment_hook('kinematics', 'cmake_prefix_path')
[51.890s] INFO:colcon.colcon_core.shell:Creating environment hook '/home/kalzemic/Projects/ArmVision/ros/src/install/kinematics/share/kinematics/hook/cmake_prefix_path.ps1'
[51.890s] INFO:colcon.colcon_core.shell:Creating environment descriptor '/home/kalzemic/Projects/ArmVision/ros/src/install/kinematics/share/kinematics/hook/cmake_prefix_path.dsv'
[51.890s] INFO:colcon.colcon_core.shell:Creating environment hook '/home/kalzemic/Projects/ArmVision/ros/src/install/kinematics/share/kinematics/hook/cmake_prefix_path.sh'
[51.891s] Level 1:colcon.colcon_core.environment:checking '/home/kalzemic/Projects/ArmVision/ros/src/install/kinematics/lib'
[51.891s] Level 1:colcon.colcon_core.shell:create_environment_hook('kinematics', 'ld_library_path_lib')
[51.891s] INFO:colcon.colcon_core.shell:Creating environment hook '/home/kalzemic/Projects/ArmVision/ros/src/install/kinematics/share/kinematics/hook/ld_library_path_lib.ps1'
[51.891s] INFO:colcon.colcon_core.shell:Creating environment descriptor '/home/kalzemic/Projects/ArmVision/ros/src/install/kinematics/share/kinematics/hook/ld_library_path_lib.dsv'
[51.891s] INFO:colcon.colcon_core.shell:Creating environment hook '/home/kalzemic/Projects/ArmVision/ros/src/install/kinematics/share/kinematics/hook/ld_library_path_lib.sh'
[51.892s] Level 1:colcon.colcon_core.environment:checking '/home/kalzemic/Projects/ArmVision/ros/src/install/kinematics/bin'
[51.892s] Level 1:colcon.colcon_core.environment:checking '/home/kalzemic/Projects/ArmVision/ros/src/install/kinematics/lib/pkgconfig/kinematics.pc'
[51.892s] Level 1:colcon.colcon_core.environment:checking '/home/kalzemic/Projects/ArmVision/ros/src/install/kinematics/lib/python3.10/site-packages'
[51.892s] Level 1:colcon.colcon_core.environment:checking '/home/kalzemic/Projects/ArmVision/ros/src/install/kinematics/bin'
[51.893s] INFO:colcon.colcon_core.shell:Creating package script '/home/kalzemic/Projects/ArmVision/ros/src/install/kinematics/share/kinematics/package.ps1'
[51.893s] INFO:colcon.colcon_core.shell:Creating package descriptor '/home/kalzemic/Projects/ArmVision/ros/src/install/kinematics/share/kinematics/package.dsv'
[51.894s] INFO:colcon.colcon_core.shell:Creating package script '/home/kalzemic/Projects/ArmVision/ros/src/install/kinematics/share/kinematics/package.sh'
[51.895s] INFO:colcon.colcon_core.shell:Creating package script '/home/kalzemic/Projects/ArmVision/ros/src/install/kinematics/share/kinematics/package.bash'
[51.895s] INFO:colcon.colcon_core.shell:Creating package script '/home/kalzemic/Projects/ArmVision/ros/src/install/kinematics/share/kinematics/package.zsh'
[51.896s] Level 1:colcon.colcon_core.environment:create_file_with_runtime_dependencies(/home/kalzemic/Projects/ArmVision/ros/src/install/kinematics/share/colcon-core/packages/kinematics)
[51.896s] DEBUG:colcon.colcon_parallel_executor.executor.parallel:closing loop
[51.896s] DEBUG:colcon.colcon_parallel_executor.executor.parallel:loop closed
[51.896s] DEBUG:colcon.colcon_parallel_executor.executor.parallel:run_until_complete finished with '0'
[51.896s] DEBUG:colcon.colcon_core.event_reactor:joining thread
[51.902s] INFO:colcon.colcon_core.plugin_system:Skipping extension 'colcon_notification.desktop_notification.notify_send': Could not find 'notify-send'
[51.902s] INFO:colcon.colcon_core.plugin_system:Skipping extension 'colcon_notification.desktop_notification.terminal_notifier': Not used on non-Darwin systems
[51.902s] INFO:colcon.colcon_core.plugin_system:Skipping extension 'colcon_notification.desktop_notification.win32': Not used on non-Windows systems
[51.902s] INFO:colcon.colcon_notification.desktop_notification:Sending desktop notification using 'notify2'
[51.924s] DEBUG:colcon.colcon_core.event_reactor:joined thread
[51.924s] INFO:colcon.colcon_core.shell:Creating prefix script '/home/kalzemic/Projects/ArmVision/ros/src/install/local_setup.ps1'
[51.926s] INFO:colcon.colcon_core.shell:Creating prefix util module '/home/kalzemic/Projects/ArmVision/ros/src/install/_local_setup_util_ps1.py'
[51.927s] INFO:colcon.colcon_core.shell:Creating prefix chain script '/home/kalzemic/Projects/ArmVision/ros/src/install/setup.ps1'
[51.928s] INFO:colcon.colcon_core.shell:Creating prefix script '/home/kalzemic/Projects/ArmVision/ros/src/install/local_setup.sh'
[51.929s] INFO:colcon.colcon_core.shell:Creating prefix util module '/home/kalzemic/Projects/ArmVision/ros/src/install/_local_setup_util_sh.py'
[51.930s] INFO:colcon.colcon_core.shell:Creating prefix chain script '/home/kalzemic/Projects/ArmVision/ros/src/install/setup.sh'
[51.931s] INFO:colcon.colcon_core.shell:Creating prefix script '/home/kalzemic/Projects/ArmVision/ros/src/install/local_setup.bash'
[51.932s] INFO:colcon.colcon_core.shell:Creating prefix chain script '/home/kalzemic/Projects/ArmVision/ros/src/install/setup.bash'
[51.933s] INFO:colcon.colcon_core.shell:Creating prefix script '/home/kalzemic/Projects/ArmVision/ros/src/install/local_setup.zsh'
[51.934s] INFO:colcon.colcon_core.shell:Creating prefix chain script '/home/kalzemic/Projects/ArmVision/ros/src/install/setup.zsh'
