[0.015s] Invoking command in '/home/kalzemic/Projects/ArmVision/ros/src/build/trajectory': CMAKE_PREFIX_PATH=${CMAKE_PREFIX_PATH}:/opt/ros/humble DEBUGINFOD_URLS=https://debuginfod.archlinux.org /usr/bin/cmake --build /home/kalzemic/Projects/ArmVision/ros/src/build/trajectory -- -j8 -l8
[0.055s] Invoked command in '/home/kalzemic/Projects/ArmVision/ros/src/build/trajectory' returned '0': CMAKE_PREFIX_PATH=${CMAKE_PREFIX_PATH}:/opt/ros/humble DEBUGINFOD_URLS=https://debuginfod.archlinux.org /usr/bin/cmake --build /home/kalzemic/Projects/ArmVision/ros/src/build/trajectory -- -j8 -l8
[0.066s] Invoking command in '/home/kalzemic/Projects/ArmVision/ros/src/build/trajectory': CMAKE_PREFIX_PATH=${CMAKE_PREFIX_PATH}:/opt/ros/humble DEBUGINFOD_URLS=https://debuginfod.archlinux.org /usr/bin/cmake --install /home/kalzemic/Projects/ArmVision/ros/src/build/trajectory
[0.073s] -- Install configuration: ""
[0.073s] -- Up-to-date: /home/kalzemic/Projects/ArmVision/ros/src/install/trajectory/share/ament_index/resource_index/package_run_dependencies/trajectory
[0.073s] -- Up-to-date: /home/kalzemic/Projects/ArmVision/ros/src/install/trajectory/share/ament_index/resource_index/parent_prefix_path/trajectory
[0.073s] -- Up-to-date: /home/kalzemic/Projects/ArmVision/ros/src/install/trajectory/share/trajectory/environment/ament_prefix_path.sh
[0.073s] -- Up-to-date: /home/kalzemic/Projects/ArmVision/ros/src/install/trajectory/share/trajectory/environment/ament_prefix_path.dsv
[0.073s] -- Up-to-date: /home/kalzemic/Projects/ArmVision/ros/src/install/trajectory/share/trajectory/environment/path.sh
[0.073s] -- Up-to-date: /home/kalzemic/Projects/ArmVision/ros/src/install/trajectory/share/trajectory/environment/path.dsv
[0.073s] -- Up-to-date: /home/kalzemic/Projects/ArmVision/ros/src/install/trajectory/share/trajectory/local_setup.bash
[0.074s] -- Up-to-date: /home/kalzemic/Projects/ArmVision/ros/src/install/trajectory/share/trajectory/local_setup.sh
[0.074s] -- Up-to-date: /home/kalzemic/Projects/ArmVision/ros/src/install/trajectory/share/trajectory/local_setup.zsh
[0.074s] -- Up-to-date: /home/kalzemic/Projects/ArmVision/ros/src/install/trajectory/share/trajectory/local_setup.dsv
[0.074s] -- Installing: /home/kalzemic/Projects/ArmVision/ros/src/install/trajectory/share/trajectory/package.dsv
[0.074s] -- Up-to-date: /home/kalzemic/Projects/ArmVision/ros/src/install/trajectory/share/ament_index/resource_index/packages/trajectory
[0.074s] -- Up-to-date: /home/kalzemic/Projects/ArmVision/ros/src/install/trajectory/share/trajectory/cmake/trajectoryConfig.cmake
[0.074s] -- Up-to-date: /home/kalzemic/Projects/ArmVision/ros/src/install/trajectory/share/trajectory/cmake/trajectoryConfig-version.cmake
[0.074s] -- Up-to-date: /home/kalzemic/Projects/ArmVision/ros/src/install/trajectory/share/trajectory/package.xml
[0.076s] Invoked command in '/home/kalzemic/Projects/ArmVision/ros/src/build/trajectory' returned '0': CMAKE_PREFIX_PATH=${CMAKE_PREFIX_PATH}:/opt/ros/humble DEBUGINFOD_URLS=https://debuginfod.archlinux.org /usr/bin/cmake --install /home/kalzemic/Projects/ArmVision/ros/src/build/trajectory
