[0.122s] DEBUG:colcon:Command line arguments: ['/usr/bin/colcon', 'build', '--packages-select', 'robo_controller', '--cmake-args', '-DPYTHON_EXECUTABLE=/usr/bin/python3']
[0.123s] DEBUG:colcon:Parsed command line arguments: Namespace(log_base=None, log_level=None, verb_name='build', build_base='build', install_base='install', merge_install=False, symlink_install=False, test_result_base=None, continue_on_error=False, executor='parallel', parallel_workers=8, event_handlers=None, ignore_user_meta=False, metas=['./colcon.meta'], base_paths=['.'], packages_ignore=None, packages_ignore_regex=None, paths=None, packages_up_to=None, packages_up_to_regex=None, packages_above=None, packages_above_and_dependencies=None, packages_above_depth=None, packages_select_by_dep=None, packages_skip_by_dep=None, packages_skip_up_to=None, packages_select_build_failed=False, packages_skip_build_finished=False, packages_select_test_failures=False, packages_skip_test_passed=False, packages_select=['robo_controller'], packages_skip=None, packages_select_regex=None, packages_skip_regex=None, packages_start=None, packages_end=None, allow_overriding=[], cmake_args=['-DPYTHON_EXECUTABLE=/usr/bin/python3'], cmake_target=None, cmake_target_skip_unavailable=False, cmake_clean_cache=False, cmake_clean_first=False, cmake_force_configure=False, ament_cmake_args=None, catkin_cmake_args=None, catkin_skip_building_tests=False, verb_parser=<colcon_defaults.argument_parser.defaults.DefaultArgumentsDecorator object at 0x7fde260f8b50>, verb_extension=<colcon_core.verb.build.BuildVerb object at 0x7fde260f8700>, main=<bound method BuildVerb.main of <colcon_core.verb.build.BuildVerb object at 0x7fde260f8700>>)
[0.316s] Level 1:colcon.colcon_core.package_discovery:discover_packages(colcon_meta) check parameters
[0.316s] Level 1:colcon.colcon_core.package_discovery:discover_packages(recursive) check parameters
[0.316s] Level 1:colcon.colcon_core.package_discovery:discover_packages(ignore) check parameters
[0.316s] Level 1:colcon.colcon_core.package_discovery:discover_packages(path) check parameters
[0.316s] Level 1:colcon.colcon_core.package_discovery:discover_packages(colcon_meta) discover
[0.316s] Level 1:colcon.colcon_core.package_discovery:discover_packages(recursive) discover
[0.316s] INFO:colcon.colcon_core.package_discovery:Crawling recursively for packages in '/home/kalzemic/Projects/ArmVision/ros/src'
[0.316s] Level 1:colcon.colcon_core.package_identification:_identify(.) by extensions ['ignore', 'ignore_ament_install']
[0.316s] Level 1:colcon.colcon_core.package_identification:_identify(.) by extension 'ignore'
[0.316s] Level 1:colcon.colcon_core.package_identification:_identify(.) by extension 'ignore_ament_install'
[0.317s] Level 1:colcon.colcon_core.package_identification:_identify(.) by extensions ['colcon_pkg']
[0.317s] Level 1:colcon.colcon_core.package_identification:_identify(.) by extension 'colcon_pkg'
[0.317s] Level 1:colcon.colcon_core.package_identification:_identify(.) by extensions ['colcon_meta']
[0.317s] Level 1:colcon.colcon_core.package_identification:_identify(.) by extension 'colcon_meta'
[0.317s] Level 1:colcon.colcon_core.package_identification:_identify(.) by extensions ['ros']
[0.317s] Level 1:colcon.colcon_core.package_identification:_identify(.) by extension 'ros'
[0.328s] Level 1:colcon.colcon_core.package_identification:_identify(.) by extensions ['cmake', 'python']
[0.328s] Level 1:colcon.colcon_core.package_identification:_identify(.) by extension 'cmake'
[0.328s] Level 1:colcon.colcon_core.package_identification:_identify(.) by extension 'python'
[0.328s] Level 1:colcon.colcon_core.package_identification:_identify(.) by extensions ['python_setup_py']
[0.328s] Level 1:colcon.colcon_core.package_identification:_identify(.) by extension 'python_setup_py'
[0.328s] Level 1:colcon.colcon_core.package_identification:_identify(build) by extensions ['ignore', 'ignore_ament_install']
[0.328s] Level 1:colcon.colcon_core.package_identification:_identify(build) by extension 'ignore'
[0.329s] Level 1:colcon.colcon_core.package_identification:_identify(build) ignored
[0.329s] Level 1:colcon.colcon_core.package_identification:_identify(install) by extensions ['ignore', 'ignore_ament_install']
[0.329s] Level 1:colcon.colcon_core.package_identification:_identify(install) by extension 'ignore'
[0.329s] Level 1:colcon.colcon_core.package_identification:_identify(install) ignored
[0.329s] Level 1:colcon.colcon_core.package_identification:_identify(kinematics) by extensions ['ignore', 'ignore_ament_install']
[0.329s] Level 1:colcon.colcon_core.package_identification:_identify(kinematics) by extension 'ignore'
[0.329s] Level 1:colcon.colcon_core.package_identification:_identify(kinematics) by extension 'ignore_ament_install'
[0.329s] Level 1:colcon.colcon_core.package_identification:_identify(kinematics) by extensions ['colcon_pkg']
[0.329s] Level 1:colcon.colcon_core.package_identification:_identify(kinematics) by extension 'colcon_pkg'
[0.329s] Level 1:colcon.colcon_core.package_identification:_identify(kinematics) by extensions ['colcon_meta']
[0.329s] Level 1:colcon.colcon_core.package_identification:_identify(kinematics) by extension 'colcon_meta'
[0.330s] Level 1:colcon.colcon_core.package_identification:_identify(kinematics) by extensions ['ros']
[0.330s] Level 1:colcon.colcon_core.package_identification:_identify(kinematics) by extension 'ros'
[0.333s] DEBUG:colcon.colcon_core.package_identification:Package 'kinematics' with type 'ros.ament_cmake' and name 'kinematics'
[0.333s] Level 1:colcon.colcon_core.package_identification:_identify(log) by extensions ['ignore', 'ignore_ament_install']
[0.334s] Level 1:colcon.colcon_core.package_identification:_identify(log) by extension 'ignore'
[0.334s] Level 1:colcon.colcon_core.package_identification:_identify(log) ignored
[0.334s] Level 1:colcon.colcon_core.package_identification:_identify(robo_controller) by extensions ['ignore', 'ignore_ament_install']
[0.334s] Level 1:colcon.colcon_core.package_identification:_identify(robo_controller) by extension 'ignore'
[0.334s] Level 1:colcon.colcon_core.package_identification:_identify(robo_controller) by extension 'ignore_ament_install'
[0.334s] Level 1:colcon.colcon_core.package_identification:_identify(robo_controller) by extensions ['colcon_pkg']
[0.334s] Level 1:colcon.colcon_core.package_identification:_identify(robo_controller) by extension 'colcon_pkg'
[0.334s] Level 1:colcon.colcon_core.package_identification:_identify(robo_controller) by extensions ['colcon_meta']
[0.334s] Level 1:colcon.colcon_core.package_identification:_identify(robo_controller) by extension 'colcon_meta'
[0.334s] Level 1:colcon.colcon_core.package_identification:_identify(robo_controller) by extensions ['ros']
[0.334s] Level 1:colcon.colcon_core.package_identification:_identify(robo_controller) by extension 'ros'
[0.335s] DEBUG:colcon.colcon_core.package_identification:Package 'robo_controller' with type 'ros.ament_cmake' and name 'robo_controller'
[0.336s] Level 1:colcon.colcon_core.package_identification:_identify(trajectory) by extensions ['ignore', 'ignore_ament_install']
[0.336s] Level 1:colcon.colcon_core.package_identification:_identify(trajectory) by extension 'ignore'
[0.336s] Level 1:colcon.colcon_core.package_identification:_identify(trajectory) by extension 'ignore_ament_install'
[0.336s] Level 1:colcon.colcon_core.package_identification:_identify(trajectory) by extensions ['colcon_pkg']
[0.336s] Level 1:colcon.colcon_core.package_identification:_identify(trajectory) by extension 'colcon_pkg'
[0.336s] Level 1:colcon.colcon_core.package_identification:_identify(trajectory) by extensions ['colcon_meta']
[0.336s] Level 1:colcon.colcon_core.package_identification:_identify(trajectory) by extension 'colcon_meta'
[0.336s] Level 1:colcon.colcon_core.package_identification:_identify(trajectory) by extensions ['ros']
[0.336s] Level 1:colcon.colcon_core.package_identification:_identify(trajectory) by extension 'ros'
[0.337s] DEBUG:colcon.colcon_core.package_identification:Package 'trajectory' with type 'ros.ament_cmake' and name 'trajectory'
[0.337s] Level 1:colcon.colcon_core.package_discovery:discover_packages(recursive) using defaults
[0.337s] Level 1:colcon.colcon_core.package_discovery:discover_packages(ignore) discover
[0.337s] Level 1:colcon.colcon_core.package_discovery:discover_packages(ignore) using defaults
[0.337s] Level 1:colcon.colcon_core.package_discovery:discover_packages(path) discover
[0.337s] Level 1:colcon.colcon_core.package_discovery:discover_packages(path) using defaults
[0.360s] INFO:colcon.colcon_core.package_selection:Skipping not selected package 'kinematics' in 'kinematics'
[0.361s] INFO:colcon.colcon_core.package_selection:Skipping not selected package 'trajectory' in 'trajectory'
[0.361s] Level 1:colcon.colcon_core.package_discovery:discover_packages(prefix_path) check parameters
[0.361s] Level 1:colcon.colcon_core.package_discovery:discover_packages(prefix_path) discover
[0.363s] DEBUG:colcon.colcon_installed_package_information.package_discovery:Found 2 installed packages in /home/kalzemic/Projects/ArmVision/ros/src/install
[0.364s] DEBUG:colcon.colcon_installed_package_information.package_discovery:Found 1 installed packages in /home/kalzemic/Projects/ArmVision/ros/install
[0.366s] DEBUG:colcon.colcon_installed_package_information.package_discovery:Found 399 installed packages in /opt/ros/humble
[0.383s] Level 1:colcon.colcon_core.package_discovery:discover_packages(prefix_path) using defaults
[0.436s] Level 5:colcon.colcon_core.verb:set package 'robo_controller' build argument 'cmake_args' from command line to '['-DPYTHON_EXECUTABLE=/usr/bin/python3']'
[0.436s] Level 5:colcon.colcon_core.verb:set package 'robo_controller' build argument 'cmake_target' from command line to 'None'
[0.436s] Level 5:colcon.colcon_core.verb:set package 'robo_controller' build argument 'cmake_target_skip_unavailable' from command line to 'False'
[0.436s] Level 5:colcon.colcon_core.verb:set package 'robo_controller' build argument 'cmake_clean_cache' from command line to 'False'
[0.436s] Level 5:colcon.colcon_core.verb:set package 'robo_controller' build argument 'cmake_clean_first' from command line to 'False'
[0.436s] Level 5:colcon.colcon_core.verb:set package 'robo_controller' build argument 'cmake_force_configure' from command line to 'False'
[0.436s] Level 5:colcon.colcon_core.verb:set package 'robo_controller' build argument 'ament_cmake_args' from command line to 'None'
[0.437s] Level 5:colcon.colcon_core.verb:set package 'robo_controller' build argument 'catkin_cmake_args' from command line to 'None'
[0.437s] Level 5:colcon.colcon_core.verb:set package 'robo_controller' build argument 'catkin_skip_building_tests' from command line to 'False'
[0.437s] DEBUG:colcon.colcon_core.verb:Building package 'robo_controller' with the following arguments: {'ament_cmake_args': None, 'build_base': '/home/kalzemic/Projects/ArmVision/ros/src/build/robo_controller', 'catkin_cmake_args': None, 'catkin_skip_building_tests': False, 'cmake_args': ['-DPYTHON_EXECUTABLE=/usr/bin/python3'], 'cmake_clean_cache': False, 'cmake_clean_first': False, 'cmake_force_configure': False, 'cmake_target': None, 'cmake_target_skip_unavailable': False, 'install_base': '/home/kalzemic/Projects/ArmVision/ros/src/install/robo_controller', 'merge_install': False, 'path': '/home/kalzemic/Projects/ArmVision/ros/src/robo_controller', 'symlink_install': False, 'test_result_base': None}
[0.437s] INFO:colcon.colcon_core.executor:Executing jobs using 'parallel' executor
[0.438s] DEBUG:colcon.colcon_parallel_executor.executor.parallel:run_until_complete
[0.438s] INFO:colcon.colcon_ros.task.ament_cmake.build:Building ROS package in '/home/kalzemic/Projects/ArmVision/ros/src/robo_controller' with build type 'ament_cmake'
[0.438s] INFO:colcon.colcon_cmake.task.cmake.build:Building CMake package in '/home/kalzemic/Projects/ArmVision/ros/src/robo_controller'
[0.441s] INFO:colcon.colcon_core.plugin_system:Skipping extension 'colcon_core.shell.bat': Not used on non-Windows systems
[0.441s] INFO:colcon.colcon_core.shell:Skip shell extension 'powershell' for command environment: Not usable outside of PowerShell
[0.441s] DEBUG:colcon.colcon_core.shell:Skip shell extension 'dsv' for command environment
[0.451s] DEBUG:colcon.colcon_core.event_handler.log_command:Invoking command in '/home/kalzemic/Projects/ArmVision/ros/src/build/robo_controller': CMAKE_PREFIX_PATH=${CMAKE_PREFIX_PATH}:/opt/ros/humble DEBUGINFOD_URLS=https://debuginfod.archlinux.org /usr/bin/cmake /home/kalzemic/Projects/ArmVision/ros/src/robo_controller -DPYTHON_EXECUTABLE=/usr/bin/python3 -DCMAKE_INSTALL_PREFIX=/home/kalzemic/Projects/ArmVision/ros/src/install/robo_controller
[3.343s] DEBUG:colcon.colcon_core.event_handler.log_command:Invoked command in '/home/kalzemic/Projects/ArmVision/ros/src/build/robo_controller' returned '0': CMAKE_PREFIX_PATH=${CMAKE_PREFIX_PATH}:/opt/ros/humble DEBUGINFOD_URLS=https://debuginfod.archlinux.org /usr/bin/cmake /home/kalzemic/Projects/ArmVision/ros/src/robo_controller -DPYTHON_EXECUTABLE=/usr/bin/python3 -DCMAKE_INSTALL_PREFIX=/home/kalzemic/Projects/ArmVision/ros/src/install/robo_controller
[3.346s] DEBUG:colcon.colcon_core.event_handler.log_command:Invoking command in '/home/kalzemic/Projects/ArmVision/ros/src/build/robo_controller': CMAKE_PREFIX_PATH=${CMAKE_PREFIX_PATH}:/opt/ros/humble DEBUGINFOD_URLS=https://debuginfod.archlinux.org /usr/bin/cmake --build /home/kalzemic/Projects/ArmVision/ros/src/build/robo_controller -- -j8 -l8
[20.998s] DEBUG:colcon.colcon_core.event_handler.log_command:Invoked command in '/home/kalzemic/Projects/ArmVision/ros/src/build/robo_controller' returned '0': CMAKE_PREFIX_PATH=${CMAKE_PREFIX_PATH}:/opt/ros/humble DEBUGINFOD_URLS=https://debuginfod.archlinux.org /usr/bin/cmake --build /home/kalzemic/Projects/ArmVision/ros/src/build/robo_controller -- -j8 -l8
[21.008s] DEBUG:colcon.colcon_core.event_handler.log_command:Invoking command in '/home/kalzemic/Projects/ArmVision/ros/src/build/robo_controller': CMAKE_PREFIX_PATH=${CMAKE_PREFIX_PATH}:/opt/ros/humble DEBUGINFOD_URLS=https://debuginfod.archlinux.org /usr/bin/cmake --install /home/kalzemic/Projects/ArmVision/ros/src/build/robo_controller
[21.031s] Level 1:colcon.colcon_core.environment:create_environment_scripts_only(robo_controller)
[21.032s] DEBUG:colcon.colcon_core.event_handler.log_command:Invoked command in '/home/kalzemic/Projects/ArmVision/ros/src/build/robo_controller' returned '0': CMAKE_PREFIX_PATH=${CMAKE_PREFIX_PATH}:/opt/ros/humble DEBUGINFOD_URLS=https://debuginfod.archlinux.org /usr/bin/cmake --install /home/kalzemic/Projects/ArmVision/ros/src/build/robo_controller
[21.035s] Level 1:colcon.colcon_core.environment:checking '/home/kalzemic/Projects/ArmVision/ros/src/install/robo_controller' for CMake module files
[21.035s] Level 1:colcon.colcon_core.environment:checking '/home/kalzemic/Projects/ArmVision/ros/src/install/robo_controller' for CMake config files
[21.035s] Level 1:colcon.colcon_core.shell:create_environment_hook('robo_controller', 'cmake_prefix_path')
[21.035s] INFO:colcon.colcon_core.shell:Creating environment hook '/home/kalzemic/Projects/ArmVision/ros/src/install/robo_controller/share/robo_controller/hook/cmake_prefix_path.ps1'
[21.036s] INFO:colcon.colcon_core.shell:Creating environment descriptor '/home/kalzemic/Projects/ArmVision/ros/src/install/robo_controller/share/robo_controller/hook/cmake_prefix_path.dsv'
[21.037s] INFO:colcon.colcon_core.shell:Creating environment hook '/home/kalzemic/Projects/ArmVision/ros/src/install/robo_controller/share/robo_controller/hook/cmake_prefix_path.sh'
[21.038s] Level 1:colcon.colcon_core.environment:checking '/home/kalzemic/Projects/ArmVision/ros/src/install/robo_controller/lib'
[21.038s] Level 1:colcon.colcon_core.shell:create_environment_hook('robo_controller', 'ld_library_path_lib')
[21.038s] INFO:colcon.colcon_core.shell:Creating environment hook '/home/kalzemic/Projects/ArmVision/ros/src/install/robo_controller/share/robo_controller/hook/ld_library_path_lib.ps1'
[21.038s] INFO:colcon.colcon_core.shell:Creating environment descriptor '/home/kalzemic/Projects/ArmVision/ros/src/install/robo_controller/share/robo_controller/hook/ld_library_path_lib.dsv'
[21.039s] INFO:colcon.colcon_core.shell:Creating environment hook '/home/kalzemic/Projects/ArmVision/ros/src/install/robo_controller/share/robo_controller/hook/ld_library_path_lib.sh'
[21.039s] Level 1:colcon.colcon_core.environment:checking '/home/kalzemic/Projects/ArmVision/ros/src/install/robo_controller/bin'
[21.039s] Level 1:colcon.colcon_core.environment:checking '/home/kalzemic/Projects/ArmVision/ros/src/install/robo_controller/lib/pkgconfig/robo_controller.pc'
[21.039s] Level 1:colcon.colcon_core.environment:checking '/home/kalzemic/Projects/ArmVision/ros/src/install/robo_controller/lib/python3.10/site-packages'
[21.040s] Level 1:colcon.colcon_core.environment:checking '/home/kalzemic/Projects/ArmVision/ros/src/install/robo_controller/bin'
[21.040s] INFO:colcon.colcon_core.shell:Creating package script '/home/kalzemic/Projects/ArmVision/ros/src/install/robo_controller/share/robo_controller/package.ps1'
[21.041s] INFO:colcon.colcon_core.shell:Creating package descriptor '/home/kalzemic/Projects/ArmVision/ros/src/install/robo_controller/share/robo_controller/package.dsv'
[21.042s] INFO:colcon.colcon_core.shell:Creating package script '/home/kalzemic/Projects/ArmVision/ros/src/install/robo_controller/share/robo_controller/package.sh'
[21.042s] INFO:colcon.colcon_core.shell:Creating package script '/home/kalzemic/Projects/ArmVision/ros/src/install/robo_controller/share/robo_controller/package.bash'
[21.043s] INFO:colcon.colcon_core.shell:Creating package script '/home/kalzemic/Projects/ArmVision/ros/src/install/robo_controller/share/robo_controller/package.zsh'
[21.043s] Level 1:colcon.colcon_core.environment:create_file_with_runtime_dependencies(/home/kalzemic/Projects/ArmVision/ros/src/install/robo_controller/share/colcon-core/packages/robo_controller)
[21.044s] Level 1:colcon.colcon_core.environment:create_environment_scripts_only(robo_controller)
[21.044s] Level 1:colcon.colcon_core.environment:checking '/home/kalzemic/Projects/ArmVision/ros/src/install/robo_controller' for CMake module files
[21.045s] Level 1:colcon.colcon_core.environment:checking '/home/kalzemic/Projects/ArmVision/ros/src/install/robo_controller' for CMake config files
[21.045s] Level 1:colcon.colcon_core.shell:create_environment_hook('robo_controller', 'cmake_prefix_path')
[21.045s] INFO:colcon.colcon_core.shell:Creating environment hook '/home/kalzemic/Projects/ArmVision/ros/src/install/robo_controller/share/robo_controller/hook/cmake_prefix_path.ps1'
[21.045s] INFO:colcon.colcon_core.shell:Creating environment descriptor '/home/kalzemic/Projects/ArmVision/ros/src/install/robo_controller/share/robo_controller/hook/cmake_prefix_path.dsv'
[21.046s] INFO:colcon.colcon_core.shell:Creating environment hook '/home/kalzemic/Projects/ArmVision/ros/src/install/robo_controller/share/robo_controller/hook/cmake_prefix_path.sh'
[21.046s] Level 1:colcon.colcon_core.environment:checking '/home/kalzemic/Projects/ArmVision/ros/src/install/robo_controller/lib'
[21.046s] Level 1:colcon.colcon_core.shell:create_environment_hook('robo_controller', 'ld_library_path_lib')
[21.046s] INFO:colcon.colcon_core.shell:Creating environment hook '/home/kalzemic/Projects/ArmVision/ros/src/install/robo_controller/share/robo_controller/hook/ld_library_path_lib.ps1'
[21.047s] INFO:colcon.colcon_core.shell:Creating environment descriptor '/home/kalzemic/Projects/ArmVision/ros/src/install/robo_controller/share/robo_controller/hook/ld_library_path_lib.dsv'
[21.047s] INFO:colcon.colcon_core.shell:Creating environment hook '/home/kalzemic/Projects/ArmVision/ros/src/install/robo_controller/share/robo_controller/hook/ld_library_path_lib.sh'
[21.047s] Level 1:colcon.colcon_core.environment:checking '/home/kalzemic/Projects/ArmVision/ros/src/install/robo_controller/bin'
[21.048s] Level 1:colcon.colcon_core.environment:checking '/home/kalzemic/Projects/ArmVision/ros/src/install/robo_controller/lib/pkgconfig/robo_controller.pc'
[21.048s] Level 1:colcon.colcon_core.environment:checking '/home/kalzemic/Projects/ArmVision/ros/src/install/robo_controller/lib/python3.10/site-packages'
[21.048s] Level 1:colcon.colcon_core.environment:checking '/home/kalzemic/Projects/ArmVision/ros/src/install/robo_controller/bin'
[21.048s] INFO:colcon.colcon_core.shell:Creating package script '/home/kalzemic/Projects/ArmVision/ros/src/install/robo_controller/share/robo_controller/package.ps1'
[21.049s] INFO:colcon.colcon_core.shell:Creating package descriptor '/home/kalzemic/Projects/ArmVision/ros/src/install/robo_controller/share/robo_controller/package.dsv'
[21.049s] INFO:colcon.colcon_core.shell:Creating package script '/home/kalzemic/Projects/ArmVision/ros/src/install/robo_controller/share/robo_controller/package.sh'
[21.050s] INFO:colcon.colcon_core.shell:Creating package script '/home/kalzemic/Projects/ArmVision/ros/src/install/robo_controller/share/robo_controller/package.bash'
[21.050s] INFO:colcon.colcon_core.shell:Creating package script '/home/kalzemic/Projects/ArmVision/ros/src/install/robo_controller/share/robo_controller/package.zsh'
[21.050s] Level 1:colcon.colcon_core.environment:create_file_with_runtime_dependencies(/home/kalzemic/Projects/ArmVision/ros/src/install/robo_controller/share/colcon-core/packages/robo_controller)
[21.051s] DEBUG:colcon.colcon_parallel_executor.executor.parallel:closing loop
[21.051s] DEBUG:colcon.colcon_parallel_executor.executor.parallel:loop closed
[21.051s] DEBUG:colcon.colcon_parallel_executor.executor.parallel:run_until_complete finished with '0'
[21.051s] DEBUG:colcon.colcon_core.event_reactor:joining thread
[21.056s] INFO:colcon.colcon_core.plugin_system:Skipping extension 'colcon_notification.desktop_notification.notify_send': Could not find 'notify-send'
[21.057s] INFO:colcon.colcon_core.plugin_system:Skipping extension 'colcon_notification.desktop_notification.terminal_notifier': Not used on non-Darwin systems
[21.057s] INFO:colcon.colcon_core.plugin_system:Skipping extension 'colcon_notification.desktop_notification.win32': Not used on non-Windows systems
[21.057s] INFO:colcon.colcon_notification.desktop_notification:Sending desktop notification using 'notify2'
[21.073s] DEBUG:colcon.colcon_core.event_reactor:joined thread
[21.073s] INFO:colcon.colcon_core.shell:Creating prefix script '/home/kalzemic/Projects/ArmVision/ros/src/install/local_setup.ps1'
[21.075s] INFO:colcon.colcon_core.shell:Creating prefix util module '/home/kalzemic/Projects/ArmVision/ros/src/install/_local_setup_util_ps1.py'
[21.078s] INFO:colcon.colcon_core.shell:Creating prefix chain script '/home/kalzemic/Projects/ArmVision/ros/src/install/setup.ps1'
[21.080s] INFO:colcon.colcon_core.shell:Creating prefix script '/home/kalzemic/Projects/ArmVision/ros/src/install/local_setup.sh'
[21.081s] INFO:colcon.colcon_core.shell:Creating prefix util module '/home/kalzemic/Projects/ArmVision/ros/src/install/_local_setup_util_sh.py'
[21.082s] INFO:colcon.colcon_core.shell:Creating prefix chain script '/home/kalzemic/Projects/ArmVision/ros/src/install/setup.sh'
[21.083s] INFO:colcon.colcon_core.shell:Creating prefix script '/home/kalzemic/Projects/ArmVision/ros/src/install/local_setup.bash'
[21.084s] INFO:colcon.colcon_core.shell:Creating prefix chain script '/home/kalzemic/Projects/ArmVision/ros/src/install/setup.bash'
[21.085s] INFO:colcon.colcon_core.shell:Creating prefix script '/home/kalzemic/Projects/ArmVision/ros/src/install/local_setup.zsh'
[21.086s] INFO:colcon.colcon_core.shell:Creating prefix chain script '/home/kalzemic/Projects/ArmVision/ros/src/install/setup.zsh'
