-- The C compiler identification is GNU 11.4.0
-- The CXX compiler identification is GNU 11.4.0
-- Detecting C compiler ABI info
-- Detecting C compiler ABI info - done
-- Check for working C compiler: /usr/bin/cc - skipped
-- Detecting C compile features
-- Detecting C compile features - done
-- Detecting CXX compiler ABI info
-- Detecting CXX compiler ABI info - done
-- Check for working CXX compiler: /usr/bin/c++ - skipped
-- Detecting CXX compile features
-- Detecting CXX compile features - done
-- Found ament_cmake: 1.3.14 (/opt/ros/humble/share/ament_cmake/cmake)
-- Found Python3: /usr/bin/python3 (found version "3.10.12") found components: Interpreter 
-- Found controller_interface: 2.54.2 (/opt/ros/humble/share/controller_interface/cmake)
-- Found rosidl_generator_c: 3.1.9 (/opt/ros/humble/share/rosidl_generator_c/cmake)
-- Found rosidl_adapter: 3.1.9 (/opt/ros/humble/share/rosidl_adapter/cmake)
-- Found rosidl_generator_cpp: 3.1.9 (/opt/ros/humble/share/rosidl_generator_cpp/cmake)
-- Using all available rosidl_typesupport_c: rosidl_typesupport_fastrtps_c;rosidl_typesupport_introspection_c
-- Using all available rosidl_typesupport_cpp: rosidl_typesupport_fastrtps_cpp;rosidl_typesupport_introspection_cpp
-- Found rmw_implementation_cmake: 6.1.4 (/opt/ros/humble/share/rmw_implementation_cmake/cmake)
-- Found rmw_fastrtps_cpp: 6.2.10 (/opt/ros/humble/share/rmw_fastrtps_cpp/cmake)
-- Found TinyXML2 via Config file: TinyXML2_DIR-NOTFOUND
-- Found OpenSSL: /usr/lib/x86_64-linux-gnu/libcrypto.so (found version "3.0.2")  
-- Found TinyXML2 via Config file: TinyXML2_DIR-NOTFOUND
-- Found FastRTPS: /opt/ros/humble/include  
-- Found TinyXML2 via Config file: TinyXML2_DIR-NOTFOUND
-- Found TinyXML2 via Config file: TinyXML2_DIR-NOTFOUND
-- Using RMW implementation 'rmw_fastrtps_cpp' as default
-- Looking for pthread.h
-- Looking for pthread.h - found
-- Performing Test CMAKE_HAVE_LIBC_PTHREAD
-- Performing Test CMAKE_HAVE_LIBC_PTHREAD - Success
-- Found Threads: TRUE  
-- Found realtime_tools: 2.15.1 (/opt/ros/humble/share/realtime_tools/cmake)
-- Found Boost: /usr/include (found version "1.74.0") found components: filesystem serialization 
-- eigenpy FOUND. eigenpy at /opt/ros/humble/lib/x86_64-linux-gnu/libeigenpy.so
-- Checking for NumPy
--   NUMPY_INCLUDE_DIRS=/usr/lib/python3/dist-packages/numpy/core/include
--   NUMPY_VERSION=1.21.5
-- Found Python3: /usr/bin/python3 (found version "3.10.12") found components: Interpreter Development.Module NumPy 
-- PythonLibraryDirs: 
-- PythonLibVersionString: 3.10.12
-- Python site lib: lib/python3.10/site-packages
-- Python include dirs: /usr/include/python3.10
-- Checking for NumPy
--   NUMPY_INCLUDE_DIRS=/usr/lib/python3/dist-packages/numpy/core/include
--   NUMPY_VERSION=1.21.5
-- NumPy include dir: /usr/lib/python3/dist-packages/numpy/core/include
[33mCMake Warning at /usr/share/cmake-3.22/Modules/FindBoost.cmake:2201 (message):
  No header defined for python310; skipping header check (note: header-only
  libraries have no designated component)
Call Stack (most recent call first):
  /opt/ros/humble/lib/x86_64-linux-gnu/cmake/eigenpy/boost.cmake:146 (find_package)
  /opt/ros/humble/lib/x86_64-linux-gnu/cmake/eigenpy/eigenpyConfig.cmake:172 (SEARCH_FOR_BOOST_PYTHON)
  /usr/share/cmake-3.22/Modules/CMakeFindDependencyMacro.cmake:47 (find_package)
  /opt/ros/humble/lib/x86_64-linux-gnu/cmake/pinocchio/pinocchioConfig.cmake:184 (find_dependency)
  CMakeLists.txt:19 (find_package)

[0m
-- Found Boost: /usr/include (found version "1.74.0") found components: python310 
-- Default C++ standard: 201703
-- Minimal C++ standard upgraded to 11
-- C++ standard sufficient: Minimal required 11, currently defined: 17
-- CMAKE_CXX_STANDARD was not set: automatically set to currently defined standard 17
-- coal FOUND. coal at /opt/ros/humble/lib/x86_64-linux-gnu/libcoal.so
-- Found Boost: /usr/include (found version "1.74.0") found components: serialization filesystem 
-- C++ standard sufficient: Minimal required 11, currently defined: 17
-- Minimal C++ standard upgraded to 17
-- C++ standard sufficient: Minimal required 17, currently defined: 17
-- Found ament_lint_auto: 0.12.15 (/opt/ros/humble/share/ament_lint_auto/cmake)
-- Added test 'cppcheck' to perform static code analysis on C / C++ code
-- Configured cppcheck include dirs: 
-- Configured cppcheck exclude dirs and/or files: 
-- Added test 'lint_cmake' to check CMake code style
-- Added test 'uncrustify' to check C / C++ code style
-- Configured uncrustify additional arguments: 
-- Added test 'xmllint' to check XML markup files
-- Configuring done
-- Generating done
-- Build files have been written to: /home/kalzemic/Projects/ArmVision/ros/src/build/robo_controller
[ 50%] [32mBuilding CXX object CMakeFiles/robo_controller.dir/src/robo_controller.cpp.o[0m
[100%] [32m[1mLinking CXX shared library librobo_controller.so[0m
[100%] Built target robo_controller
-- Install configuration: ""
-- Installing: /home/kalzemic/Projects/ArmVision/ros/src/install/robo_controller/share/robo_controller/robo_controller.xml
-- Installing: /home/kalzemic/Projects/ArmVision/ros/src/install/robo_controller/lib/librobo_controller.so
-- Set runtime path of "/home/kalzemic/Projects/ArmVision/ros/src/install/robo_controller/lib/librobo_controller.so" to ""
-- Up-to-date: /home/kalzemic/Projects/ArmVision/ros/src/install/robo_controller/share/robo_controller/robo_controller.xml
-- Installing: /home/kalzemic/Projects/ArmVision/ros/src/install/robo_controller/share/ament_index/resource_index/package_run_dependencies/robo_controller
-- Installing: /home/kalzemic/Projects/ArmVision/ros/src/install/robo_controller/share/ament_index/resource_index/parent_prefix_path/robo_controller
-- Installing: /home/kalzemic/Projects/ArmVision/ros/src/install/robo_controller/share/robo_controller/environment/ament_prefix_path.sh
-- Installing: /home/kalzemic/Projects/ArmVision/ros/src/install/robo_controller/share/robo_controller/environment/ament_prefix_path.dsv
-- Installing: /home/kalzemic/Projects/ArmVision/ros/src/install/robo_controller/share/robo_controller/environment/path.sh
-- Installing: /home/kalzemic/Projects/ArmVision/ros/src/install/robo_controller/share/robo_controller/environment/path.dsv
-- Installing: /home/kalzemic/Projects/ArmVision/ros/src/install/robo_controller/share/robo_controller/local_setup.bash
-- Installing: /home/kalzemic/Projects/ArmVision/ros/src/install/robo_controller/share/robo_controller/local_setup.sh
-- Installing: /home/kalzemic/Projects/ArmVision/ros/src/install/robo_controller/share/robo_controller/local_setup.zsh
-- Installing: /home/kalzemic/Projects/ArmVision/ros/src/install/robo_controller/share/robo_controller/local_setup.dsv
-- Installing: /home/kalzemic/Projects/ArmVision/ros/src/install/robo_controller/share/robo_controller/package.dsv
-- Installing: /home/kalzemic/Projects/ArmVision/ros/src/install/robo_controller/share/ament_index/resource_index/packages/robo_controller
-- Installing: /home/kalzemic/Projects/ArmVision/ros/src/install/robo_controller/share/ament_index/resource_index/controller_interface__pluginlib__plugin/robo_controller
-- Installing: /home/kalzemic/Projects/ArmVision/ros/src/install/robo_controller/share/robo_controller/cmake/robo_controllerConfig.cmake
-- Installing: /home/kalzemic/Projects/ArmVision/ros/src/install/robo_controller/share/robo_controller/cmake/robo_controllerConfig-version.cmake
-- Installing: /home/kalzemic/Projects/ArmVision/ros/src/install/robo_controller/share/robo_controller/package.xml
