[0.011s] Invoking command in '/home/kalzemic/Projects/ArmVision/ros/src/build/robo_controller': CMAKE_PREFIX_PATH=${CMAKE_PREFIX_PATH}:/opt/ros/humble DEBUGINFOD_URLS=https://debuginfod.archlinux.org /usr/bin/cmake /home/kalzemic/Projects/ArmVision/ros/src/robo_controller -DPYTHON_EXECUTABLE=/usr/bin/python3 -DCMAKE_INSTALL_PREFIX=/home/kalzemic/Projects/ArmVision/ros/src/install/robo_controller
[0.063s] -- The C compiler identification is GNU 11.4.0
[0.131s] -- The CXX compiler identification is GNU 11.4.0
[0.140s] -- Detecting C compiler ABI info
[0.223s] -- Detecting C compiler ABI info - done
[0.232s] -- Check for working C compiler: /usr/bin/cc - skipped
[0.232s] -- Detecting C compile features
[0.233s] -- Detecting C compile features - done
[0.236s] -- Detecting CXX compiler ABI info
[0.310s] -- Detecting CXX compiler ABI info - done
[0.318s] -- Check for working CXX compiler: /usr/bin/c++ - skipped
[0.318s] -- Detecting CXX compile features
[0.319s] -- Detecting CXX compile features - done
[0.323s] -- Found ament_cmake: 1.3.14 (/opt/ros/humble/share/ament_cmake/cmake)
[0.456s] -- Found Python3: /usr/bin/python3 (found version "3.10.12") found components: Interpreter 
[0.553s] -- Found controller_interface: 2.54.2 (/opt/ros/humble/share/controller_interface/cmake)
[0.604s] -- Found rosidl_generator_c: 3.1.9 (/opt/ros/humble/share/rosidl_generator_c/cmake)
[0.612s] -- Found rosidl_adapter: 3.1.9 (/opt/ros/humble/share/rosidl_adapter/cmake)
[0.621s] -- Found rosidl_generator_cpp: 3.1.9 (/opt/ros/humble/share/rosidl_generator_cpp/cmake)
[0.634s] -- Using all available rosidl_typesupport_c: rosidl_typesupport_fastrtps_c;rosidl_typesupport_introspection_c
[0.651s] -- Using all available rosidl_typesupport_cpp: rosidl_typesupport_fastrtps_cpp;rosidl_typesupport_introspection_cpp
[0.898s] -- Found rmw_implementation_cmake: 6.1.4 (/opt/ros/humble/share/rmw_implementation_cmake/cmake)
[0.900s] -- Found rmw_fastrtps_cpp: 6.2.10 (/opt/ros/humble/share/rmw_fastrtps_cpp/cmake)
[0.929s] -- Found TinyXML2 via Config file: TinyXML2_DIR-NOTFOUND
[0.983s] -- Found OpenSSL: /usr/lib/x86_64-linux-gnu/libcrypto.so (found version "3.0.2")  
[0.986s] -- Found TinyXML2 via Config file: TinyXML2_DIR-NOTFOUND
[1.003s] -- Found FastRTPS: /opt/ros/humble/include  
[1.007s] -- Found TinyXML2 via Config file: TinyXML2_DIR-NOTFOUND
[1.017s] -- Found TinyXML2 via Config file: TinyXML2_DIR-NOTFOUND
[1.027s] -- Using RMW implementation 'rmw_fastrtps_cpp' as default
[1.038s] -- Looking for pthread.h
[1.104s] -- Looking for pthread.h - found
[1.105s] -- Performing Test CMAKE_HAVE_LIBC_PTHREAD
[1.175s] -- Performing Test CMAKE_HAVE_LIBC_PTHREAD - Success
[1.176s] -- Found Threads: TRUE  
[1.235s] -- Found realtime_tools: 2.15.1 (/opt/ros/humble/share/realtime_tools/cmake)
[1.305s] -- Found Boost: /usr/include (found version "1.74.0") found components: filesystem serialization 
[1.307s] -- eigenpy FOUND. eigenpy at /opt/ros/humble/lib/x86_64-linux-gnu/libeigenpy.so
[1.331s] -- Checking for NumPy
[1.637s] --   NUMPY_INCLUDE_DIRS=/usr/lib/python3/dist-packages/numpy/core/include
[1.785s] --   NUMPY_VERSION=1.21.5
[2.134s] -- Found Python3: /usr/bin/python3 (found version "3.10.12") found components: Interpreter Development.Module NumPy 
[2.135s] -- PythonLibraryDirs: 
[2.135s] -- PythonLibVersionString: 3.10.12
[2.153s] -- Python site lib: lib/python3.10/site-packages
[2.153s] -- Python include dirs: /usr/include/python3.10
[2.190s] -- Checking for NumPy
[2.339s] --   NUMPY_INCLUDE_DIRS=/usr/lib/python3/dist-packages/numpy/core/include
[2.476s] --   NUMPY_VERSION=1.21.5
[2.476s] -- NumPy include dir: /usr/lib/python3/dist-packages/numpy/core/include
[2.480s] [33mCMake Warning at /usr/share/cmake-3.22/Modules/FindBoost.cmake:2201 (message):
[2.481s]   No header defined for python310; skipping header check (note: header-only
[2.481s]   libraries have no designated component)
[2.481s] Call Stack (most recent call first):
[2.481s]   /opt/ros/humble/lib/x86_64-linux-gnu/cmake/eigenpy/boost.cmake:146 (find_package)
[2.481s]   /opt/ros/humble/lib/x86_64-linux-gnu/cmake/eigenpy/eigenpyConfig.cmake:172 (SEARCH_FOR_BOOST_PYTHON)
[2.481s]   /usr/share/cmake-3.22/Modules/CMakeFindDependencyMacro.cmake:47 (find_package)
[2.481s]   /opt/ros/humble/lib/x86_64-linux-gnu/cmake/pinocchio/pinocchioConfig.cmake:184 (find_dependency)
[2.481s]   CMakeLists.txt:19 (find_package)
[2.481s] 
[2.481s] [0m
[2.486s] -- Found Boost: /usr/include (found version "1.74.0") found components: python310 
[2.777s] -- Default C++ standard: 201703
[2.777s] -- Minimal C++ standard upgraded to 11
[2.777s] -- C++ standard sufficient: Minimal required 11, currently defined: 17
[2.777s] -- CMAKE_CXX_STANDARD was not set: automatically set to currently defined standard 17
[2.779s] -- coal FOUND. coal at /opt/ros/humble/lib/x86_64-linux-gnu/libcoal.so
[2.785s] -- Found Boost: /usr/include (found version "1.74.0") found components: serialization filesystem 
[2.787s] -- C++ standard sufficient: Minimal required 11, currently defined: 17
[2.788s] -- Minimal C++ standard upgraded to 17
[2.788s] -- C++ standard sufficient: Minimal required 17, currently defined: 17
[2.792s] -- Found ament_lint_auto: 0.12.15 (/opt/ros/humble/share/ament_lint_auto/cmake)
[2.869s] -- Added test 'cppcheck' to perform static code analysis on C / C++ code
[2.869s] -- Configured cppcheck include dirs: 
[2.869s] -- Configured cppcheck exclude dirs and/or files: 
[2.870s] -- Added test 'lint_cmake' to check CMake code style
[2.871s] -- Added test 'uncrustify' to check C / C++ code style
[2.871s] -- Configured uncrustify additional arguments: 
[2.872s] -- Added test 'xmllint' to check XML markup files
[2.873s] -- Configuring done
[2.889s] -- Generating done
[2.894s] -- Build files have been written to: /home/kalzemic/Projects/ArmVision/ros/src/build/robo_controller
[2.904s] Invoked command in '/home/kalzemic/Projects/ArmVision/ros/src/build/robo_controller' returned '0': CMAKE_PREFIX_PATH=${CMAKE_PREFIX_PATH}:/opt/ros/humble DEBUGINFOD_URLS=https://debuginfod.archlinux.org /usr/bin/cmake /home/kalzemic/Projects/ArmVision/ros/src/robo_controller -DPYTHON_EXECUTABLE=/usr/bin/python3 -DCMAKE_INSTALL_PREFIX=/home/kalzemic/Projects/ArmVision/ros/src/install/robo_controller
[2.906s] Invoking command in '/home/kalzemic/Projects/ArmVision/ros/src/build/robo_controller': CMAKE_PREFIX_PATH=${CMAKE_PREFIX_PATH}:/opt/ros/humble DEBUGINFOD_URLS=https://debuginfod.archlinux.org /usr/bin/cmake --build /home/kalzemic/Projects/ArmVision/ros/src/build/robo_controller -- -j8 -l8
[2.957s] [ 50%] [32mBuilding CXX object CMakeFiles/robo_controller.dir/src/robo_controller.cpp.o[0m
[20.032s] [100%] [32m[1mLinking CXX shared library librobo_controller.so[0m
[20.548s] [100%] Built target robo_controller
[20.559s] Invoked command in '/home/kalzemic/Projects/ArmVision/ros/src/build/robo_controller' returned '0': CMAKE_PREFIX_PATH=${CMAKE_PREFIX_PATH}:/opt/ros/humble DEBUGINFOD_URLS=https://debuginfod.archlinux.org /usr/bin/cmake --build /home/kalzemic/Projects/ArmVision/ros/src/build/robo_controller -- -j8 -l8
[20.568s] Invoking command in '/home/kalzemic/Projects/ArmVision/ros/src/build/robo_controller': CMAKE_PREFIX_PATH=${CMAKE_PREFIX_PATH}:/opt/ros/humble DEBUGINFOD_URLS=https://debuginfod.archlinux.org /usr/bin/cmake --install /home/kalzemic/Projects/ArmVision/ros/src/build/robo_controller
[20.575s] -- Install configuration: ""
[20.576s] -- Installing: /home/kalzemic/Projects/ArmVision/ros/src/install/robo_controller/share/robo_controller/robo_controller.xml
[20.576s] -- Installing: /home/kalzemic/Projects/ArmVision/ros/src/install/robo_controller/lib/librobo_controller.so
[20.587s] -- Set runtime path of "/home/kalzemic/Projects/ArmVision/ros/src/install/robo_controller/lib/librobo_controller.so" to ""
[20.588s] -- Up-to-date: /home/kalzemic/Projects/ArmVision/ros/src/install/robo_controller/share/robo_controller/robo_controller.xml
[20.588s] -- Installing: /home/kalzemic/Projects/ArmVision/ros/src/install/robo_controller/share/ament_index/resource_index/package_run_dependencies/robo_controller
[20.588s] -- Installing: /home/kalzemic/Projects/ArmVision/ros/src/install/robo_controller/share/ament_index/resource_index/parent_prefix_path/robo_controller
[20.588s] -- Installing: /home/kalzemic/Projects/ArmVision/ros/src/install/robo_controller/share/robo_controller/environment/ament_prefix_path.sh
[20.588s] -- Installing: /home/kalzemic/Projects/ArmVision/ros/src/install/robo_controller/share/robo_controller/environment/ament_prefix_path.dsv
[20.588s] -- Installing: /home/kalzemic/Projects/ArmVision/ros/src/install/robo_controller/share/robo_controller/environment/path.sh
[20.589s] -- Installing: /home/kalzemic/Projects/ArmVision/ros/src/install/robo_controller/share/robo_controller/environment/path.dsv
[20.589s] -- Installing: /home/kalzemic/Projects/ArmVision/ros/src/install/robo_controller/share/robo_controller/local_setup.bash
[20.589s] -- Installing: /home/kalzemic/Projects/ArmVision/ros/src/install/robo_controller/share/robo_controller/local_setup.sh
[20.589s] -- Installing: /home/kalzemic/Projects/ArmVision/ros/src/install/robo_controller/share/robo_controller/local_setup.zsh
[20.589s] -- Installing: /home/kalzemic/Projects/ArmVision/ros/src/install/robo_controller/share/robo_controller/local_setup.dsv
[20.589s] -- Installing: /home/kalzemic/Projects/ArmVision/ros/src/install/robo_controller/share/robo_controller/package.dsv
[20.590s] -- Installing: /home/kalzemic/Projects/ArmVision/ros/src/install/robo_controller/share/ament_index/resource_index/packages/robo_controller
[20.590s] -- Installing: /home/kalzemic/Projects/ArmVision/ros/src/install/robo_controller/share/ament_index/resource_index/controller_interface__pluginlib__plugin/robo_controller
[20.590s] -- Installing: /home/kalzemic/Projects/ArmVision/ros/src/install/robo_controller/share/robo_controller/cmake/robo_controllerConfig.cmake
[20.590s] -- Installing: /home/kalzemic/Projects/ArmVision/ros/src/install/robo_controller/share/robo_controller/cmake/robo_controllerConfig-version.cmake
[20.590s] -- Installing: /home/kalzemic/Projects/ArmVision/ros/src/install/robo_controller/share/robo_controller/package.xml
[20.593s] Invoked command in '/home/kalzemic/Projects/ArmVision/ros/src/build/robo_controller' returned '0': CMAKE_PREFIX_PATH=${CMAKE_PREFIX_PATH}:/opt/ros/humble DEBUGINFOD_URLS=https://debuginfod.archlinux.org /usr/bin/cmake --install /home/kalzemic/Projects/ArmVision/ros/src/build/robo_controller
