[0.020s] Invoking command in '/home/kalzemic/Projects/ArmVision/ros/src/build/kinematics': CMAKE_PREFIX_PATH=${CMAKE_PREFIX_PATH}:/opt/ros/humble DEBUGINFOD_URLS=https://debuginfod.archlinux.org /usr/bin/cmake /home/kalzemic/Projects/ArmVision/ros/src/kinematics -DPYTHON_EXECUTABLE=/usr/bin/python3 -DCMAKE_INSTALL_PREFIX=/home/kalzemic/Projects/ArmVision/ros/src/install/kinematics
[0.100s] -- The C compiler identification is GNU 11.4.0
[0.164s] -- The CXX compiler identification is GNU 11.4.0
[0.174s] -- Detecting C compiler ABI info
[0.247s] -- Detecting C compiler ABI info - done
[0.254s] -- Check for working C compiler: /usr/bin/cc - skipped
[0.254s] -- Detecting C compile features
[0.255s] -- Detecting C compile features - done
[0.259s] -- Detecting CXX compiler ABI info
[0.355s] -- Detecting CXX compiler ABI info - done
[0.365s] -- Check for working CXX compiler: /usr/bin/c++ - skipped
[0.366s] -- Detecting CXX compile features
[0.366s] -- Detecting CXX compile features - done
[0.369s] -- Found ament_cmake: 1.3.14 (/opt/ros/humble/share/ament_cmake/cmake)
[0.539s] -- Found Python3: /usr/bin/python3 (found version "3.10.12") found components: Interpreter 
[0.645s] -- Found rclcpp: 16.0.21 (/opt/ros/humble/share/rclcpp/cmake)
[0.708s] -- Found rosidl_generator_c: 3.1.9 (/opt/ros/humble/share/rosidl_generator_c/cmake)
[0.716s] -- Found rosidl_adapter: 3.1.9 (/opt/ros/humble/share/rosidl_adapter/cmake)
[0.728s] -- Found rosidl_generator_cpp: 3.1.9 (/opt/ros/humble/share/rosidl_generator_cpp/cmake)
[0.745s] -- Using all available rosidl_typesupport_c: rosidl_typesupport_fastrtps_c;rosidl_typesupport_introspection_c
[0.763s] -- Using all available rosidl_typesupport_cpp: rosidl_typesupport_fastrtps_cpp;rosidl_typesupport_introspection_cpp
[0.814s] -- Found rmw_implementation_cmake: 6.1.4 (/opt/ros/humble/share/rmw_implementation_cmake/cmake)
[0.818s] -- Found rmw_fastrtps_cpp: 6.2.10 (/opt/ros/humble/share/rmw_fastrtps_cpp/cmake)
[0.924s] -- Found OpenSSL: /usr/lib/x86_64-linux-gnu/libcrypto.so (found version "3.0.2")  
[0.968s] -- Found FastRTPS: /opt/ros/humble/include  
[1.045s] -- Using RMW implementation 'rmw_fastrtps_cpp' as default
[1.056s] -- Looking for pthread.h
[1.128s] -- Looking for pthread.h - found
[1.128s] -- Performing Test CMAKE_HAVE_LIBC_PTHREAD
[1.195s] -- Performing Test CMAKE_HAVE_LIBC_PTHREAD - Success
[1.196s] -- Found Threads: TRUE  
[1.259s] -- Found rclcpp_components: 16.0.21 (/opt/ros/humble/share/rclcpp_components/cmake)
[1.294s] -- Found sensor_msgs: 4.9.2 (/opt/ros/humble/share/sensor_msgs/cmake)
[1.327s] -- Found rosidl_default_generators: 1.2.1 (/opt/ros/humble/share/rosidl_default_generators/cmake)
[1.395s] -- Found Boost: /usr/include (found version "1.74.0") found components: filesystem serialization 
[1.396s] -- eigenpy FOUND. eigenpy at /opt/ros/humble/lib/x86_64-linux-gnu/libeigenpy.so
[1.422s] -- Checking for NumPy
[1.750s] --   NUMPY_INCLUDE_DIRS=/usr/lib/python3/dist-packages/numpy/core/include
[1.937s] --   NUMPY_VERSION=1.21.5
[2.280s] -- Found Python3: /usr/bin/python3 (found version "3.10.12") found components: Interpreter Development.Module NumPy 
[2.281s] -- PythonLibraryDirs: 
[2.281s] -- PythonLibVersionString: 3.10.12
[2.298s] -- Python site lib: lib/python3.10/site-packages
[2.298s] -- Python include dirs: /usr/include/python3.10
[2.337s] -- Checking for NumPy
[2.481s] --   NUMPY_INCLUDE_DIRS=/usr/lib/python3/dist-packages/numpy/core/include
[2.624s] --   NUMPY_VERSION=1.21.5
[2.624s] -- NumPy include dir: /usr/lib/python3/dist-packages/numpy/core/include
[2.628s] [33mCMake Warning at /usr/share/cmake-3.22/Modules/FindBoost.cmake:2201 (message):
[2.628s]   No header defined for python310; skipping header check (note: header-only
[2.628s]   libraries have no designated component)
[2.628s] Call Stack (most recent call first):
[2.629s]   /opt/ros/humble/lib/x86_64-linux-gnu/cmake/eigenpy/boost.cmake:146 (find_package)
[2.629s]   /opt/ros/humble/lib/x86_64-linux-gnu/cmake/eigenpy/eigenpyConfig.cmake:172 (SEARCH_FOR_BOOST_PYTHON)
[2.629s]   /usr/share/cmake-3.22/Modules/CMakeFindDependencyMacro.cmake:47 (find_package)
[2.629s]   /opt/ros/humble/lib/x86_64-linux-gnu/cmake/pinocchio/pinocchioConfig.cmake:184 (find_dependency)
[2.629s]   CMakeLists.txt:15 (find_package)
[2.629s] 
[2.629s] [0m
[2.633s] -- Found Boost: /usr/include (found version "1.74.0") found components: python310 
[2.917s] -- Default C++ standard: 201703
[2.917s] -- Minimal C++ standard upgraded to 11
[2.917s] -- C++ standard sufficient: Minimal required 11, currently defined: 17
[2.918s] -- CMAKE_CXX_STANDARD was not set: automatically set to currently defined standard 17
[2.920s] -- coal FOUND. coal at /opt/ros/humble/lib/x86_64-linux-gnu/libcoal.so
[2.926s] -- Found Boost: /usr/include (found version "1.74.0") found components: serialization filesystem 
[2.928s] -- C++ standard sufficient: Minimal required 11, currently defined: 17
[2.929s] -- Minimal C++ standard upgraded to 17
[2.929s] -- C++ standard sufficient: Minimal required 17, currently defined: 17
[2.980s] -- Found Python3: /usr/bin/python3 (found version "3.10.12") found components: Interpreter 
[3.218s] -- Found ament_cmake_ros: 0.10.1 (/opt/ros/humble/share/ament_cmake_ros/cmake)
[3.665s] -- Using all available rosidl_typesupport_c: rosidl_typesupport_fastrtps_c;rosidl_typesupport_introspection_c
[3.842s] -- Using all available rosidl_typesupport_cpp: rosidl_typesupport_fastrtps_cpp;rosidl_typesupport_introspection_cpp
[3.863s] -- Found PythonInterp: /usr/bin/python3 (found suitable version "3.10.12", minimum required is "3.6") 
[3.866s] -- Found python_cmake_module: 0.10.0 (/opt/ros/humble/share/python_cmake_module/cmake)
[3.889s] -- Found PythonLibs: /usr/lib/x86_64-linux-gnu/libpython3.10.so (found suitable version "3.10.12", minimum required is "3.5") 
[3.889s] -- Using PYTHON_EXECUTABLE: /usr/bin/python3
[3.889s] -- Using PYTHON_INCLUDE_DIRS: /usr/include/python3.10
[3.890s] -- Using PYTHON_LIBRARIES: /usr/lib/x86_64-linux-gnu/libpython3.10.so
[3.890s] -- Found PythonExtra: .so  
[4.083s] [31mCMake Error at /opt/ros/humble/share/rclcpp_components/cmake/rclcpp_components_register_nodes.cmake:43 (message):
[4.083s]   rclcpp_components_register_nodes() first argument 'kinematics_node' is not
[4.083s]   a shared library target
[4.083s] Call Stack (most recent call first):
[4.083s]   CMakeLists.txt:50 (rclcpp_components_register_nodes)
[4.084s] 
[4.084s] [0m
[4.084s] -- Configuring incomplete, errors occurred!
[4.084s] See also "/home/kalzemic/Projects/ArmVision/ros/src/build/kinematics/CMakeFiles/CMakeOutput.log".
[4.101s] Invoked command in '/home/kalzemic/Projects/ArmVision/ros/src/build/kinematics' returned '1': CMAKE_PREFIX_PATH=${CMAKE_PREFIX_PATH}:/opt/ros/humble DEBUGINFOD_URLS=https://debuginfod.archlinux.org /usr/bin/cmake /home/kalzemic/Projects/ArmVision/ros/src/kinematics -DPYTHON_EXECUTABLE=/usr/bin/python3 -DCMAKE_INSTALL_PREFIX=/home/kalzemic/Projects/ArmVision/ros/src/install/kinematics
