[0.026s] Invoking command in '/home/kalzemic/Projects/ArmVision/ros/src/build/trajectory': CMAKE_PREFIX_PATH=${CMAKE_PREFIX_PATH}:/opt/ros/humble DEBUGINFOD_URLS=https://debuginfod.archlinux.org /usr/bin/cmake /home/kalzemic/Projects/ArmVision/ros/src/trajectory -DPYTHON_EXECUTABLE=/usr/bin/python3 -DCMAKE_INSTALL_PREFIX=/home/kalzemic/Projects/ArmVision/ros/src/install/trajectory
[0.092s] -- The C compiler identification is GNU 11.4.0
[0.156s] -- The CXX compiler identification is GNU 11.4.0
[0.166s] -- Detecting C compiler ABI info
[0.239s] -- Detecting C compiler ABI info - done
[0.251s] -- Check for working C compiler: /usr/bin/cc - skipped
[0.251s] -- Detecting C compile features
[0.251s] -- Detecting C compile features - done
[0.256s] -- Detecting CXX compiler ABI info
[0.350s] -- Detecting CXX compiler ABI info - done
[0.362s] -- Check for working CXX compiler: /usr/bin/c++ - skipped
[0.362s] -- Detecting CXX compile features
[0.363s] -- Detecting CXX compile features - done
[0.367s] -- Found ament_cmake: 1.3.14 (/opt/ros/humble/share/ament_cmake/cmake)
[0.536s] -- Found Python3: /usr/bin/python3 (found version "3.10.12") found components: Interpreter 
[0.642s] -- Found rclcpp: 16.0.21 (/opt/ros/humble/share/rclcpp/cmake)
[0.695s] -- Found rosidl_generator_c: 3.1.9 (/opt/ros/humble/share/rosidl_generator_c/cmake)
[0.701s] -- Found rosidl_adapter: 3.1.9 (/opt/ros/humble/share/rosidl_adapter/cmake)
[0.711s] -- Found rosidl_generator_cpp: 3.1.9 (/opt/ros/humble/share/rosidl_generator_cpp/cmake)
[0.723s] -- Using all available rosidl_typesupport_c: rosidl_typesupport_fastrtps_c;rosidl_typesupport_introspection_c
[0.741s] -- Using all available rosidl_typesupport_cpp: rosidl_typesupport_fastrtps_cpp;rosidl_typesupport_introspection_cpp
[0.811s] -- Found rmw_implementation_cmake: 6.1.4 (/opt/ros/humble/share/rmw_implementation_cmake/cmake)
[0.814s] -- Found rmw_fastrtps_cpp: 6.2.10 (/opt/ros/humble/share/rmw_fastrtps_cpp/cmake)
[0.916s] -- Found OpenSSL: /usr/lib/x86_64-linux-gnu/libcrypto.so (found version "3.0.2")  
[0.959s] -- Found FastRTPS: /opt/ros/humble/include  
[1.035s] -- Using RMW implementation 'rmw_fastrtps_cpp' as default
[1.047s] -- Looking for pthread.h
[1.118s] -- Looking for pthread.h - found
[1.118s] -- Performing Test CMAKE_HAVE_LIBC_PTHREAD
[1.187s] -- Performing Test CMAKE_HAVE_LIBC_PTHREAD - Success
[1.188s] -- Found Threads: TRUE  
[1.261s] -- Found sensor_msgs: 4.9.2 (/opt/ros/humble/share/sensor_msgs/cmake)
[1.291s] -- Found trajectory_msgs: 4.9.2 (/opt/ros/humble/share/trajectory_msgs/cmake)
[1.311s] -- Found ament_lint_auto: 0.12.15 (/opt/ros/humble/share/ament_lint_auto/cmake)
[1.392s] -- Added test 'cppcheck' to perform static code analysis on C / C++ code
[1.392s] -- Configured cppcheck include dirs: 
[1.392s] -- Configured cppcheck exclude dirs and/or files: 
[1.393s] -- Added test 'lint_cmake' to check CMake code style
[1.395s] -- Added test 'uncrustify' to check C / C++ code style
[1.395s] -- Configured uncrustify additional arguments: 
[1.396s] -- Added test 'xmllint' to check XML markup files
[1.397s] -- Configuring done
[1.403s] -- Generating done
[1.405s] [33mCMake Warning:
[1.405s]   Manually-specified variables were not used by the project:
[1.405s] 
[1.405s]     PYTHON_EXECUTABLE
[1.405s] 
[1.405s] [0m
[1.406s] -- Build files have been written to: /home/kalzemic/Projects/ArmVision/ros/src/build/trajectory
[1.416s] Invoked command in '/home/kalzemic/Projects/ArmVision/ros/src/build/trajectory' returned '0': CMAKE_PREFIX_PATH=${CMAKE_PREFIX_PATH}:/opt/ros/humble DEBUGINFOD_URLS=https://debuginfod.archlinux.org /usr/bin/cmake /home/kalzemic/Projects/ArmVision/ros/src/trajectory -DPYTHON_EXECUTABLE=/usr/bin/python3 -DCMAKE_INSTALL_PREFIX=/home/kalzemic/Projects/ArmVision/ros/src/install/trajectory
[1.418s] Invoking command in '/home/kalzemic/Projects/ArmVision/ros/src/build/trajectory': CMAKE_PREFIX_PATH=${CMAKE_PREFIX_PATH}:/opt/ros/humble DEBUGINFOD_URLS=https://debuginfod.archlinux.org /usr/bin/cmake --build /home/kalzemic/Projects/ArmVision/ros/src/build/trajectory -- -j8 -l8
[1.468s] Invoked command in '/home/kalzemic/Projects/ArmVision/ros/src/build/trajectory' returned '0': CMAKE_PREFIX_PATH=${CMAKE_PREFIX_PATH}:/opt/ros/humble DEBUGINFOD_URLS=https://debuginfod.archlinux.org /usr/bin/cmake --build /home/kalzemic/Projects/ArmVision/ros/src/build/trajectory -- -j8 -l8
[1.481s] Invoking command in '/home/kalzemic/Projects/ArmVision/ros/src/build/trajectory': CMAKE_PREFIX_PATH=${CMAKE_PREFIX_PATH}:/opt/ros/humble DEBUGINFOD_URLS=https://debuginfod.archlinux.org /usr/bin/cmake --install /home/kalzemic/Projects/ArmVision/ros/src/build/trajectory
[1.489s] -- Install configuration: ""
[1.489s] -- Installing: /home/kalzemic/Projects/ArmVision/ros/src/install/trajectory/share/ament_index/resource_index/package_run_dependencies/trajectory
[1.490s] -- Installing: /home/kalzemic/Projects/ArmVision/ros/src/install/trajectory/share/ament_index/resource_index/parent_prefix_path/trajectory
[1.490s] -- Installing: /home/kalzemic/Projects/ArmVision/ros/src/install/trajectory/share/trajectory/environment/ament_prefix_path.sh
[1.491s] -- Installing: /home/kalzemic/Projects/ArmVision/ros/src/install/trajectory/share/trajectory/environment/ament_prefix_path.dsv
[1.491s] -- Installing: /home/kalzemic/Projects/ArmVision/ros/src/install/trajectory/share/trajectory/environment/path.sh
[1.491s] -- Installing: /home/kalzemic/Projects/ArmVision/ros/src/install/trajectory/share/trajectory/environment/path.dsv
[1.492s] -- Installing: /home/kalzemic/Projects/ArmVision/ros/src/install/trajectory/share/trajectory/local_setup.bash
[1.492s] -- Installing: /home/kalzemic/Projects/ArmVision/ros/src/install/trajectory/share/trajectory/local_setup.sh
[1.492s] -- Installing: /home/kalzemic/Projects/ArmVision/ros/src/install/trajectory/share/trajectory/local_setup.zsh
[1.492s] -- Installing: /home/kalzemic/Projects/ArmVision/ros/src/install/trajectory/share/trajectory/local_setup.dsv
[1.492s] -- Installing: /home/kalzemic/Projects/ArmVision/ros/src/install/trajectory/share/trajectory/package.dsv
[1.492s] -- Installing: /home/kalzemic/Projects/ArmVision/ros/src/install/trajectory/share/ament_index/resource_index/packages/trajectory
[1.492s] -- Installing: /home/kalzemic/Projects/ArmVision/ros/src/install/trajectory/share/trajectory/cmake/trajectoryConfig.cmake
[1.492s] -- Installing: /home/kalzemic/Projects/ArmVision/ros/src/install/trajectory/share/trajectory/cmake/trajectoryConfig-version.cmake
[1.492s] -- Installing: /home/kalzemic/Projects/ArmVision/ros/src/install/trajectory/share/trajectory/package.xml
[1.494s] Invoked command in '/home/kalzemic/Projects/ArmVision/ros/src/build/trajectory' returned '0': CMAKE_PREFIX_PATH=${CMAKE_PREFIX_PATH}:/opt/ros/humble DEBUGINFOD_URLS=https://debuginfod.archlinux.org /usr/bin/cmake --install /home/kalzemic/Projects/ArmVision/ros/src/build/trajectory
