[0.016s] Invoking command in '/home/kalzemic/Projects/ArmVision/ros/src/build/kinematics': CMAKE_PREFIX_PATH=${CMAKE_PREFIX_PATH}:/opt/ros/humble DEBUGINFOD_URLS=https://debuginfod.archlinux.org /usr/bin/cmake /home/kalzemic/Projects/ArmVision/ros/src/kinematics -DPYTHON_EXECUTABLE=/usr/bin/python3 -DCMAKE_INSTALL_PREFIX=/home/kalzemic/Projects/ArmVision/ros/src/install/kinematics
[0.028s] -- Found ament_cmake: 1.3.14 (/opt/ros/humble/share/ament_cmake/cmake)
[0.155s] -- Found rclcpp: 16.0.21 (/opt/ros/humble/share/rclcpp/cmake)
[0.185s] -- Found rosidl_generator_c: 3.1.9 (/opt/ros/humble/share/rosidl_generator_c/cmake)
[0.187s] -- Found rosidl_adapter: 3.1.9 (/opt/ros/humble/share/rosidl_adapter/cmake)
[0.193s] -- Found rosidl_generator_cpp: 3.1.9 (/opt/ros/humble/share/rosidl_generator_cpp/cmake)
[0.202s] -- Using all available rosidl_typesupport_c: rosidl_typesupport_fastrtps_c;rosidl_typesupport_introspection_c
[0.214s] -- Using all available rosidl_typesupport_cpp: rosidl_typesupport_fastrtps_cpp;rosidl_typesupport_introspection_cpp
[0.245s] -- Found rmw_implementation_cmake: 6.1.4 (/opt/ros/humble/share/rmw_implementation_cmake/cmake)
[0.246s] -- Found rmw_fastrtps_cpp: 6.2.10 (/opt/ros/humble/share/rmw_fastrtps_cpp/cmake)
[0.387s] -- Using RMW implementation 'rmw_fastrtps_cpp' as default
[0.441s] -- Found sensor_msgs: 4.9.2 (/opt/ros/humble/share/sensor_msgs/cmake)
[0.467s] -- Found rosidl_default_generators: 1.2.1 (/opt/ros/humble/share/rosidl_default_generators/cmake)
[0.482s] -- Found Boost: /usr/include (found version "1.74.0") found components: filesystem serialization 
[0.483s] -- eigenpy FOUND. eigenpy at /opt/ros/humble/lib/x86_64-linux-gnu/libeigenpy.so
[0.513s] -- Checking for NumPy
[0.802s] --   NUMPY_INCLUDE_DIRS=/usr/lib/python3/dist-packages/numpy/core/include
[0.944s] --   NUMPY_VERSION=1.21.5
[1.278s] -- Found Python3: /usr/bin/python3 (found version "3.10.12") found components: Interpreter Development.Module NumPy 
[1.279s] -- PythonLibraryDirs: 
[1.279s] -- PythonLibVersionString: 3.10.12
[1.298s] -- Python site lib: lib/python3.10/site-packages
[1.298s] -- Python include dirs: /usr/include/python3.10
[1.337s] -- Checking for NumPy
[1.479s] --   NUMPY_INCLUDE_DIRS=/usr/lib/python3/dist-packages/numpy/core/include
[1.625s] --   NUMPY_VERSION=1.21.5
[1.625s] -- NumPy include dir: /usr/lib/python3/dist-packages/numpy/core/include
[1.631s] [33mCMake Warning at /usr/share/cmake-3.22/Modules/FindBoost.cmake:2201 (message):
[1.631s]   No header defined for python310; skipping header check (note: header-only
[1.631s]   libraries have no designated component)
[1.631s] Call Stack (most recent call first):
[1.631s]   /opt/ros/humble/lib/x86_64-linux-gnu/cmake/eigenpy/boost.cmake:146 (find_package)
[1.631s]   /opt/ros/humble/lib/x86_64-linux-gnu/cmake/eigenpy/eigenpyConfig.cmake:172 (SEARCH_FOR_BOOST_PYTHON)
[1.631s]   /usr/share/cmake-3.22/Modules/CMakeFindDependencyMacro.cmake:47 (find_package)
[1.632s]   /opt/ros/humble/lib/x86_64-linux-gnu/cmake/pinocchio/pinocchioConfig.cmake:184 (find_dependency)
[1.632s]   CMakeLists.txt:14 (find_package)
[1.632s] 
[1.632s] [0m
[1.632s] -- Found Boost: /usr/include (found version "1.74.0") found components: python310 
[1.972s] -- Default C++ standard: 201703
[1.972s] -- C++ standard sufficient: Minimal required 17, currently defined: 17
[1.972s] -- CMAKE_CXX_STANDARD was not set: automatically set to currently defined standard 17
[1.973s] -- coal FOUND. coal at /opt/ros/humble/lib/x86_64-linux-gnu/libcoal.so
[1.982s] -- Found Boost: /usr/include (found version "1.74.0") found components: serialization filesystem 
[1.984s] -- C++ standard sufficient: Minimal required 17, currently defined: 17
[1.985s] -- C++ standard sufficient: Minimal required 17, currently defined: 17
[2.042s] -- Found Python3: /usr/bin/python3 (found version "3.10.12") found components: Interpreter 
[2.297s] -- Found ament_cmake_ros: 0.10.1 (/opt/ros/humble/share/ament_cmake_ros/cmake)
[2.722s] -- Using all available rosidl_typesupport_c: rosidl_typesupport_fastrtps_c;rosidl_typesupport_introspection_c
[2.893s] -- Using all available rosidl_typesupport_cpp: rosidl_typesupport_fastrtps_cpp;rosidl_typesupport_introspection_cpp
[2.915s] -- Found python_cmake_module: 0.10.0 (/opt/ros/humble/share/python_cmake_module/cmake)
[2.936s] -- Using PYTHON_EXECUTABLE: /usr/bin/python3
[2.936s] -- Using PYTHON_INCLUDE_DIRS: /usr/include/python3.10
[2.936s] -- Using PYTHON_LIBRARIES: /usr/lib/x86_64-linux-gnu/libpython3.10.so
[3.081s] [31mCMake Error at /opt/ros/humble/share/ament_cmake_target_dependencies/cmake/ament_target_dependencies.cmake:77 (message):
[3.081s]   ament_target_dependencies() the passed package name 'rclcpp_components' was
[3.081s]   not found before
[3.082s] Call Stack (most recent call first):
[3.082s]   CMakeLists.txt:32 (ament_target_dependencies)
[3.082s] 
[3.082s] [0m
[3.082s] -- Configuring incomplete, errors occurred!
[3.082s] See also "/home/kalzemic/Projects/ArmVision/ros/src/build/kinematics/CMakeFiles/CMakeOutput.log".
[3.090s] Invoked command in '/home/kalzemic/Projects/ArmVision/ros/src/build/kinematics' returned '1': CMAKE_PREFIX_PATH=${CMAKE_PREFIX_PATH}:/opt/ros/humble DEBUGINFOD_URLS=https://debuginfod.archlinux.org /usr/bin/cmake /home/kalzemic/Projects/ArmVision/ros/src/kinematics -DPYTHON_EXECUTABLE=/usr/bin/python3 -DCMAKE_INSTALL_PREFIX=/home/kalzemic/Projects/ArmVision/ros/src/install/kinematics
