[0.100s] DEBUG:colcon:Command line arguments: ['/usr/bin/colcon', 'build', '--cmake-args', '-DPYTHON_EXECUTABLE=/usr/bin/python3']
[0.100s] DEBUG:colcon:Parsed command line arguments: Namespace(log_base=None, log_level=None, verb_name='build', build_base='build', install_base='install', merge_install=False, symlink_install=False, test_result_base=None, continue_on_error=False, executor='parallel', parallel_workers=8, event_handlers=None, ignore_user_meta=False, metas=['./colcon.meta'], base_paths=['.'], packages_ignore=None, packages_ignore_regex=None, paths=None, packages_up_to=None, packages_up_to_regex=None, packages_above=None, packages_above_and_dependencies=None, packages_above_depth=None, packages_select_by_dep=None, packages_skip_by_dep=None, packages_skip_up_to=None, packages_select_build_failed=False, packages_skip_build_finished=False, packages_select_test_failures=False, packages_skip_test_passed=False, packages_select=None, packages_skip=None, packages_select_regex=None, packages_skip_regex=None, packages_start=None, packages_end=None, allow_overriding=[], cmake_args=['-DPYTHON_EXECUTABLE=/usr/bin/python3'], cmake_target=None, cmake_target_skip_unavailable=False, cmake_clean_cache=False, cmake_clean_first=False, cmake_force_configure=False, ament_cmake_args=None, catkin_cmake_args=None, catkin_skip_building_tests=False, verb_parser=<colcon_defaults.argument_parser.defaults.DefaultArgumentsDecorator object at 0x7f2d246e0670>, verb_extension=<colcon_core.verb.build.BuildVerb object at 0x7f2d246e0220>, main=<bound method BuildVerb.main of <colcon_core.verb.build.BuildVerb object at 0x7f2d246e0220>>)
[0.311s] Level 1:colcon.colcon_core.package_discovery:discover_packages(colcon_meta) check parameters
[0.311s] Level 1:colcon.colcon_core.package_discovery:discover_packages(recursive) check parameters
[0.311s] Level 1:colcon.colcon_core.package_discovery:discover_packages(ignore) check parameters
[0.312s] Level 1:colcon.colcon_core.package_discovery:discover_packages(path) check parameters
[0.312s] Level 1:colcon.colcon_core.package_discovery:discover_packages(colcon_meta) discover
[0.312s] Level 1:colcon.colcon_core.package_discovery:discover_packages(recursive) discover
[0.312s] INFO:colcon.colcon_core.package_discovery:Crawling recursively for packages in '/home/kalzemic/Projects/ArmVision/ros/src'
[0.312s] Level 1:colcon.colcon_core.package_identification:_identify(.) by extensions ['ignore', 'ignore_ament_install']
[0.312s] Level 1:colcon.colcon_core.package_identification:_identify(.) by extension 'ignore'
[0.312s] Level 1:colcon.colcon_core.package_identification:_identify(.) by extension 'ignore_ament_install'
[0.312s] Level 1:colcon.colcon_core.package_identification:_identify(.) by extensions ['colcon_pkg']
[0.312s] Level 1:colcon.colcon_core.package_identification:_identify(.) by extension 'colcon_pkg'
[0.312s] Level 1:colcon.colcon_core.package_identification:_identify(.) by extensions ['colcon_meta']
[0.312s] Level 1:colcon.colcon_core.package_identification:_identify(.) by extension 'colcon_meta'
[0.312s] Level 1:colcon.colcon_core.package_identification:_identify(.) by extensions ['ros']
[0.313s] Level 1:colcon.colcon_core.package_identification:_identify(.) by extension 'ros'
[0.332s] Level 1:colcon.colcon_core.package_identification:_identify(.) by extensions ['cmake', 'python']
[0.332s] Level 1:colcon.colcon_core.package_identification:_identify(.) by extension 'cmake'
[0.332s] Level 1:colcon.colcon_core.package_identification:_identify(.) by extension 'python'
[0.332s] Level 1:colcon.colcon_core.package_identification:_identify(.) by extensions ['python_setup_py']
[0.332s] Level 1:colcon.colcon_core.package_identification:_identify(.) by extension 'python_setup_py'
[0.333s] Level 1:colcon.colcon_core.package_identification:_identify(build) by extensions ['ignore', 'ignore_ament_install']
[0.333s] Level 1:colcon.colcon_core.package_identification:_identify(build) by extension 'ignore'
[0.333s] Level 1:colcon.colcon_core.package_identification:_identify(build) ignored
[0.333s] Level 1:colcon.colcon_core.package_identification:_identify(install) by extensions ['ignore', 'ignore_ament_install']
[0.333s] Level 1:colcon.colcon_core.package_identification:_identify(install) by extension 'ignore'
[0.333s] Level 1:colcon.colcon_core.package_identification:_identify(install) ignored
[0.333s] Level 1:colcon.colcon_core.package_identification:_identify(kinematics) by extensions ['ignore', 'ignore_ament_install']
[0.334s] Level 1:colcon.colcon_core.package_identification:_identify(kinematics) by extension 'ignore'
[0.334s] Level 1:colcon.colcon_core.package_identification:_identify(kinematics) by extension 'ignore_ament_install'
[0.334s] Level 1:colcon.colcon_core.package_identification:_identify(kinematics) by extensions ['colcon_pkg']
[0.334s] Level 1:colcon.colcon_core.package_identification:_identify(kinematics) by extension 'colcon_pkg'
[0.334s] Level 1:colcon.colcon_core.package_identification:_identify(kinematics) by extensions ['colcon_meta']
[0.334s] Level 1:colcon.colcon_core.package_identification:_identify(kinematics) by extension 'colcon_meta'
[0.334s] Level 1:colcon.colcon_core.package_identification:_identify(kinematics) by extensions ['ros']
[0.334s] Level 1:colcon.colcon_core.package_identification:_identify(kinematics) by extension 'ros'
[0.339s] DEBUG:colcon.colcon_core.package_identification:Package 'kinematics' with type 'ros.ament_cmake' and name 'kinematics'
[0.339s] Level 1:colcon.colcon_core.package_identification:_identify(log) by extensions ['ignore', 'ignore_ament_install']
[0.339s] Level 1:colcon.colcon_core.package_identification:_identify(log) by extension 'ignore'
[0.339s] Level 1:colcon.colcon_core.package_identification:_identify(log) ignored
[0.339s] Level 1:colcon.colcon_core.package_identification:_identify(trajectory) by extensions ['ignore', 'ignore_ament_install']
[0.339s] Level 1:colcon.colcon_core.package_identification:_identify(trajectory) by extension 'ignore'
[0.339s] Level 1:colcon.colcon_core.package_identification:_identify(trajectory) by extension 'ignore_ament_install'
[0.339s] Level 1:colcon.colcon_core.package_identification:_identify(trajectory) by extensions ['colcon_pkg']
[0.340s] Level 1:colcon.colcon_core.package_identification:_identify(trajectory) by extension 'colcon_pkg'
[0.340s] Level 1:colcon.colcon_core.package_identification:_identify(trajectory) by extensions ['colcon_meta']
[0.340s] Level 1:colcon.colcon_core.package_identification:_identify(trajectory) by extension 'colcon_meta'
[0.340s] Level 1:colcon.colcon_core.package_identification:_identify(trajectory) by extensions ['ros']
[0.340s] Level 1:colcon.colcon_core.package_identification:_identify(trajectory) by extension 'ros'
[0.341s] DEBUG:colcon.colcon_core.package_identification:Package 'trajectory' with type 'ros.ament_cmake' and name 'trajectory'
[0.341s] Level 1:colcon.colcon_core.package_discovery:discover_packages(recursive) using defaults
[0.341s] Level 1:colcon.colcon_core.package_discovery:discover_packages(ignore) discover
[0.341s] Level 1:colcon.colcon_core.package_discovery:discover_packages(ignore) using defaults
[0.341s] Level 1:colcon.colcon_core.package_discovery:discover_packages(path) discover
[0.341s] Level 1:colcon.colcon_core.package_discovery:discover_packages(path) using defaults
[0.376s] Level 1:colcon.colcon_core.package_discovery:discover_packages(prefix_path) check parameters
[0.376s] Level 1:colcon.colcon_core.package_discovery:discover_packages(prefix_path) discover
[0.379s] DEBUG:colcon.colcon_installed_package_information.package_discovery:Found 1 installed packages in /home/kalzemic/Projects/ArmVision/ros/install
[0.382s] DEBUG:colcon.colcon_installed_package_information.package_discovery:Found 399 installed packages in /opt/ros/humble
[0.403s] Level 1:colcon.colcon_core.package_discovery:discover_packages(prefix_path) using defaults
[0.471s] Level 5:colcon.colcon_core.verb:set package 'kinematics' build argument 'cmake_args' from command line to '['-DPYTHON_EXECUTABLE=/usr/bin/python3']'
[0.471s] Level 5:colcon.colcon_core.verb:set package 'kinematics' build argument 'cmake_target' from command line to 'None'
[0.471s] Level 5:colcon.colcon_core.verb:set package 'kinematics' build argument 'cmake_target_skip_unavailable' from command line to 'False'
[0.471s] Level 5:colcon.colcon_core.verb:set package 'kinematics' build argument 'cmake_clean_cache' from command line to 'False'
[0.471s] Level 5:colcon.colcon_core.verb:set package 'kinematics' build argument 'cmake_clean_first' from command line to 'False'
[0.471s] Level 5:colcon.colcon_core.verb:set package 'kinematics' build argument 'cmake_force_configure' from command line to 'False'
[0.471s] Level 5:colcon.colcon_core.verb:set package 'kinematics' build argument 'ament_cmake_args' from command line to 'None'
[0.471s] Level 5:colcon.colcon_core.verb:set package 'kinematics' build argument 'catkin_cmake_args' from command line to 'None'
[0.471s] Level 5:colcon.colcon_core.verb:set package 'kinematics' build argument 'catkin_skip_building_tests' from command line to 'False'
[0.471s] DEBUG:colcon.colcon_core.verb:Building package 'kinematics' with the following arguments: {'ament_cmake_args': None, 'build_base': '/home/kalzemic/Projects/ArmVision/ros/src/build/kinematics', 'catkin_cmake_args': None, 'catkin_skip_building_tests': False, 'cmake_args': ['-DPYTHON_EXECUTABLE=/usr/bin/python3'], 'cmake_clean_cache': False, 'cmake_clean_first': False, 'cmake_force_configure': False, 'cmake_target': None, 'cmake_target_skip_unavailable': False, 'install_base': '/home/kalzemic/Projects/ArmVision/ros/src/install/kinematics', 'merge_install': False, 'path': '/home/kalzemic/Projects/ArmVision/ros/src/kinematics', 'symlink_install': False, 'test_result_base': None}
[0.472s] Level 5:colcon.colcon_core.verb:set package 'trajectory' build argument 'cmake_args' from command line to '['-DPYTHON_EXECUTABLE=/usr/bin/python3']'
[0.472s] Level 5:colcon.colcon_core.verb:set package 'trajectory' build argument 'cmake_target' from command line to 'None'
[0.472s] Level 5:colcon.colcon_core.verb:set package 'trajectory' build argument 'cmake_target_skip_unavailable' from command line to 'False'
[0.472s] Level 5:colcon.colcon_core.verb:set package 'trajectory' build argument 'cmake_clean_cache' from command line to 'False'
[0.472s] Level 5:colcon.colcon_core.verb:set package 'trajectory' build argument 'cmake_clean_first' from command line to 'False'
[0.472s] Level 5:colcon.colcon_core.verb:set package 'trajectory' build argument 'cmake_force_configure' from command line to 'False'
[0.472s] Level 5:colcon.colcon_core.verb:set package 'trajectory' build argument 'ament_cmake_args' from command line to 'None'
[0.472s] Level 5:colcon.colcon_core.verb:set package 'trajectory' build argument 'catkin_cmake_args' from command line to 'None'
[0.472s] Level 5:colcon.colcon_core.verb:set package 'trajectory' build argument 'catkin_skip_building_tests' from command line to 'False'
[0.472s] DEBUG:colcon.colcon_core.verb:Building package 'trajectory' with the following arguments: {'ament_cmake_args': None, 'build_base': '/home/kalzemic/Projects/ArmVision/ros/src/build/trajectory', 'catkin_cmake_args': None, 'catkin_skip_building_tests': False, 'cmake_args': ['-DPYTHON_EXECUTABLE=/usr/bin/python3'], 'cmake_clean_cache': False, 'cmake_clean_first': False, 'cmake_force_configure': False, 'cmake_target': None, 'cmake_target_skip_unavailable': False, 'install_base': '/home/kalzemic/Projects/ArmVision/ros/src/install/trajectory', 'merge_install': False, 'path': '/home/kalzemic/Projects/ArmVision/ros/src/trajectory', 'symlink_install': False, 'test_result_base': None}
[0.472s] INFO:colcon.colcon_core.executor:Executing jobs using 'parallel' executor
[0.473s] DEBUG:colcon.colcon_parallel_executor.executor.parallel:run_until_complete
[0.474s] INFO:colcon.colcon_ros.task.ament_cmake.build:Building ROS package in '/home/kalzemic/Projects/ArmVision/ros/src/kinematics' with build type 'ament_cmake'
[0.474s] INFO:colcon.colcon_cmake.task.cmake.build:Building CMake package in '/home/kalzemic/Projects/ArmVision/ros/src/kinematics'
[0.476s] INFO:colcon.colcon_core.plugin_system:Skipping extension 'colcon_core.shell.bat': Not used on non-Windows systems
[0.476s] INFO:colcon.colcon_core.shell:Skip shell extension 'powershell' for command environment: Not usable outside of PowerShell
[0.476s] DEBUG:colcon.colcon_core.shell:Skip shell extension 'dsv' for command environment
[0.481s] INFO:colcon.colcon_ros.task.ament_cmake.build:Building ROS package in '/home/kalzemic/Projects/ArmVision/ros/src/trajectory' with build type 'ament_cmake'
[0.481s] INFO:colcon.colcon_cmake.task.cmake.build:Building CMake package in '/home/kalzemic/Projects/ArmVision/ros/src/trajectory'
[0.482s] INFO:colcon.colcon_core.shell:Skip shell extension 'powershell' for command environment: Not usable outside of PowerShell
[0.482s] DEBUG:colcon.colcon_core.shell:Skip shell extension 'dsv' for command environment
[0.494s] DEBUG:colcon.colcon_core.event_handler.log_command:Invoking command in '/home/kalzemic/Projects/ArmVision/ros/src/build/kinematics': CMAKE_PREFIX_PATH=${CMAKE_PREFIX_PATH}:/opt/ros/humble DEBUGINFOD_URLS=https://debuginfod.archlinux.org /usr/bin/cmake /home/kalzemic/Projects/ArmVision/ros/src/kinematics -DPYTHON_EXECUTABLE=/usr/bin/python3 -DCMAKE_INSTALL_PREFIX=/home/kalzemic/Projects/ArmVision/ros/src/install/kinematics
[0.509s] DEBUG:colcon.colcon_core.event_handler.log_command:Invoking command in '/home/kalzemic/Projects/ArmVision/ros/src/build/trajectory': CMAKE_PREFIX_PATH=${CMAKE_PREFIX_PATH}:/opt/ros/humble DEBUGINFOD_URLS=https://debuginfod.archlinux.org /usr/bin/cmake /home/kalzemic/Projects/ArmVision/ros/src/trajectory -DPYTHON_EXECUTABLE=/usr/bin/python3 -DCMAKE_INSTALL_PREFIX=/home/kalzemic/Projects/ArmVision/ros/src/install/trajectory
[1.898s] DEBUG:colcon.colcon_core.event_handler.log_command:Invoked command in '/home/kalzemic/Projects/ArmVision/ros/src/build/trajectory' returned '0': CMAKE_PREFIX_PATH=${CMAKE_PREFIX_PATH}:/opt/ros/humble DEBUGINFOD_URLS=https://debuginfod.archlinux.org /usr/bin/cmake /home/kalzemic/Projects/ArmVision/ros/src/trajectory -DPYTHON_EXECUTABLE=/usr/bin/python3 -DCMAKE_INSTALL_PREFIX=/home/kalzemic/Projects/ArmVision/ros/src/install/trajectory
[1.901s] DEBUG:colcon.colcon_core.event_handler.log_command:Invoking command in '/home/kalzemic/Projects/ArmVision/ros/src/build/trajectory': CMAKE_PREFIX_PATH=${CMAKE_PREFIX_PATH}:/opt/ros/humble DEBUGINFOD_URLS=https://debuginfod.archlinux.org /usr/bin/cmake --build /home/kalzemic/Projects/ArmVision/ros/src/build/trajectory -- -j8 -l8
[1.951s] DEBUG:colcon.colcon_core.event_handler.log_command:Invoked command in '/home/kalzemic/Projects/ArmVision/ros/src/build/trajectory' returned '0': CMAKE_PREFIX_PATH=${CMAKE_PREFIX_PATH}:/opt/ros/humble DEBUGINFOD_URLS=https://debuginfod.archlinux.org /usr/bin/cmake --build /home/kalzemic/Projects/ArmVision/ros/src/build/trajectory -- -j8 -l8
[1.964s] DEBUG:colcon.colcon_core.event_handler.log_command:Invoking command in '/home/kalzemic/Projects/ArmVision/ros/src/build/trajectory': CMAKE_PREFIX_PATH=${CMAKE_PREFIX_PATH}:/opt/ros/humble DEBUGINFOD_URLS=https://debuginfod.archlinux.org /usr/bin/cmake --install /home/kalzemic/Projects/ArmVision/ros/src/build/trajectory
[1.976s] Level 1:colcon.colcon_core.environment:create_environment_scripts_only(trajectory)
[1.977s] DEBUG:colcon.colcon_core.event_handler.log_command:Invoked command in '/home/kalzemic/Projects/ArmVision/ros/src/build/trajectory' returned '0': CMAKE_PREFIX_PATH=${CMAKE_PREFIX_PATH}:/opt/ros/humble DEBUGINFOD_URLS=https://debuginfod.archlinux.org /usr/bin/cmake --install /home/kalzemic/Projects/ArmVision/ros/src/build/trajectory
[1.985s] Level 1:colcon.colcon_core.environment:checking '/home/kalzemic/Projects/ArmVision/ros/src/install/trajectory' for CMake module files
[1.985s] Level 1:colcon.colcon_core.environment:checking '/home/kalzemic/Projects/ArmVision/ros/src/install/trajectory' for CMake config files
[1.986s] Level 1:colcon.colcon_core.shell:create_environment_hook('trajectory', 'cmake_prefix_path')
[1.987s] INFO:colcon.colcon_core.shell:Creating environment hook '/home/kalzemic/Projects/ArmVision/ros/src/install/trajectory/share/trajectory/hook/cmake_prefix_path.ps1'
[1.991s] INFO:colcon.colcon_core.shell:Creating environment descriptor '/home/kalzemic/Projects/ArmVision/ros/src/install/trajectory/share/trajectory/hook/cmake_prefix_path.dsv'
[1.991s] INFO:colcon.colcon_core.shell:Creating environment hook '/home/kalzemic/Projects/ArmVision/ros/src/install/trajectory/share/trajectory/hook/cmake_prefix_path.sh'
[1.993s] Level 1:colcon.colcon_core.environment:checking '/home/kalzemic/Projects/ArmVision/ros/src/install/trajectory/bin'
[1.993s] Level 1:colcon.colcon_core.environment:checking '/home/kalzemic/Projects/ArmVision/ros/src/install/trajectory/lib/pkgconfig/trajectory.pc'
[1.996s] Level 1:colcon.colcon_core.environment:checking '/home/kalzemic/Projects/ArmVision/ros/src/install/trajectory/lib/python3.10/site-packages'
[1.997s] Level 1:colcon.colcon_core.environment:checking '/home/kalzemic/Projects/ArmVision/ros/src/install/trajectory/bin'
[1.998s] INFO:colcon.colcon_core.shell:Creating package script '/home/kalzemic/Projects/ArmVision/ros/src/install/trajectory/share/trajectory/package.ps1'
[2.002s] INFO:colcon.colcon_core.shell:Creating package descriptor '/home/kalzemic/Projects/ArmVision/ros/src/install/trajectory/share/trajectory/package.dsv'
[2.003s] INFO:colcon.colcon_core.shell:Creating package script '/home/kalzemic/Projects/ArmVision/ros/src/install/trajectory/share/trajectory/package.sh'
[2.005s] INFO:colcon.colcon_core.shell:Creating package script '/home/kalzemic/Projects/ArmVision/ros/src/install/trajectory/share/trajectory/package.bash'
[2.006s] INFO:colcon.colcon_core.shell:Creating package script '/home/kalzemic/Projects/ArmVision/ros/src/install/trajectory/share/trajectory/package.zsh'
[2.007s] Level 1:colcon.colcon_core.environment:create_file_with_runtime_dependencies(/home/kalzemic/Projects/ArmVision/ros/src/install/trajectory/share/colcon-core/packages/trajectory)
[2.008s] Level 1:colcon.colcon_core.environment:create_environment_scripts_only(trajectory)
[2.008s] Level 1:colcon.colcon_core.environment:checking '/home/kalzemic/Projects/ArmVision/ros/src/install/trajectory' for CMake module files
[2.008s] Level 1:colcon.colcon_core.environment:checking '/home/kalzemic/Projects/ArmVision/ros/src/install/trajectory' for CMake config files
[2.009s] Level 1:colcon.colcon_core.shell:create_environment_hook('trajectory', 'cmake_prefix_path')
[2.009s] INFO:colcon.colcon_core.shell:Creating environment hook '/home/kalzemic/Projects/ArmVision/ros/src/install/trajectory/share/trajectory/hook/cmake_prefix_path.ps1'
[2.010s] INFO:colcon.colcon_core.shell:Creating environment descriptor '/home/kalzemic/Projects/ArmVision/ros/src/install/trajectory/share/trajectory/hook/cmake_prefix_path.dsv'
[2.010s] INFO:colcon.colcon_core.shell:Creating environment hook '/home/kalzemic/Projects/ArmVision/ros/src/install/trajectory/share/trajectory/hook/cmake_prefix_path.sh'
[2.011s] Level 1:colcon.colcon_core.environment:checking '/home/kalzemic/Projects/ArmVision/ros/src/install/trajectory/bin'
[2.011s] Level 1:colcon.colcon_core.environment:checking '/home/kalzemic/Projects/ArmVision/ros/src/install/trajectory/lib/pkgconfig/trajectory.pc'
[2.012s] Level 1:colcon.colcon_core.environment:checking '/home/kalzemic/Projects/ArmVision/ros/src/install/trajectory/lib/python3.10/site-packages'
[2.012s] Level 1:colcon.colcon_core.environment:checking '/home/kalzemic/Projects/ArmVision/ros/src/install/trajectory/bin'
[2.013s] INFO:colcon.colcon_core.shell:Creating package script '/home/kalzemic/Projects/ArmVision/ros/src/install/trajectory/share/trajectory/package.ps1'
[2.014s] INFO:colcon.colcon_core.shell:Creating package descriptor '/home/kalzemic/Projects/ArmVision/ros/src/install/trajectory/share/trajectory/package.dsv'
[2.014s] INFO:colcon.colcon_core.shell:Creating package script '/home/kalzemic/Projects/ArmVision/ros/src/install/trajectory/share/trajectory/package.sh'
[2.015s] INFO:colcon.colcon_core.shell:Creating package script '/home/kalzemic/Projects/ArmVision/ros/src/install/trajectory/share/trajectory/package.bash'
[2.015s] INFO:colcon.colcon_core.shell:Creating package script '/home/kalzemic/Projects/ArmVision/ros/src/install/trajectory/share/trajectory/package.zsh'
[2.016s] Level 1:colcon.colcon_core.environment:create_file_with_runtime_dependencies(/home/kalzemic/Projects/ArmVision/ros/src/install/trajectory/share/colcon-core/packages/trajectory)
[4.574s] DEBUG:colcon.colcon_core.event_handler.log_command:Invoked command in '/home/kalzemic/Projects/ArmVision/ros/src/build/kinematics' returned '1': CMAKE_PREFIX_PATH=${CMAKE_PREFIX_PATH}:/opt/ros/humble DEBUGINFOD_URLS=https://debuginfod.archlinux.org /usr/bin/cmake /home/kalzemic/Projects/ArmVision/ros/src/kinematics -DPYTHON_EXECUTABLE=/usr/bin/python3 -DCMAKE_INSTALL_PREFIX=/home/kalzemic/Projects/ArmVision/ros/src/install/kinematics
[4.586s] Level 1:colcon.colcon_core.environment:create_environment_scripts_only(kinematics)
[4.586s] Level 1:colcon.colcon_core.environment:checking '/home/kalzemic/Projects/ArmVision/ros/src/install/kinematics' for CMake module files
[4.586s] Level 1:colcon.colcon_core.environment:checking '/home/kalzemic/Projects/ArmVision/ros/src/install/kinematics' for CMake config files
[4.587s] Level 1:colcon.colcon_core.environment:checking '/home/kalzemic/Projects/ArmVision/ros/src/install/kinematics/bin'
[4.587s] Level 1:colcon.colcon_core.environment:checking '/home/kalzemic/Projects/ArmVision/ros/src/install/kinematics/lib/pkgconfig/kinematics.pc'
[4.587s] Level 1:colcon.colcon_core.environment:checking '/home/kalzemic/Projects/ArmVision/ros/src/install/kinematics/lib/python3.10/site-packages'
[4.587s] Level 1:colcon.colcon_core.environment:checking '/home/kalzemic/Projects/ArmVision/ros/src/install/kinematics/bin'
[4.588s] INFO:colcon.colcon_core.shell:Creating package script '/home/kalzemic/Projects/ArmVision/ros/src/install/kinematics/share/kinematics/package.ps1'
[4.588s] INFO:colcon.colcon_core.shell:Creating package descriptor '/home/kalzemic/Projects/ArmVision/ros/src/install/kinematics/share/kinematics/package.dsv'
[4.589s] INFO:colcon.colcon_core.shell:Creating package script '/home/kalzemic/Projects/ArmVision/ros/src/install/kinematics/share/kinematics/package.sh'
[4.589s] INFO:colcon.colcon_core.shell:Creating package script '/home/kalzemic/Projects/ArmVision/ros/src/install/kinematics/share/kinematics/package.bash'
[4.589s] INFO:colcon.colcon_core.shell:Creating package script '/home/kalzemic/Projects/ArmVision/ros/src/install/kinematics/share/kinematics/package.zsh'
[4.590s] Level 1:colcon.colcon_core.environment:create_file_with_runtime_dependencies(/home/kalzemic/Projects/ArmVision/ros/src/install/kinematics/share/colcon-core/packages/kinematics)
[4.600s] DEBUG:colcon.colcon_parallel_executor.executor.parallel:closing loop
[4.600s] DEBUG:colcon.colcon_parallel_executor.executor.parallel:loop closed
[4.600s] DEBUG:colcon.colcon_parallel_executor.executor.parallel:run_until_complete finished with '1'
[4.600s] DEBUG:colcon.colcon_core.event_reactor:joining thread
[4.605s] INFO:colcon.colcon_core.plugin_system:Skipping extension 'colcon_notification.desktop_notification.notify_send': Could not find 'notify-send'
[4.605s] INFO:colcon.colcon_core.plugin_system:Skipping extension 'colcon_notification.desktop_notification.terminal_notifier': Not used on non-Darwin systems
[4.605s] INFO:colcon.colcon_core.plugin_system:Skipping extension 'colcon_notification.desktop_notification.win32': Not used on non-Windows systems
[4.605s] INFO:colcon.colcon_notification.desktop_notification:Sending desktop notification using 'notify2'
[4.622s] DEBUG:colcon.colcon_core.event_reactor:joined thread
[4.622s] INFO:colcon.colcon_core.shell:Creating prefix script '/home/kalzemic/Projects/ArmVision/ros/src/install/local_setup.ps1'
[4.624s] INFO:colcon.colcon_core.shell:Creating prefix util module '/home/kalzemic/Projects/ArmVision/ros/src/install/_local_setup_util_ps1.py'
[4.626s] INFO:colcon.colcon_core.shell:Creating prefix chain script '/home/kalzemic/Projects/ArmVision/ros/src/install/setup.ps1'
[4.628s] INFO:colcon.colcon_core.shell:Creating prefix script '/home/kalzemic/Projects/ArmVision/ros/src/install/local_setup.sh'
[4.628s] INFO:colcon.colcon_core.shell:Creating prefix util module '/home/kalzemic/Projects/ArmVision/ros/src/install/_local_setup_util_sh.py'
[4.629s] INFO:colcon.colcon_core.shell:Creating prefix chain script '/home/kalzemic/Projects/ArmVision/ros/src/install/setup.sh'
[4.630s] INFO:colcon.colcon_core.shell:Creating prefix script '/home/kalzemic/Projects/ArmVision/ros/src/install/local_setup.bash'
[4.630s] INFO:colcon.colcon_core.shell:Creating prefix chain script '/home/kalzemic/Projects/ArmVision/ros/src/install/setup.bash'
[4.631s] INFO:colcon.colcon_core.shell:Creating prefix script '/home/kalzemic/Projects/ArmVision/ros/src/install/local_setup.zsh'
[4.631s] INFO:colcon.colcon_core.shell:Creating prefix chain script '/home/kalzemic/Projects/ArmVision/ros/src/install/setup.zsh'
