[0.182s] DEBUG:colcon:Command line arguments: ['/usr/bin/colcon', 'build', '--packages-select', 'trajectory', '--cmake-args', '-DPYTHON_EXECUTABLE=/usr/bin/python3']
[0.182s] DEBUG:colcon:Parsed command line arguments: Namespace(log_base=None, log_level=None, verb_name='build', build_base='build', install_base='install', merge_install=False, symlink_install=False, test_result_base=None, continue_on_error=False, executor='parallel', parallel_workers=8, event_handlers=None, ignore_user_meta=False, metas=['./colcon.meta'], base_paths=['.'], packages_ignore=None, packages_ignore_regex=None, paths=None, packages_up_to=None, packages_up_to_regex=None, packages_above=None, packages_above_and_dependencies=None, packages_above_depth=None, packages_select_by_dep=None, packages_skip_by_dep=None, packages_skip_up_to=None, packages_select_build_failed=False, packages_skip_build_finished=False, packages_select_test_failures=False, packages_skip_test_passed=False, packages_select=['trajectory'], packages_skip=None, packages_select_regex=None, packages_skip_regex=None, packages_start=None, packages_end=None, allow_overriding=[], cmake_args=['-DPYTHON_EXECUTABLE=/usr/bin/python3'], cmake_target=None, cmake_target_skip_unavailable=False, cmake_clean_cache=False, cmake_clean_first=False, cmake_force_configure=False, ament_cmake_args=None, catkin_cmake_args=None, catkin_skip_building_tests=False, verb_parser=<colcon_defaults.argument_parser.defaults.DefaultArgumentsDecorator object at 0x7f7bfde78b50>, verb_extension=<colcon_core.verb.build.BuildVerb object at 0x7f7bfde78700>, main=<bound method BuildVerb.main of <colcon_core.verb.build.BuildVerb object at 0x7f7bfde78700>>)
[0.380s] Level 1:colcon.colcon_core.package_discovery:discover_packages(colcon_meta) check parameters
[0.380s] Level 1:colcon.colcon_core.package_discovery:discover_packages(recursive) check parameters
[0.380s] Level 1:colcon.colcon_core.package_discovery:discover_packages(ignore) check parameters
[0.380s] Level 1:colcon.colcon_core.package_discovery:discover_packages(path) check parameters
[0.380s] Level 1:colcon.colcon_core.package_discovery:discover_packages(colcon_meta) discover
[0.380s] Level 1:colcon.colcon_core.package_discovery:discover_packages(recursive) discover
[0.380s] INFO:colcon.colcon_core.package_discovery:Crawling recursively for packages in '/home/kalzemic/Projects/ArmVision/ros/src'
[0.380s] Level 1:colcon.colcon_core.package_identification:_identify(.) by extensions ['ignore', 'ignore_ament_install']
[0.381s] Level 1:colcon.colcon_core.package_identification:_identify(.) by extension 'ignore'
[0.381s] Level 1:colcon.colcon_core.package_identification:_identify(.) by extension 'ignore_ament_install'
[0.381s] Level 1:colcon.colcon_core.package_identification:_identify(.) by extensions ['colcon_pkg']
[0.381s] Level 1:colcon.colcon_core.package_identification:_identify(.) by extension 'colcon_pkg'
[0.381s] Level 1:colcon.colcon_core.package_identification:_identify(.) by extensions ['colcon_meta']
[0.381s] Level 1:colcon.colcon_core.package_identification:_identify(.) by extension 'colcon_meta'
[0.381s] Level 1:colcon.colcon_core.package_identification:_identify(.) by extensions ['ros']
[0.381s] Level 1:colcon.colcon_core.package_identification:_identify(.) by extension 'ros'
[0.391s] Level 1:colcon.colcon_core.package_identification:_identify(.) by extensions ['cmake', 'python']
[0.391s] Level 1:colcon.colcon_core.package_identification:_identify(.) by extension 'cmake'
[0.391s] Level 1:colcon.colcon_core.package_identification:_identify(.) by extension 'python'
[0.391s] Level 1:colcon.colcon_core.package_identification:_identify(.) by extensions ['python_setup_py']
[0.391s] Level 1:colcon.colcon_core.package_identification:_identify(.) by extension 'python_setup_py'
[0.391s] Level 1:colcon.colcon_core.package_identification:_identify(build) by extensions ['ignore', 'ignore_ament_install']
[0.391s] Level 1:colcon.colcon_core.package_identification:_identify(build) by extension 'ignore'
[0.391s] Level 1:colcon.colcon_core.package_identification:_identify(build) ignored
[0.392s] Level 1:colcon.colcon_core.package_identification:_identify(install) by extensions ['ignore', 'ignore_ament_install']
[0.392s] Level 1:colcon.colcon_core.package_identification:_identify(install) by extension 'ignore'
[0.392s] Level 1:colcon.colcon_core.package_identification:_identify(install) ignored
[0.392s] Level 1:colcon.colcon_core.package_identification:_identify(kinematics) by extensions ['ignore', 'ignore_ament_install']
[0.392s] Level 1:colcon.colcon_core.package_identification:_identify(kinematics) by extension 'ignore'
[0.392s] Level 1:colcon.colcon_core.package_identification:_identify(kinematics) by extension 'ignore_ament_install'
[0.392s] Level 1:colcon.colcon_core.package_identification:_identify(kinematics) by extensions ['colcon_pkg']
[0.392s] Level 1:colcon.colcon_core.package_identification:_identify(kinematics) by extension 'colcon_pkg'
[0.392s] Level 1:colcon.colcon_core.package_identification:_identify(kinematics) by extensions ['colcon_meta']
[0.392s] Level 1:colcon.colcon_core.package_identification:_identify(kinematics) by extension 'colcon_meta'
[0.392s] Level 1:colcon.colcon_core.package_identification:_identify(kinematics) by extensions ['ros']
[0.392s] Level 1:colcon.colcon_core.package_identification:_identify(kinematics) by extension 'ros'
[0.395s] DEBUG:colcon.colcon_core.package_identification:Package 'kinematics' with type 'ros.ament_cmake' and name 'kinematics'
[0.395s] Level 1:colcon.colcon_core.package_identification:_identify(log) by extensions ['ignore', 'ignore_ament_install']
[0.395s] Level 1:colcon.colcon_core.package_identification:_identify(log) by extension 'ignore'
[0.395s] Level 1:colcon.colcon_core.package_identification:_identify(log) ignored
[0.395s] Level 1:colcon.colcon_core.package_identification:_identify(trajectory) by extensions ['ignore', 'ignore_ament_install']
[0.395s] Level 1:colcon.colcon_core.package_identification:_identify(trajectory) by extension 'ignore'
[0.395s] Level 1:colcon.colcon_core.package_identification:_identify(trajectory) by extension 'ignore_ament_install'
[0.395s] Level 1:colcon.colcon_core.package_identification:_identify(trajectory) by extensions ['colcon_pkg']
[0.395s] Level 1:colcon.colcon_core.package_identification:_identify(trajectory) by extension 'colcon_pkg'
[0.395s] Level 1:colcon.colcon_core.package_identification:_identify(trajectory) by extensions ['colcon_meta']
[0.395s] Level 1:colcon.colcon_core.package_identification:_identify(trajectory) by extension 'colcon_meta'
[0.395s] Level 1:colcon.colcon_core.package_identification:_identify(trajectory) by extensions ['ros']
[0.395s] Level 1:colcon.colcon_core.package_identification:_identify(trajectory) by extension 'ros'
[0.396s] DEBUG:colcon.colcon_core.package_identification:Package 'trajectory' with type 'ros.ament_cmake' and name 'trajectory'
[0.396s] Level 1:colcon.colcon_core.package_discovery:discover_packages(recursive) using defaults
[0.396s] Level 1:colcon.colcon_core.package_discovery:discover_packages(ignore) discover
[0.396s] Level 1:colcon.colcon_core.package_discovery:discover_packages(ignore) using defaults
[0.396s] Level 1:colcon.colcon_core.package_discovery:discover_packages(path) discover
[0.396s] Level 1:colcon.colcon_core.package_discovery:discover_packages(path) using defaults
[0.416s] INFO:colcon.colcon_core.package_selection:Skipping not selected package 'kinematics' in 'kinematics'
[0.416s] Level 1:colcon.colcon_core.package_discovery:discover_packages(prefix_path) check parameters
[0.416s] Level 1:colcon.colcon_core.package_discovery:discover_packages(prefix_path) discover
[0.418s] DEBUG:colcon.colcon_installed_package_information.package_discovery:Found 2 installed packages in /home/kalzemic/Projects/ArmVision/ros/src/install
[0.418s] DEBUG:colcon.colcon_installed_package_information.package_discovery:Found 1 installed packages in /home/kalzemic/Projects/ArmVision/ros/install
[0.420s] DEBUG:colcon.colcon_installed_package_information.package_discovery:Found 399 installed packages in /opt/ros/humble
[0.432s] Level 1:colcon.colcon_core.package_discovery:discover_packages(prefix_path) using defaults
[0.502s] Level 5:colcon.colcon_core.verb:set package 'trajectory' build argument 'cmake_args' from command line to '['-DPYTHON_EXECUTABLE=/usr/bin/python3']'
[0.502s] Level 5:colcon.colcon_core.verb:set package 'trajectory' build argument 'cmake_target' from command line to 'None'
[0.502s] Level 5:colcon.colcon_core.verb:set package 'trajectory' build argument 'cmake_target_skip_unavailable' from command line to 'False'
[0.503s] Level 5:colcon.colcon_core.verb:set package 'trajectory' build argument 'cmake_clean_cache' from command line to 'False'
[0.503s] Level 5:colcon.colcon_core.verb:set package 'trajectory' build argument 'cmake_clean_first' from command line to 'False'
[0.503s] Level 5:colcon.colcon_core.verb:set package 'trajectory' build argument 'cmake_force_configure' from command line to 'False'
[0.503s] Level 5:colcon.colcon_core.verb:set package 'trajectory' build argument 'ament_cmake_args' from command line to 'None'
[0.503s] Level 5:colcon.colcon_core.verb:set package 'trajectory' build argument 'catkin_cmake_args' from command line to 'None'
[0.503s] Level 5:colcon.colcon_core.verb:set package 'trajectory' build argument 'catkin_skip_building_tests' from command line to 'False'
[0.503s] DEBUG:colcon.colcon_core.verb:Building package 'trajectory' with the following arguments: {'ament_cmake_args': None, 'build_base': '/home/kalzemic/Projects/ArmVision/ros/src/build/trajectory', 'catkin_cmake_args': None, 'catkin_skip_building_tests': False, 'cmake_args': ['-DPYTHON_EXECUTABLE=/usr/bin/python3'], 'cmake_clean_cache': False, 'cmake_clean_first': False, 'cmake_force_configure': False, 'cmake_target': None, 'cmake_target_skip_unavailable': False, 'install_base': '/home/kalzemic/Projects/ArmVision/ros/src/install/trajectory', 'merge_install': False, 'path': '/home/kalzemic/Projects/ArmVision/ros/src/trajectory', 'symlink_install': False, 'test_result_base': None}
[0.503s] INFO:colcon.colcon_core.executor:Executing jobs using 'parallel' executor
[0.504s] DEBUG:colcon.colcon_parallel_executor.executor.parallel:run_until_complete
[0.504s] INFO:colcon.colcon_ros.task.ament_cmake.build:Building ROS package in '/home/kalzemic/Projects/ArmVision/ros/src/trajectory' with build type 'ament_cmake'
[0.505s] INFO:colcon.colcon_cmake.task.cmake.build:Building CMake package in '/home/kalzemic/Projects/ArmVision/ros/src/trajectory'
[0.508s] INFO:colcon.colcon_core.plugin_system:Skipping extension 'colcon_core.shell.bat': Not used on non-Windows systems
[0.508s] INFO:colcon.colcon_core.shell:Skip shell extension 'powershell' for command environment: Not usable outside of PowerShell
[0.508s] DEBUG:colcon.colcon_core.shell:Skip shell extension 'dsv' for command environment
[0.521s] DEBUG:colcon.colcon_core.event_handler.log_command:Invoking command in '/home/kalzemic/Projects/ArmVision/ros/src/build/trajectory': CMAKE_PREFIX_PATH=${CMAKE_PREFIX_PATH}:/opt/ros/humble DEBUGINFOD_URLS=https://debuginfod.archlinux.org /usr/bin/cmake --build /home/kalzemic/Projects/ArmVision/ros/src/build/trajectory -- -j8 -l8
[8.361s] DEBUG:colcon.colcon_core.event_handler.log_command:Invoked command in '/home/kalzemic/Projects/ArmVision/ros/src/build/trajectory' returned '2': CMAKE_PREFIX_PATH=${CMAKE_PREFIX_PATH}:/opt/ros/humble DEBUGINFOD_URLS=https://debuginfod.archlinux.org /usr/bin/cmake --build /home/kalzemic/Projects/ArmVision/ros/src/build/trajectory -- -j8 -l8
[8.362s] Level 1:colcon.colcon_core.environment:create_environment_scripts_only(trajectory)
[8.364s] Level 1:colcon.colcon_core.environment:checking '/home/kalzemic/Projects/ArmVision/ros/src/install/trajectory' for CMake module files
[8.365s] Level 1:colcon.colcon_core.environment:checking '/home/kalzemic/Projects/ArmVision/ros/src/install/trajectory' for CMake config files
[8.365s] Level 1:colcon.colcon_core.shell:create_environment_hook('trajectory', 'cmake_prefix_path')
[8.365s] INFO:colcon.colcon_core.shell:Creating environment hook '/home/kalzemic/Projects/ArmVision/ros/src/install/trajectory/share/trajectory/hook/cmake_prefix_path.ps1'
[8.366s] INFO:colcon.colcon_core.shell:Creating environment descriptor '/home/kalzemic/Projects/ArmVision/ros/src/install/trajectory/share/trajectory/hook/cmake_prefix_path.dsv'
[8.366s] INFO:colcon.colcon_core.shell:Creating environment hook '/home/kalzemic/Projects/ArmVision/ros/src/install/trajectory/share/trajectory/hook/cmake_prefix_path.sh'
[8.367s] Level 1:colcon.colcon_core.environment:checking '/home/kalzemic/Projects/ArmVision/ros/src/install/trajectory/bin'
[8.367s] Level 1:colcon.colcon_core.environment:checking '/home/kalzemic/Projects/ArmVision/ros/src/install/trajectory/lib/pkgconfig/trajectory.pc'
[8.367s] Level 1:colcon.colcon_core.environment:checking '/home/kalzemic/Projects/ArmVision/ros/src/install/trajectory/lib/python3.10/site-packages'
[8.367s] Level 1:colcon.colcon_core.environment:checking '/home/kalzemic/Projects/ArmVision/ros/src/install/trajectory/bin'
[8.368s] INFO:colcon.colcon_core.shell:Creating package script '/home/kalzemic/Projects/ArmVision/ros/src/install/trajectory/share/trajectory/package.ps1'
[8.369s] INFO:colcon.colcon_core.shell:Creating package descriptor '/home/kalzemic/Projects/ArmVision/ros/src/install/trajectory/share/trajectory/package.dsv'
[8.369s] INFO:colcon.colcon_core.shell:Creating package script '/home/kalzemic/Projects/ArmVision/ros/src/install/trajectory/share/trajectory/package.sh'
[8.370s] INFO:colcon.colcon_core.shell:Creating package script '/home/kalzemic/Projects/ArmVision/ros/src/install/trajectory/share/trajectory/package.bash'
[8.371s] INFO:colcon.colcon_core.shell:Creating package script '/home/kalzemic/Projects/ArmVision/ros/src/install/trajectory/share/trajectory/package.zsh'
[8.371s] Level 1:colcon.colcon_core.environment:create_file_with_runtime_dependencies(/home/kalzemic/Projects/ArmVision/ros/src/install/trajectory/share/colcon-core/packages/trajectory)
[8.382s] DEBUG:colcon.colcon_parallel_executor.executor.parallel:closing loop
[8.382s] DEBUG:colcon.colcon_parallel_executor.executor.parallel:loop closed
[8.382s] DEBUG:colcon.colcon_parallel_executor.executor.parallel:run_until_complete finished with '2'
[8.382s] DEBUG:colcon.colcon_core.event_reactor:joining thread
[8.388s] INFO:colcon.colcon_core.plugin_system:Skipping extension 'colcon_notification.desktop_notification.notify_send': Could not find 'notify-send'
[8.388s] INFO:colcon.colcon_core.plugin_system:Skipping extension 'colcon_notification.desktop_notification.terminal_notifier': Not used on non-Darwin systems
[8.388s] INFO:colcon.colcon_core.plugin_system:Skipping extension 'colcon_notification.desktop_notification.win32': Not used on non-Windows systems
[8.388s] INFO:colcon.colcon_notification.desktop_notification:Sending desktop notification using 'notify2'
[8.408s] DEBUG:colcon.colcon_core.event_reactor:joined thread
[8.409s] INFO:colcon.colcon_core.shell:Creating prefix script '/home/kalzemic/Projects/ArmVision/ros/src/install/local_setup.ps1'
[8.410s] INFO:colcon.colcon_core.shell:Creating prefix util module '/home/kalzemic/Projects/ArmVision/ros/src/install/_local_setup_util_ps1.py'
[8.412s] INFO:colcon.colcon_core.shell:Creating prefix chain script '/home/kalzemic/Projects/ArmVision/ros/src/install/setup.ps1'
[8.414s] INFO:colcon.colcon_core.shell:Creating prefix script '/home/kalzemic/Projects/ArmVision/ros/src/install/local_setup.sh'
[8.415s] INFO:colcon.colcon_core.shell:Creating prefix util module '/home/kalzemic/Projects/ArmVision/ros/src/install/_local_setup_util_sh.py'
[8.416s] INFO:colcon.colcon_core.shell:Creating prefix chain script '/home/kalzemic/Projects/ArmVision/ros/src/install/setup.sh'
[8.417s] INFO:colcon.colcon_core.shell:Creating prefix script '/home/kalzemic/Projects/ArmVision/ros/src/install/local_setup.bash'
[8.418s] INFO:colcon.colcon_core.shell:Creating prefix chain script '/home/kalzemic/Projects/ArmVision/ros/src/install/setup.bash'
[8.420s] INFO:colcon.colcon_core.shell:Creating prefix script '/home/kalzemic/Projects/ArmVision/ros/src/install/local_setup.zsh'
[8.421s] INFO:colcon.colcon_core.shell:Creating prefix chain script '/home/kalzemic/Projects/ArmVision/ros/src/install/setup.zsh'
