[35m[1mConsolidate compiler generated dependencies of target robo_controller[0m
[ 50%] [32mBuilding CXX object CMakeFiles/robo_controller.dir/src/robo_controller.cpp.o[0m
[100%] [32m[1mLinking CXX shared library librobo_controller.so[0m
[100%] Built target robo_controller
-- Install configuration: ""
-- Up-to-date: /home/kalzemic/Projects/ArmVision/ros/src/install/robo_controller/share/robo_controller/robo_controller.xml
-- Installing: /home/kalzemic/Projects/ArmVision/ros/src/install/robo_controller/lib/librobo_controller.so
-- Set runtime path of "/home/kalzemic/Projects/ArmVision/ros/src/install/robo_controller/lib/librobo_controller.so" to ""
-- Up-to-date: /home/kalzemic/Projects/ArmVision/ros/src/install/robo_controller/share/robo_controller/robo_controller.xml
-- Up-to-date: /home/kalzemic/Projects/ArmVision/ros/src/install/robo_controller/share/ament_index/resource_index/package_run_dependencies/robo_controller
-- Up-to-date: /home/kalzemic/Projects/ArmVision/ros/src/install/robo_controller/share/ament_index/resource_index/parent_prefix_path/robo_controller
-- Up-to-date: /home/kalzemic/Projects/ArmVision/ros/src/install/robo_controller/share/robo_controller/environment/ament_prefix_path.sh
-- Up-to-date: /home/kalzemic/Projects/ArmVision/ros/src/install/robo_controller/share/robo_controller/environment/ament_prefix_path.dsv
-- Up-to-date: /home/kalzemic/Projects/ArmVision/ros/src/install/robo_controller/share/robo_controller/environment/path.sh
-- Up-to-date: /home/kalzemic/Projects/ArmVision/ros/src/install/robo_controller/share/robo_controller/environment/path.dsv
-- Up-to-date: /home/kalzemic/Projects/ArmVision/ros/src/install/robo_controller/share/robo_controller/local_setup.bash
-- Up-to-date: /home/kalzemic/Projects/ArmVision/ros/src/install/robo_controller/share/robo_controller/local_setup.sh
-- Up-to-date: /home/kalzemic/Projects/ArmVision/ros/src/install/robo_controller/share/robo_controller/local_setup.zsh
-- Up-to-date: /home/kalzemic/Projects/ArmVision/ros/src/install/robo_controller/share/robo_controller/local_setup.dsv
-- Installing: /home/kalzemic/Projects/ArmVision/ros/src/install/robo_controller/share/robo_controller/package.dsv
-- Up-to-date: /home/kalzemic/Projects/ArmVision/ros/src/install/robo_controller/share/ament_index/resource_index/packages/robo_controller
-- Up-to-date: /home/kalzemic/Projects/ArmVision/ros/src/install/robo_controller/share/ament_index/resource_index/controller_interface__pluginlib__plugin/robo_controller
-- Up-to-date: /home/kalzemic/Projects/ArmVision/ros/src/install/robo_controller/share/robo_controller/cmake/robo_controllerConfig.cmake
-- Up-to-date: /home/kalzemic/Projects/ArmVision/ros/src/install/robo_controller/share/robo_controller/cmake/robo_controllerConfig-version.cmake
-- Up-to-date: /home/kalzemic/Projects/ArmVision/ros/src/install/robo_controller/share/robo_controller/package.xml
