[0.013s] Invoking command in '/home/kalzemic/Projects/ArmVision/ros/src/build/robo_controller': CMAKE_PREFIX_PATH=${CMAKE_PREFIX_PATH}:/opt/ros/humble DEBUGINFOD_URLS=https://debuginfod.archlinux.org /usr/bin/cmake --build /home/kalzemic/Projects/ArmVision/ros/src/build/robo_controller -- -j8 -l8
[0.058s] [35m[1mConsolidate compiler generated dependencies of target robo_controller[0m
[0.101s] [ 50%] [32mBuilding CXX object CMakeFiles/robo_controller.dir/src/robo_controller.cpp.o[0m
[16.998s] [100%] [32m[1mLinking CXX shared library librobo_controller.so[0m
[17.514s] [100%] Built target robo_controller
[17.524s] Invoked command in '/home/kalzemic/Projects/ArmVision/ros/src/build/robo_controller' returned '0': CMAKE_PREFIX_PATH=${CMAKE_PREFIX_PATH}:/opt/ros/humble DEBUGINFOD_URLS=https://debuginfod.archlinux.org /usr/bin/cmake --build /home/kalzemic/Projects/ArmVision/ros/src/build/robo_controller -- -j8 -l8
[17.533s] Invoking command in '/home/kalzemic/Projects/ArmVision/ros/src/build/robo_controller': CMAKE_PREFIX_PATH=${CMAKE_PREFIX_PATH}:/opt/ros/humble DEBUGINFOD_URLS=https://debuginfod.archlinux.org /usr/bin/cmake --install /home/kalzemic/Projects/ArmVision/ros/src/build/robo_controller
[17.541s] -- Install configuration: ""
[17.541s] -- Up-to-date: /home/kalzemic/Projects/ArmVision/ros/src/install/robo_controller/share/robo_controller/robo_controller.xml
[17.541s] -- Installing: /home/kalzemic/Projects/ArmVision/ros/src/install/robo_controller/lib/librobo_controller.so
[17.549s] -- Set runtime path of "/home/kalzemic/Projects/ArmVision/ros/src/install/robo_controller/lib/librobo_controller.so" to ""
[17.549s] -- Up-to-date: /home/kalzemic/Projects/ArmVision/ros/src/install/robo_controller/share/robo_controller/robo_controller.xml
[17.549s] -- Up-to-date: /home/kalzemic/Projects/ArmVision/ros/src/install/robo_controller/share/ament_index/resource_index/package_run_dependencies/robo_controller
[17.549s] -- Up-to-date: /home/kalzemic/Projects/ArmVision/ros/src/install/robo_controller/share/ament_index/resource_index/parent_prefix_path/robo_controller
[17.549s] -- Up-to-date: /home/kalzemic/Projects/ArmVision/ros/src/install/robo_controller/share/robo_controller/environment/ament_prefix_path.sh
[17.550s] -- Up-to-date: /home/kalzemic/Projects/ArmVision/ros/src/install/robo_controller/share/robo_controller/environment/ament_prefix_path.dsv
[17.550s] -- Up-to-date: /home/kalzemic/Projects/ArmVision/ros/src/install/robo_controller/share/robo_controller/environment/path.sh
[17.550s] -- Up-to-date: /home/kalzemic/Projects/ArmVision/ros/src/install/robo_controller/share/robo_controller/environment/path.dsv
[17.550s] -- Up-to-date: /home/kalzemic/Projects/ArmVision/ros/src/install/robo_controller/share/robo_controller/local_setup.bash
[17.550s] -- Up-to-date: /home/kalzemic/Projects/ArmVision/ros/src/install/robo_controller/share/robo_controller/local_setup.sh
[17.550s] -- Up-to-date: /home/kalzemic/Projects/ArmVision/ros/src/install/robo_controller/share/robo_controller/local_setup.zsh
[17.550s] -- Up-to-date: /home/kalzemic/Projects/ArmVision/ros/src/install/robo_controller/share/robo_controller/local_setup.dsv
[17.550s] -- Installing: /home/kalzemic/Projects/ArmVision/ros/src/install/robo_controller/share/robo_controller/package.dsv
[17.550s] -- Up-to-date: /home/kalzemic/Projects/ArmVision/ros/src/install/robo_controller/share/ament_index/resource_index/packages/robo_controller
[17.550s] -- Up-to-date: /home/kalzemic/Projects/ArmVision/ros/src/install/robo_controller/share/ament_index/resource_index/controller_interface__pluginlib__plugin/robo_controller
[17.550s] -- Up-to-date: /home/kalzemic/Projects/ArmVision/ros/src/install/robo_controller/share/robo_controller/cmake/robo_controllerConfig.cmake
[17.550s] -- Up-to-date: /home/kalzemic/Projects/ArmVision/ros/src/install/robo_controller/share/robo_controller/cmake/robo_controllerConfig-version.cmake
[17.550s] -- Up-to-date: /home/kalzemic/Projects/ArmVision/ros/src/install/robo_controller/share/robo_controller/package.xml
[17.552s] Invoked command in '/home/kalzemic/Projects/ArmVision/ros/src/build/robo_controller' returned '0': CMAKE_PREFIX_PATH=${CMAKE_PREFIX_PATH}:/opt/ros/humble DEBUGINFOD_URLS=https://debuginfod.archlinux.org /usr/bin/cmake --install /home/kalzemic/Projects/ArmVision/ros/src/build/robo_controller
