[0.133s] DEBUG:colcon:Command line arguments: ['/usr/bin/colcon', 'build', '--packages-select', 'trajectory', '--cmake-args', '-DPYTHON_EXECUTABLE=/usr/bin/python3']
[0.133s] DEBUG:colcon:Parsed command line arguments: Namespace(log_base=None, log_level=None, verb_name='build', build_base='build', install_base='install', merge_install=False, symlink_install=False, test_result_base=None, continue_on_error=False, executor='parallel', parallel_workers=8, event_handlers=None, ignore_user_meta=False, metas=['./colcon.meta'], base_paths=['.'], packages_ignore=None, packages_ignore_regex=None, paths=None, packages_up_to=None, packages_up_to_regex=None, packages_above=None, packages_above_and_dependencies=None, packages_above_depth=None, packages_select_by_dep=None, packages_skip_by_dep=None, packages_skip_up_to=None, packages_select_build_failed=False, packages_skip_build_finished=False, packages_select_test_failures=False, packages_skip_test_passed=False, packages_select=['trajectory'], packages_skip=None, packages_select_regex=None, packages_skip_regex=None, packages_start=None, packages_end=None, allow_overriding=[], cmake_args=['-DPYTHON_EXECUTABLE=/usr/bin/python3'], cmake_target=None, cmake_target_skip_unavailable=False, cmake_clean_cache=False, cmake_clean_first=False, cmake_force_configure=False, ament_cmake_args=None, catkin_cmake_args=None, catkin_skip_building_tests=False, verb_parser=<colcon_defaults.argument_parser.defaults.DefaultArgumentsDecorator object at 0x7f815191cb50>, verb_extension=<colcon_core.verb.build.BuildVerb object at 0x7f815191c700>, main=<bound method BuildVerb.main of <colcon_core.verb.build.BuildVerb object at 0x7f815191c700>>)
[0.299s] Level 1:colcon.colcon_core.package_discovery:discover_packages(colcon_meta) check parameters
[0.299s] Level 1:colcon.colcon_core.package_discovery:discover_packages(recursive) check parameters
[0.299s] Level 1:colcon.colcon_core.package_discovery:discover_packages(ignore) check parameters
[0.299s] Level 1:colcon.colcon_core.package_discovery:discover_packages(path) check parameters
[0.299s] Level 1:colcon.colcon_core.package_discovery:discover_packages(colcon_meta) discover
[0.299s] Level 1:colcon.colcon_core.package_discovery:discover_packages(recursive) discover
[0.299s] INFO:colcon.colcon_core.package_discovery:Crawling recursively for packages in '/home/kalzemic/Projects/ArmVision/ros/src'
[0.299s] Level 1:colcon.colcon_core.package_identification:_identify(.) by extensions ['ignore', 'ignore_ament_install']
[0.299s] Level 1:colcon.colcon_core.package_identification:_identify(.) by extension 'ignore'
[0.299s] Level 1:colcon.colcon_core.package_identification:_identify(.) by extension 'ignore_ament_install'
[0.299s] Level 1:colcon.colcon_core.package_identification:_identify(.) by extensions ['colcon_pkg']
[0.300s] Level 1:colcon.colcon_core.package_identification:_identify(.) by extension 'colcon_pkg'
[0.300s] Level 1:colcon.colcon_core.package_identification:_identify(.) by extensions ['colcon_meta']
[0.300s] Level 1:colcon.colcon_core.package_identification:_identify(.) by extension 'colcon_meta'
[0.300s] Level 1:colcon.colcon_core.package_identification:_identify(.) by extensions ['ros']
[0.300s] Level 1:colcon.colcon_core.package_identification:_identify(.) by extension 'ros'
[0.312s] Level 1:colcon.colcon_core.package_identification:_identify(.) by extensions ['cmake', 'python']
[0.312s] Level 1:colcon.colcon_core.package_identification:_identify(.) by extension 'cmake'
[0.312s] Level 1:colcon.colcon_core.package_identification:_identify(.) by extension 'python'
[0.312s] Level 1:colcon.colcon_core.package_identification:_identify(.) by extensions ['python_setup_py']
[0.312s] Level 1:colcon.colcon_core.package_identification:_identify(.) by extension 'python_setup_py'
[0.313s] Level 1:colcon.colcon_core.package_identification:_identify(build) by extensions ['ignore', 'ignore_ament_install']
[0.313s] Level 1:colcon.colcon_core.package_identification:_identify(build) by extension 'ignore'
[0.313s] Level 1:colcon.colcon_core.package_identification:_identify(build) ignored
[0.313s] Level 1:colcon.colcon_core.package_identification:_identify(install) by extensions ['ignore', 'ignore_ament_install']
[0.313s] Level 1:colcon.colcon_core.package_identification:_identify(install) by extension 'ignore'
[0.313s] Level 1:colcon.colcon_core.package_identification:_identify(install) ignored
[0.313s] Level 1:colcon.colcon_core.package_identification:_identify(kinematics) by extensions ['ignore', 'ignore_ament_install']
[0.313s] Level 1:colcon.colcon_core.package_identification:_identify(kinematics) by extension 'ignore'
[0.313s] Level 1:colcon.colcon_core.package_identification:_identify(kinematics) by extension 'ignore_ament_install'
[0.313s] Level 1:colcon.colcon_core.package_identification:_identify(kinematics) by extensions ['colcon_pkg']
[0.313s] Level 1:colcon.colcon_core.package_identification:_identify(kinematics) by extension 'colcon_pkg'
[0.313s] Level 1:colcon.colcon_core.package_identification:_identify(kinematics) by extensions ['colcon_meta']
[0.313s] Level 1:colcon.colcon_core.package_identification:_identify(kinematics) by extension 'colcon_meta'
[0.313s] Level 1:colcon.colcon_core.package_identification:_identify(kinematics) by extensions ['ros']
[0.313s] Level 1:colcon.colcon_core.package_identification:_identify(kinematics) by extension 'ros'
[0.316s] DEBUG:colcon.colcon_core.package_identification:Package 'kinematics' with type 'ros.ament_cmake' and name 'kinematics'
[0.317s] Level 1:colcon.colcon_core.package_identification:_identify(log) by extensions ['ignore', 'ignore_ament_install']
[0.317s] Level 1:colcon.colcon_core.package_identification:_identify(log) by extension 'ignore'
[0.317s] Level 1:colcon.colcon_core.package_identification:_identify(log) ignored
[0.317s] Level 1:colcon.colcon_core.package_identification:_identify(trajectory) by extensions ['ignore', 'ignore_ament_install']
[0.317s] Level 1:colcon.colcon_core.package_identification:_identify(trajectory) by extension 'ignore'
[0.317s] Level 1:colcon.colcon_core.package_identification:_identify(trajectory) by extension 'ignore_ament_install'
[0.317s] Level 1:colcon.colcon_core.package_identification:_identify(trajectory) by extensions ['colcon_pkg']
[0.317s] Level 1:colcon.colcon_core.package_identification:_identify(trajectory) by extension 'colcon_pkg'
[0.317s] Level 1:colcon.colcon_core.package_identification:_identify(trajectory) by extensions ['colcon_meta']
[0.317s] Level 1:colcon.colcon_core.package_identification:_identify(trajectory) by extension 'colcon_meta'
[0.317s] Level 1:colcon.colcon_core.package_identification:_identify(trajectory) by extensions ['ros']
[0.317s] Level 1:colcon.colcon_core.package_identification:_identify(trajectory) by extension 'ros'
[0.319s] DEBUG:colcon.colcon_core.package_identification:Package 'trajectory' with type 'ros.ament_cmake' and name 'trajectory'
[0.319s] Level 1:colcon.colcon_core.package_discovery:discover_packages(recursive) using defaults
[0.319s] Level 1:colcon.colcon_core.package_discovery:discover_packages(ignore) discover
[0.319s] Level 1:colcon.colcon_core.package_discovery:discover_packages(ignore) using defaults
[0.319s] Level 1:colcon.colcon_core.package_discovery:discover_packages(path) discover
[0.319s] Level 1:colcon.colcon_core.package_discovery:discover_packages(path) using defaults
[0.345s] INFO:colcon.colcon_core.package_selection:Skipping not selected package 'kinematics' in 'kinematics'
[0.346s] Level 1:colcon.colcon_core.package_discovery:discover_packages(prefix_path) check parameters
[0.346s] Level 1:colcon.colcon_core.package_discovery:discover_packages(prefix_path) discover
[0.348s] DEBUG:colcon.colcon_installed_package_information.package_discovery:Found 2 installed packages in /home/kalzemic/Projects/ArmVision/ros/src/install
[0.349s] DEBUG:colcon.colcon_installed_package_information.package_discovery:Found 1 installed packages in /home/kalzemic/Projects/ArmVision/ros/install
[0.350s] DEBUG:colcon.colcon_installed_package_information.package_discovery:Found 399 installed packages in /opt/ros/humble
[0.364s] Level 1:colcon.colcon_core.package_discovery:discover_packages(prefix_path) using defaults
[0.413s] Level 5:colcon.colcon_core.verb:set package 'trajectory' build argument 'cmake_args' from command line to '['-DPYTHON_EXECUTABLE=/usr/bin/python3']'
[0.413s] Level 5:colcon.colcon_core.verb:set package 'trajectory' build argument 'cmake_target' from command line to 'None'
[0.413s] Level 5:colcon.colcon_core.verb:set package 'trajectory' build argument 'cmake_target_skip_unavailable' from command line to 'False'
[0.413s] Level 5:colcon.colcon_core.verb:set package 'trajectory' build argument 'cmake_clean_cache' from command line to 'False'
[0.413s] Level 5:colcon.colcon_core.verb:set package 'trajectory' build argument 'cmake_clean_first' from command line to 'False'
[0.413s] Level 5:colcon.colcon_core.verb:set package 'trajectory' build argument 'cmake_force_configure' from command line to 'False'
[0.413s] Level 5:colcon.colcon_core.verb:set package 'trajectory' build argument 'ament_cmake_args' from command line to 'None'
[0.413s] Level 5:colcon.colcon_core.verb:set package 'trajectory' build argument 'catkin_cmake_args' from command line to 'None'
[0.413s] Level 5:colcon.colcon_core.verb:set package 'trajectory' build argument 'catkin_skip_building_tests' from command line to 'False'
[0.413s] DEBUG:colcon.colcon_core.verb:Building package 'trajectory' with the following arguments: {'ament_cmake_args': None, 'build_base': '/home/kalzemic/Projects/ArmVision/ros/src/build/trajectory', 'catkin_cmake_args': None, 'catkin_skip_building_tests': False, 'cmake_args': ['-DPYTHON_EXECUTABLE=/usr/bin/python3'], 'cmake_clean_cache': False, 'cmake_clean_first': False, 'cmake_force_configure': False, 'cmake_target': None, 'cmake_target_skip_unavailable': False, 'install_base': '/home/kalzemic/Projects/ArmVision/ros/src/install/trajectory', 'merge_install': False, 'path': '/home/kalzemic/Projects/ArmVision/ros/src/trajectory', 'symlink_install': False, 'test_result_base': None}
[0.413s] INFO:colcon.colcon_core.executor:Executing jobs using 'parallel' executor
[0.414s] DEBUG:colcon.colcon_parallel_executor.executor.parallel:run_until_complete
[0.414s] INFO:colcon.colcon_ros.task.ament_cmake.build:Building ROS package in '/home/kalzemic/Projects/ArmVision/ros/src/trajectory' with build type 'ament_cmake'
[0.415s] INFO:colcon.colcon_cmake.task.cmake.build:Building CMake package in '/home/kalzemic/Projects/ArmVision/ros/src/trajectory'
[0.417s] INFO:colcon.colcon_core.plugin_system:Skipping extension 'colcon_core.shell.bat': Not used on non-Windows systems
[0.417s] INFO:colcon.colcon_core.shell:Skip shell extension 'powershell' for command environment: Not usable outside of PowerShell
[0.417s] DEBUG:colcon.colcon_core.shell:Skip shell extension 'dsv' for command environment
[0.427s] DEBUG:colcon.colcon_core.event_handler.log_command:Invoking command in '/home/kalzemic/Projects/ArmVision/ros/src/build/trajectory': CMAKE_PREFIX_PATH=${CMAKE_PREFIX_PATH}:/opt/ros/humble DEBUGINFOD_URLS=https://debuginfod.archlinux.org /usr/bin/cmake /home/kalzemic/Projects/ArmVision/ros/src/trajectory -DPYTHON_EXECUTABLE=/usr/bin/python3 -DCMAKE_INSTALL_PREFIX=/home/kalzemic/Projects/ArmVision/ros/src/install/trajectory
[1.058s] DEBUG:colcon.colcon_core.event_handler.log_command:Invoked command in '/home/kalzemic/Projects/ArmVision/ros/src/build/trajectory' returned '0': CMAKE_PREFIX_PATH=${CMAKE_PREFIX_PATH}:/opt/ros/humble DEBUGINFOD_URLS=https://debuginfod.archlinux.org /usr/bin/cmake /home/kalzemic/Projects/ArmVision/ros/src/trajectory -DPYTHON_EXECUTABLE=/usr/bin/python3 -DCMAKE_INSTALL_PREFIX=/home/kalzemic/Projects/ArmVision/ros/src/install/trajectory
[1.060s] DEBUG:colcon.colcon_core.event_handler.log_command:Invoking command in '/home/kalzemic/Projects/ArmVision/ros/src/build/trajectory': CMAKE_PREFIX_PATH=${CMAKE_PREFIX_PATH}:/opt/ros/humble DEBUGINFOD_URLS=https://debuginfod.archlinux.org /usr/bin/cmake --build /home/kalzemic/Projects/ArmVision/ros/src/build/trajectory -- -j8 -l8
[1.099s] DEBUG:colcon.colcon_core.event_handler.log_command:Invoked command in '/home/kalzemic/Projects/ArmVision/ros/src/build/trajectory' returned '0': CMAKE_PREFIX_PATH=${CMAKE_PREFIX_PATH}:/opt/ros/humble DEBUGINFOD_URLS=https://debuginfod.archlinux.org /usr/bin/cmake --build /home/kalzemic/Projects/ArmVision/ros/src/build/trajectory -- -j8 -l8
[1.109s] DEBUG:colcon.colcon_core.event_handler.log_command:Invoking command in '/home/kalzemic/Projects/ArmVision/ros/src/build/trajectory': CMAKE_PREFIX_PATH=${CMAKE_PREFIX_PATH}:/opt/ros/humble DEBUGINFOD_URLS=https://debuginfod.archlinux.org /usr/bin/cmake --install /home/kalzemic/Projects/ArmVision/ros/src/build/trajectory
[1.119s] Level 1:colcon.colcon_core.environment:create_environment_scripts_only(trajectory)
[1.119s] DEBUG:colcon.colcon_core.event_handler.log_command:Invoked command in '/home/kalzemic/Projects/ArmVision/ros/src/build/trajectory' returned '0': CMAKE_PREFIX_PATH=${CMAKE_PREFIX_PATH}:/opt/ros/humble DEBUGINFOD_URLS=https://debuginfod.archlinux.org /usr/bin/cmake --install /home/kalzemic/Projects/ArmVision/ros/src/build/trajectory
[1.123s] Level 1:colcon.colcon_core.environment:checking '/home/kalzemic/Projects/ArmVision/ros/src/install/trajectory' for CMake module files
[1.123s] Level 1:colcon.colcon_core.environment:checking '/home/kalzemic/Projects/ArmVision/ros/src/install/trajectory' for CMake config files
[1.123s] Level 1:colcon.colcon_core.shell:create_environment_hook('trajectory', 'cmake_prefix_path')
[1.124s] INFO:colcon.colcon_core.shell:Creating environment hook '/home/kalzemic/Projects/ArmVision/ros/src/install/trajectory/share/trajectory/hook/cmake_prefix_path.ps1'
[1.124s] INFO:colcon.colcon_core.shell:Creating environment descriptor '/home/kalzemic/Projects/ArmVision/ros/src/install/trajectory/share/trajectory/hook/cmake_prefix_path.dsv'
[1.125s] INFO:colcon.colcon_core.shell:Creating environment hook '/home/kalzemic/Projects/ArmVision/ros/src/install/trajectory/share/trajectory/hook/cmake_prefix_path.sh'
[1.125s] Level 1:colcon.colcon_core.environment:checking '/home/kalzemic/Projects/ArmVision/ros/src/install/trajectory/bin'
[1.125s] Level 1:colcon.colcon_core.environment:checking '/home/kalzemic/Projects/ArmVision/ros/src/install/trajectory/lib/pkgconfig/trajectory.pc'
[1.126s] Level 1:colcon.colcon_core.environment:checking '/home/kalzemic/Projects/ArmVision/ros/src/install/trajectory/lib/python3.10/site-packages'
[1.126s] Level 1:colcon.colcon_core.environment:checking '/home/kalzemic/Projects/ArmVision/ros/src/install/trajectory/bin'
[1.126s] INFO:colcon.colcon_core.shell:Creating package script '/home/kalzemic/Projects/ArmVision/ros/src/install/trajectory/share/trajectory/package.ps1'
[1.127s] INFO:colcon.colcon_core.shell:Creating package descriptor '/home/kalzemic/Projects/ArmVision/ros/src/install/trajectory/share/trajectory/package.dsv'
[1.128s] INFO:colcon.colcon_core.shell:Creating package script '/home/kalzemic/Projects/ArmVision/ros/src/install/trajectory/share/trajectory/package.sh'
[1.128s] INFO:colcon.colcon_core.shell:Creating package script '/home/kalzemic/Projects/ArmVision/ros/src/install/trajectory/share/trajectory/package.bash'
[1.129s] INFO:colcon.colcon_core.shell:Creating package script '/home/kalzemic/Projects/ArmVision/ros/src/install/trajectory/share/trajectory/package.zsh'
[1.130s] Level 1:colcon.colcon_core.environment:create_file_with_runtime_dependencies(/home/kalzemic/Projects/ArmVision/ros/src/install/trajectory/share/colcon-core/packages/trajectory)
[1.130s] Level 1:colcon.colcon_core.environment:create_environment_scripts_only(trajectory)
[1.130s] Level 1:colcon.colcon_core.environment:checking '/home/kalzemic/Projects/ArmVision/ros/src/install/trajectory' for CMake module files
[1.131s] Level 1:colcon.colcon_core.environment:checking '/home/kalzemic/Projects/ArmVision/ros/src/install/trajectory' for CMake config files
[1.131s] Level 1:colcon.colcon_core.shell:create_environment_hook('trajectory', 'cmake_prefix_path')
[1.131s] INFO:colcon.colcon_core.shell:Creating environment hook '/home/kalzemic/Projects/ArmVision/ros/src/install/trajectory/share/trajectory/hook/cmake_prefix_path.ps1'
[1.131s] INFO:colcon.colcon_core.shell:Creating environment descriptor '/home/kalzemic/Projects/ArmVision/ros/src/install/trajectory/share/trajectory/hook/cmake_prefix_path.dsv'
[1.132s] INFO:colcon.colcon_core.shell:Creating environment hook '/home/kalzemic/Projects/ArmVision/ros/src/install/trajectory/share/trajectory/hook/cmake_prefix_path.sh'
[1.132s] Level 1:colcon.colcon_core.environment:checking '/home/kalzemic/Projects/ArmVision/ros/src/install/trajectory/bin'
[1.132s] Level 1:colcon.colcon_core.environment:checking '/home/kalzemic/Projects/ArmVision/ros/src/install/trajectory/lib/pkgconfig/trajectory.pc'
[1.132s] Level 1:colcon.colcon_core.environment:checking '/home/kalzemic/Projects/ArmVision/ros/src/install/trajectory/lib/python3.10/site-packages'
[1.133s] Level 1:colcon.colcon_core.environment:checking '/home/kalzemic/Projects/ArmVision/ros/src/install/trajectory/bin'
[1.133s] INFO:colcon.colcon_core.shell:Creating package script '/home/kalzemic/Projects/ArmVision/ros/src/install/trajectory/share/trajectory/package.ps1'
[1.133s] INFO:colcon.colcon_core.shell:Creating package descriptor '/home/kalzemic/Projects/ArmVision/ros/src/install/trajectory/share/trajectory/package.dsv'
[1.134s] INFO:colcon.colcon_core.shell:Creating package script '/home/kalzemic/Projects/ArmVision/ros/src/install/trajectory/share/trajectory/package.sh'
[1.134s] INFO:colcon.colcon_core.shell:Creating package script '/home/kalzemic/Projects/ArmVision/ros/src/install/trajectory/share/trajectory/package.bash'
[1.135s] INFO:colcon.colcon_core.shell:Creating package script '/home/kalzemic/Projects/ArmVision/ros/src/install/trajectory/share/trajectory/package.zsh'
[1.135s] Level 1:colcon.colcon_core.environment:create_file_with_runtime_dependencies(/home/kalzemic/Projects/ArmVision/ros/src/install/trajectory/share/colcon-core/packages/trajectory)
[1.135s] DEBUG:colcon.colcon_parallel_executor.executor.parallel:closing loop
[1.136s] DEBUG:colcon.colcon_parallel_executor.executor.parallel:loop closed
[1.136s] DEBUG:colcon.colcon_parallel_executor.executor.parallel:run_until_complete finished with '0'
[1.136s] DEBUG:colcon.colcon_core.event_reactor:joining thread
[1.140s] INFO:colcon.colcon_core.plugin_system:Skipping extension 'colcon_notification.desktop_notification.notify_send': Could not find 'notify-send'
[1.141s] INFO:colcon.colcon_core.plugin_system:Skipping extension 'colcon_notification.desktop_notification.terminal_notifier': Not used on non-Darwin systems
[1.141s] INFO:colcon.colcon_core.plugin_system:Skipping extension 'colcon_notification.desktop_notification.win32': Not used on non-Windows systems
[1.141s] INFO:colcon.colcon_notification.desktop_notification:Sending desktop notification using 'notify2'
[1.159s] DEBUG:colcon.colcon_core.event_reactor:joined thread
[1.159s] INFO:colcon.colcon_core.shell:Creating prefix script '/home/kalzemic/Projects/ArmVision/ros/src/install/local_setup.ps1'
[1.160s] INFO:colcon.colcon_core.shell:Creating prefix util module '/home/kalzemic/Projects/ArmVision/ros/src/install/_local_setup_util_ps1.py'
[1.162s] INFO:colcon.colcon_core.shell:Creating prefix chain script '/home/kalzemic/Projects/ArmVision/ros/src/install/setup.ps1'
[1.164s] INFO:colcon.colcon_core.shell:Creating prefix script '/home/kalzemic/Projects/ArmVision/ros/src/install/local_setup.sh'
[1.164s] INFO:colcon.colcon_core.shell:Creating prefix util module '/home/kalzemic/Projects/ArmVision/ros/src/install/_local_setup_util_sh.py'
[1.165s] INFO:colcon.colcon_core.shell:Creating prefix chain script '/home/kalzemic/Projects/ArmVision/ros/src/install/setup.sh'
[1.166s] INFO:colcon.colcon_core.shell:Creating prefix script '/home/kalzemic/Projects/ArmVision/ros/src/install/local_setup.bash'
[1.166s] INFO:colcon.colcon_core.shell:Creating prefix chain script '/home/kalzemic/Projects/ArmVision/ros/src/install/setup.bash'
[1.167s] INFO:colcon.colcon_core.shell:Creating prefix script '/home/kalzemic/Projects/ArmVision/ros/src/install/local_setup.zsh'
[1.168s] INFO:colcon.colcon_core.shell:Creating prefix chain script '/home/kalzemic/Projects/ArmVision/ros/src/install/setup.zsh'
