-- Found ament_cmake: 1.3.14 (/opt/ros/humble/share/ament_cmake/cmake)
-- Found rclcpp: 16.0.21 (/opt/ros/humble/share/rclcpp/cmake)
-- Found rosidl_generator_c: 3.1.9 (/opt/ros/humble/share/rosidl_generator_c/cmake)
-- Found rosidl_adapter: 3.1.9 (/opt/ros/humble/share/rosidl_adapter/cmake)
-- Found rosidl_generator_cpp: 3.1.9 (/opt/ros/humble/share/rosidl_generator_cpp/cmake)
-- Using all available rosidl_typesupport_c: rosidl_typesupport_fastrtps_c;rosidl_typesupport_introspection_c
-- Using all available rosidl_typesupport_cpp: rosidl_typesupport_fastrtps_cpp;rosidl_typesupport_introspection_cpp
-- Found rmw_implementation_cmake: 6.1.4 (/opt/ros/humble/share/rmw_implementation_cmake/cmake)
-- Found rmw_fastrtps_cpp: 6.2.10 (/opt/ros/humble/share/rmw_fastrtps_cpp/cmake)
-- Using RMW implementation 'rmw_fastrtps_cpp' as default
-- Found sensor_msgs: 4.9.2 (/opt/ros/humble/share/sensor_msgs/cmake)
-- Found rosidl_default_generators: 1.2.1 (/opt/ros/humble/share/rosidl_default_generators/cmake)
-- Found Boost: /usr/include (found version "1.74.0") found components: filesystem serialization 
-- eigenpy FOUND. eigenpy at /opt/ros/humble/lib/x86_64-linux-gnu/libeigenpy.so
-- Checking for NumPy
--   NUMPY_INCLUDE_DIRS=/usr/lib/python3/dist-packages/numpy/core/include
--   NUMPY_VERSION=1.21.5
-- Found Python3: /usr/bin/python3 (found version "3.10.12") found components: Interpreter Development.Module NumPy 
-- PythonLibraryDirs: 
-- PythonLibVersionString: 3.10.12
-- Python site lib: lib/python3.10/site-packages
-- Python include dirs: /usr/include/python3.10
-- Checking for NumPy
--   NUMPY_INCLUDE_DIRS=/usr/lib/python3/dist-packages/numpy/core/include
--   NUMPY_VERSION=1.21.5
-- NumPy include dir: /usr/lib/python3/dist-packages/numpy/core/include
-- Found Boost: /usr/include (found version "1.74.0") found components: python310 
-- Default C++ standard: 201703
-- C++ standard sufficient: Minimal required 17, currently defined: 17
-- CMAKE_CXX_STANDARD was not set: automatically set to currently defined standard 17
-- coal FOUND. coal at /opt/ros/humble/lib/x86_64-linux-gnu/libcoal.so
-- Found Boost: /usr/include (found version "1.74.0") found components: serialization filesystem 
-- C++ standard sufficient: Minimal required 17, currently defined: 17
-- C++ standard sufficient: Minimal required 17, currently defined: 17
-- Found Python3: /usr/bin/python3 (found version "3.10.12") found components: Interpreter 
-- Found ament_cmake_ros: 0.10.1 (/opt/ros/humble/share/ament_cmake_ros/cmake)
-- Using all available rosidl_typesupport_c: rosidl_typesupport_fastrtps_c;rosidl_typesupport_introspection_c
-- Using all available rosidl_typesupport_cpp: rosidl_typesupport_fastrtps_cpp;rosidl_typesupport_introspection_cpp
-- Found python_cmake_module: 0.10.0 (/opt/ros/humble/share/python_cmake_module/cmake)
-- Using PYTHON_EXECUTABLE: /usr/bin/python3
-- Using PYTHON_INCLUDE_DIRS: /usr/include/python3.10
-- Using PYTHON_LIBRARIES: /usr/lib/x86_64-linux-gnu/libpython3.10.so
-- Found ament_lint_auto: 0.12.15 (/opt/ros/humble/share/ament_lint_auto/cmake)
-- Added test 'cppcheck' to perform static code analysis on C / C++ code
-- Configured cppcheck include dirs: 
-- Configured cppcheck exclude dirs and/or files: 
-- Added test 'lint_cmake' to check CMake code style
-- Added test 'uncrustify' to check C / C++ code style
-- Configured uncrustify additional arguments: 
-- Added test 'xmllint' to check XML markup files
-- Configuring done
-- Generating done
-- Build files have been written to: /home/kalzemic/Projects/ArmVision/ros/src/build/kinematics
[35m[1mConsolidate compiler generated dependencies of target kinematics__rosidl_generator_c[0m
[  2%] Built target kinematics__cpp
[  5%] Built target kinematics__rs
[ 14%] Built target kinematics__rosidl_generator_c
[ 14%] Built target ament_cmake_python_copy_kinematics
[35m[1mConsolidate compiler generated dependencies of target kinematics__rosidl_typesupport_cpp[0m
[35m[1mConsolidate compiler generated dependencies of target kinematics__rosidl_typesupport_fastrtps_cpp[0m
[35m[1mConsolidate compiler generated dependencies of target kinematics__rosidl_typesupport_introspection_cpp[0m
[35m[1mConsolidate compiler generated dependencies of target kinematics__rosidl_typesupport_c[0m
[35m[1mConsolidate compiler generated dependencies of target kinematics__rosidl_typesupport_introspection_c[0m
[35m[1mConsolidate compiler generated dependencies of target kinematics__rosidl_typesupport_fastrtps_c[0m
[ 23%] Built target kinematics__rosidl_typesupport_fastrtps_cpp
[ 32%] Built target kinematics__rosidl_typesupport_c
[ 50%] Built target kinematics__rosidl_typesupport_introspection_cpp
[ 50%] Built target kinematics__rosidl_typesupport_cpp
[ 58%] Built target kinematics__rosidl_typesupport_introspection_c
[ 67%] Built target kinematics__rosidl_typesupport_fastrtps_c
[35m[1mConsolidate compiler generated dependencies of target kinematics_node[0m
[ 67%] Built target kinematics
[ 73%] Built target kinematics__py
[ 73%] [32mBuilding CXX object CMakeFiles/kinematics_node.dir/src/kinematics.cpp.o[0m
[35m[1mConsolidate compiler generated dependencies of target kinematics__rosidl_generator_py[0m
[ 79%] Built target kinematics__rosidl_generator_py
[35m[1mConsolidate compiler generated dependencies of target kinematics__rosidl_typesupport_c__pyext[0m
[35m[1mConsolidate compiler generated dependencies of target kinematics__rosidl_typesupport_fastrtps_c__pyext[0m
[35m[1mConsolidate compiler generated dependencies of target kinematics__rosidl_typesupport_introspection_c__pyext[0m
[ 85%] Built target kinematics__rosidl_typesupport_c__pyext
[ 91%] Built target kinematics__rosidl_typesupport_fastrtps_c__pyext
[ 97%] Built target kinematics__rosidl_typesupport_introspection_c__pyext
running egg_info
writing kinematics.egg-info/PKG-INFO
writing dependency_links to kinematics.egg-info/dependency_links.txt
writing top-level names to kinematics.egg-info/top_level.txt
reading manifest file 'kinematics.egg-info/SOURCES.txt'
writing manifest file 'kinematics.egg-info/SOURCES.txt'
[ 97%] Built target ament_cmake_python_build_kinematics_egg
[100%] [32m[1mLinking CXX executable kinematics_node[0m
[100%] Built target kinematics_node
-- Install configuration: ""
-- Up-to-date: /home/kalzemic/Projects/ArmVision/ros/src/install/kinematics/share/ament_index/resource_index/rosidl_interfaces/kinematics
-- Up-to-date: /home/kalzemic/Projects/ArmVision/ros/src/install/kinematics/include/kinematics/kinematics
-- Up-to-date: /home/kalzemic/Projects/ArmVision/ros/src/install/kinematics/include/kinematics/kinematics/srv
-- Up-to-date: /home/kalzemic/Projects/ArmVision/ros/src/install/kinematics/include/kinematics/kinematics/srv/kinematics.h
-- Up-to-date: /home/kalzemic/Projects/ArmVision/ros/src/install/kinematics/include/kinematics/kinematics/srv/detail
-- Up-to-date: /home/kalzemic/Projects/ArmVision/ros/src/install/kinematics/include/kinematics/kinematics/srv/detail/kinematics__functions.c
-- Up-to-date: /home/kalzemic/Projects/ArmVision/ros/src/install/kinematics/include/kinematics/kinematics/srv/detail/kinematics__functions.h
-- Up-to-date: /home/kalzemic/Projects/ArmVision/ros/src/install/kinematics/include/kinematics/kinematics/srv/detail/kinematics__struct.h
-- Up-to-date: /home/kalzemic/Projects/ArmVision/ros/src/install/kinematics/include/kinematics/kinematics/srv/detail/kinematics__type_support.h
-- Up-to-date: /home/kalzemic/Projects/ArmVision/ros/src/install/kinematics/include/kinematics/kinematics/msg
-- Up-to-date: /home/kalzemic/Projects/ArmVision/ros/src/install/kinematics/include/kinematics/kinematics/msg/rosidl_generator_c__visibility_control.h
-- Up-to-date: /home/kalzemic/Projects/ArmVision/ros/src/install/kinematics/share/kinematics/environment/library_path.sh
-- Installing: /home/kalzemic/Projects/ArmVision/ros/src/install/kinematics/share/kinematics/environment/library_path.dsv
-- Up-to-date: /home/kalzemic/Projects/ArmVision/ros/src/install/kinematics/lib/libkinematics__rosidl_generator_c.so
-- Up-to-date: /home/kalzemic/Projects/ArmVision/ros/src/install/kinematics/include/kinematics/kinematics
-- Up-to-date: /home/kalzemic/Projects/ArmVision/ros/src/install/kinematics/include/kinematics/kinematics/srv
-- Up-to-date: /home/kalzemic/Projects/ArmVision/ros/src/install/kinematics/include/kinematics/kinematics/srv/detail
-- Up-to-date: /home/kalzemic/Projects/ArmVision/ros/src/install/kinematics/include/kinematics/kinematics/srv/detail/kinematics__rosidl_typesupport_fastrtps_c.h
-- Up-to-date: /home/kalzemic/Projects/ArmVision/ros/src/install/kinematics/include/kinematics/kinematics/msg
-- Up-to-date: /home/kalzemic/Projects/ArmVision/ros/src/install/kinematics/include/kinematics/kinematics/msg/rosidl_typesupport_fastrtps_c__visibility_control.h
-- Up-to-date: /home/kalzemic/Projects/ArmVision/ros/src/install/kinematics/lib/libkinematics__rosidl_typesupport_fastrtps_c.so
-- Up-to-date: /home/kalzemic/Projects/ArmVision/ros/src/install/kinematics/include/kinematics/kinematics
-- Up-to-date: /home/kalzemic/Projects/ArmVision/ros/src/install/kinematics/include/kinematics/kinematics/srv
-- Up-to-date: /home/kalzemic/Projects/ArmVision/ros/src/install/kinematics/include/kinematics/kinematics/srv/detail
-- Up-to-date: /home/kalzemic/Projects/ArmVision/ros/src/install/kinematics/include/kinematics/kinematics/srv/detail/kinematics__traits.hpp
-- Up-to-date: /home/kalzemic/Projects/ArmVision/ros/src/install/kinematics/include/kinematics/kinematics/srv/detail/kinematics__struct.hpp
-- Up-to-date: /home/kalzemic/Projects/ArmVision/ros/src/install/kinematics/include/kinematics/kinematics/srv/detail/kinematics__type_support.hpp
-- Up-to-date: /home/kalzemic/Projects/ArmVision/ros/src/install/kinematics/include/kinematics/kinematics/srv/detail/kinematics__builder.hpp
-- Up-to-date: /home/kalzemic/Projects/ArmVision/ros/src/install/kinematics/include/kinematics/kinematics/srv/kinematics.hpp
-- Up-to-date: /home/kalzemic/Projects/ArmVision/ros/src/install/kinematics/include/kinematics/kinematics/msg
-- Up-to-date: /home/kalzemic/Projects/ArmVision/ros/src/install/kinematics/include/kinematics/kinematics/msg/rosidl_generator_cpp__visibility_control.hpp
-- Up-to-date: /home/kalzemic/Projects/ArmVision/ros/src/install/kinematics/include/kinematics/kinematics
-- Up-to-date: /home/kalzemic/Projects/ArmVision/ros/src/install/kinematics/include/kinematics/kinematics/srv
-- Up-to-date: /home/kalzemic/Projects/ArmVision/ros/src/install/kinematics/include/kinematics/kinematics/srv/detail
-- Up-to-date: /home/kalzemic/Projects/ArmVision/ros/src/install/kinematics/include/kinematics/kinematics/srv/detail/dds_fastrtps
-- Up-to-date: /home/kalzemic/Projects/ArmVision/ros/src/install/kinematics/include/kinematics/kinematics/srv/detail/kinematics__rosidl_typesupport_fastrtps_cpp.hpp
-- Up-to-date: /home/kalzemic/Projects/ArmVision/ros/src/install/kinematics/include/kinematics/kinematics/msg
-- Up-to-date: /home/kalzemic/Projects/ArmVision/ros/src/install/kinematics/include/kinematics/kinematics/msg/rosidl_typesupport_fastrtps_cpp__visibility_control.h
-- Up-to-date: /home/kalzemic/Projects/ArmVision/ros/src/install/kinematics/lib/libkinematics__rosidl_typesupport_fastrtps_cpp.so
-- Up-to-date: /home/kalzemic/Projects/ArmVision/ros/src/install/kinematics/include/kinematics/kinematics
-- Up-to-date: /home/kalzemic/Projects/ArmVision/ros/src/install/kinematics/include/kinematics/kinematics/srv
-- Up-to-date: /home/kalzemic/Projects/ArmVision/ros/src/install/kinematics/include/kinematics/kinematics/srv/detail
-- Up-to-date: /home/kalzemic/Projects/ArmVision/ros/src/install/kinematics/include/kinematics/kinematics/srv/detail/kinematics__type_support.c
-- Up-to-date: /home/kalzemic/Projects/ArmVision/ros/src/install/kinematics/include/kinematics/kinematics/srv/detail/kinematics__rosidl_typesupport_introspection_c.h
-- Up-to-date: /home/kalzemic/Projects/ArmVision/ros/src/install/kinematics/include/kinematics/kinematics/msg
-- Up-to-date: /home/kalzemic/Projects/ArmVision/ros/src/install/kinematics/include/kinematics/kinematics/msg/rosidl_typesupport_introspection_c__visibility_control.h
-- Up-to-date: /home/kalzemic/Projects/ArmVision/ros/src/install/kinematics/lib/libkinematics__rosidl_typesupport_introspection_c.so
-- Up-to-date: /home/kalzemic/Projects/ArmVision/ros/src/install/kinematics/lib/libkinematics__rosidl_typesupport_c.so
-- Up-to-date: /home/kalzemic/Projects/ArmVision/ros/src/install/kinematics/include/kinematics/kinematics
-- Up-to-date: /home/kalzemic/Projects/ArmVision/ros/src/install/kinematics/include/kinematics/kinematics/srv
-- Up-to-date: /home/kalzemic/Projects/ArmVision/ros/src/install/kinematics/include/kinematics/kinematics/srv/detail
-- Up-to-date: /home/kalzemic/Projects/ArmVision/ros/src/install/kinematics/include/kinematics/kinematics/srv/detail/kinematics__type_support.cpp
-- Up-to-date: /home/kalzemic/Projects/ArmVision/ros/src/install/kinematics/include/kinematics/kinematics/srv/detail/kinematics__rosidl_typesupport_introspection_cpp.hpp
-- Up-to-date: /home/kalzemic/Projects/ArmVision/ros/src/install/kinematics/lib/libkinematics__rosidl_typesupport_introspection_cpp.so
-- Up-to-date: /home/kalzemic/Projects/ArmVision/ros/src/install/kinematics/lib/libkinematics__rosidl_typesupport_cpp.so
-- Up-to-date: /home/kalzemic/Projects/ArmVision/ros/src/install/kinematics/share/kinematics/environment/pythonpath.sh
-- Installing: /home/kalzemic/Projects/ArmVision/ros/src/install/kinematics/share/kinematics/environment/pythonpath.dsv
-- Up-to-date: /home/kalzemic/Projects/ArmVision/ros/src/install/kinematics/local/lib/python3.10/dist-packages/kinematics-0.0.0-py3.10.egg-info
-- Installing: /home/kalzemic/Projects/ArmVision/ros/src/install/kinematics/local/lib/python3.10/dist-packages/kinematics-0.0.0-py3.10.egg-info/PKG-INFO
-- Installing: /home/kalzemic/Projects/ArmVision/ros/src/install/kinematics/local/lib/python3.10/dist-packages/kinematics-0.0.0-py3.10.egg-info/dependency_links.txt
-- Installing: /home/kalzemic/Projects/ArmVision/ros/src/install/kinematics/local/lib/python3.10/dist-packages/kinematics-0.0.0-py3.10.egg-info/top_level.txt
-- Installing: /home/kalzemic/Projects/ArmVision/ros/src/install/kinematics/local/lib/python3.10/dist-packages/kinematics-0.0.0-py3.10.egg-info/SOURCES.txt
-- Up-to-date: /home/kalzemic/Projects/ArmVision/ros/src/install/kinematics/local/lib/python3.10/dist-packages/kinematics
-- Up-to-date: /home/kalzemic/Projects/ArmVision/ros/src/install/kinematics/local/lib/python3.10/dist-packages/kinematics/_kinematics_s.ep.rosidl_typesupport_fastrtps_c.c
-- Up-to-date: /home/kalzemic/Projects/ArmVision/ros/src/install/kinematics/local/lib/python3.10/dist-packages/kinematics/_kinematics_s.ep.rosidl_typesupport_introspection_c.c
-- Up-to-date: /home/kalzemic/Projects/ArmVision/ros/src/install/kinematics/local/lib/python3.10/dist-packages/kinematics/kinematics_s__rosidl_typesupport_c..cpython-310-x86_64-linux-gnu.so
-- Up-to-date: /home/kalzemic/Projects/ArmVision/ros/src/install/kinematics/local/lib/python3.10/dist-packages/kinematics/libkinematics__rosidl_generator_py.so
-- Up-to-date: /home/kalzemic/Projects/ArmVision/ros/src/install/kinematics/local/lib/python3.10/dist-packages/kinematics/kinematics_s__rosidl_typesupport_fastrtps_c..cpython-310-x86_64-linux-gnu.so
-- Up-to-date: /home/kalzemic/Projects/ArmVision/ros/src/install/kinematics/local/lib/python3.10/dist-packages/kinematics/_kinematics_s.ep.rosidl_typesupport_c.c
-- Installing: /home/kalzemic/Projects/ArmVision/ros/src/install/kinematics/local/lib/python3.10/dist-packages/kinematics/__init__.py
-- Up-to-date: /home/kalzemic/Projects/ArmVision/ros/src/install/kinematics/local/lib/python3.10/dist-packages/kinematics/kinematics_s__rosidl_typesupport_introspection_c..cpython-310-x86_64-linux-gnu.so
-- Up-to-date: /home/kalzemic/Projects/ArmVision/ros/src/install/kinematics/local/lib/python3.10/dist-packages/kinematics/srv
-- Up-to-date: /home/kalzemic/Projects/ArmVision/ros/src/install/kinematics/local/lib/python3.10/dist-packages/kinematics/srv/_kinematics_s.c
-- Up-to-date: /home/kalzemic/Projects/ArmVision/ros/src/install/kinematics/local/lib/python3.10/dist-packages/kinematics/srv/__init__.py
-- Up-to-date: /home/kalzemic/Projects/ArmVision/ros/src/install/kinematics/local/lib/python3.10/dist-packages/kinematics/srv/_kinematics.py
Listing '/home/kalzemic/Projects/ArmVision/ros/src/install/kinematics/local/lib/python3.10/dist-packages/kinematics'...
Compiling '/home/kalzemic/Projects/ArmVision/ros/src/install/kinematics/local/lib/python3.10/dist-packages/kinematics/__init__.py'...
Listing '/home/kalzemic/Projects/ArmVision/ros/src/install/kinematics/local/lib/python3.10/dist-packages/kinematics/srv'...
-- Up-to-date: /home/kalzemic/Projects/ArmVision/ros/src/install/kinematics/local/lib/python3.10/dist-packages/kinematics/kinematics_s__rosidl_typesupport_fastrtps_c..cpython-310-x86_64-linux-gnu.so
-- Up-to-date: /home/kalzemic/Projects/ArmVision/ros/src/install/kinematics/local/lib/python3.10/dist-packages/kinematics/kinematics_s__rosidl_typesupport_introspection_c..cpython-310-x86_64-linux-gnu.so
-- Up-to-date: /home/kalzemic/Projects/ArmVision/ros/src/install/kinematics/local/lib/python3.10/dist-packages/kinematics/kinematics_s__rosidl_typesupport_c..cpython-310-x86_64-linux-gnu.so
-- Up-to-date: /home/kalzemic/Projects/ArmVision/ros/src/install/kinematics/lib/libkinematics__rosidl_generator_py.so
-- Up-to-date: /home/kalzemic/Projects/ArmVision/ros/src/install/kinematics/share/kinematics/rust
-- Up-to-date: /home/kalzemic/Projects/ArmVision/ros/src/install/kinematics/share/kinematics/rust/build.rs
-- Up-to-date: /home/kalzemic/Projects/ArmVision/ros/src/install/kinematics/share/kinematics/rust/Cargo.toml
-- Up-to-date: /home/kalzemic/Projects/ArmVision/ros/src/install/kinematics/share/kinematics/rust/src
-- Up-to-date: /home/kalzemic/Projects/ArmVision/ros/src/install/kinematics/share/kinematics/rust/src/srv.rs
-- Up-to-date: /home/kalzemic/Projects/ArmVision/ros/src/install/kinematics/share/kinematics/rust/src/lib.rs
-- Up-to-date: /home/kalzemic/Projects/ArmVision/ros/src/install/kinematics/share/kinematics/rust/src/srv
-- Up-to-date: /home/kalzemic/Projects/ArmVision/ros/src/install/kinematics/share/kinematics/rust/src/srv/rmw.rs
-- Up-to-date: /home/kalzemic/Projects/ArmVision/ros/src/install/kinematics/share/kinematics/srv/Kinematics.idl
-- Up-to-date: /home/kalzemic/Projects/ArmVision/ros/src/install/kinematics/share/kinematics/srv/Kinematics.srv
-- Up-to-date: /home/kalzemic/Projects/ArmVision/ros/src/install/kinematics/share/kinematics/srv/Kinematics_Request.msg
-- Up-to-date: /home/kalzemic/Projects/ArmVision/ros/src/install/kinematics/share/kinematics/srv/Kinematics_Response.msg
-- Installing: /home/kalzemic/Projects/ArmVision/ros/src/install/kinematics/lib/kinematics/kinematics_node
-- Set runtime path of "/home/kalzemic/Projects/ArmVision/ros/src/install/kinematics/lib/kinematics/kinematics_node" to ""
-- Up-to-date: /home/kalzemic/Projects/ArmVision/ros/src/install/kinematics/share/ament_index/resource_index/package_run_dependencies/kinematics
-- Up-to-date: /home/kalzemic/Projects/ArmVision/ros/src/install/kinematics/share/ament_index/resource_index/parent_prefix_path/kinematics
-- Up-to-date: /home/kalzemic/Projects/ArmVision/ros/src/install/kinematics/share/kinematics/environment/ament_prefix_path.sh
-- Installing: /home/kalzemic/Projects/ArmVision/ros/src/install/kinematics/share/kinematics/environment/ament_prefix_path.dsv
-- Up-to-date: /home/kalzemic/Projects/ArmVision/ros/src/install/kinematics/share/kinematics/environment/path.sh
-- Installing: /home/kalzemic/Projects/ArmVision/ros/src/install/kinematics/share/kinematics/environment/path.dsv
-- Up-to-date: /home/kalzemic/Projects/ArmVision/ros/src/install/kinematics/share/kinematics/local_setup.bash
-- Up-to-date: /home/kalzemic/Projects/ArmVision/ros/src/install/kinematics/share/kinematics/local_setup.sh
-- Up-to-date: /home/kalzemic/Projects/ArmVision/ros/src/install/kinematics/share/kinematics/local_setup.zsh
-- Installing: /home/kalzemic/Projects/ArmVision/ros/src/install/kinematics/share/kinematics/local_setup.dsv
-- Installing: /home/kalzemic/Projects/ArmVision/ros/src/install/kinematics/share/kinematics/package.dsv
-- Up-to-date: /home/kalzemic/Projects/ArmVision/ros/src/install/kinematics/share/ament_index/resource_index/packages/kinematics
-- Up-to-date: /home/kalzemic/Projects/ArmVision/ros/src/install/kinematics/share/kinematics/cmake/export_kinematics__rosidl_generator_cExport.cmake
-- Up-to-date: /home/kalzemic/Projects/ArmVision/ros/src/install/kinematics/share/kinematics/cmake/export_kinematics__rosidl_generator_cExport-noconfig.cmake
-- Up-to-date: /home/kalzemic/Projects/ArmVision/ros/src/install/kinematics/share/kinematics/cmake/export_kinematics__rosidl_typesupport_fastrtps_cExport.cmake
-- Up-to-date: /home/kalzemic/Projects/ArmVision/ros/src/install/kinematics/share/kinematics/cmake/export_kinematics__rosidl_typesupport_fastrtps_cExport-noconfig.cmake
-- Up-to-date: /home/kalzemic/Projects/ArmVision/ros/src/install/kinematics/share/kinematics/cmake/export_kinematics__rosidl_generator_cppExport.cmake
-- Up-to-date: /home/kalzemic/Projects/ArmVision/ros/src/install/kinematics/share/kinematics/cmake/export_kinematics__rosidl_typesupport_fastrtps_cppExport.cmake
-- Up-to-date: /home/kalzemic/Projects/ArmVision/ros/src/install/kinematics/share/kinematics/cmake/export_kinematics__rosidl_typesupport_fastrtps_cppExport-noconfig.cmake
-- Up-to-date: /home/kalzemic/Projects/ArmVision/ros/src/install/kinematics/share/kinematics/cmake/kinematics__rosidl_typesupport_introspection_cExport.cmake
-- Up-to-date: /home/kalzemic/Projects/ArmVision/ros/src/install/kinematics/share/kinematics/cmake/kinematics__rosidl_typesupport_introspection_cExport-noconfig.cmake
-- Up-to-date: /home/kalzemic/Projects/ArmVision/ros/src/install/kinematics/share/kinematics/cmake/kinematics__rosidl_typesupport_cExport.cmake
-- Up-to-date: /home/kalzemic/Projects/ArmVision/ros/src/install/kinematics/share/kinematics/cmake/kinematics__rosidl_typesupport_cExport-noconfig.cmake
-- Up-to-date: /home/kalzemic/Projects/ArmVision/ros/src/install/kinematics/share/kinematics/cmake/kinematics__rosidl_typesupport_introspection_cppExport.cmake
-- Up-to-date: /home/kalzemic/Projects/ArmVision/ros/src/install/kinematics/share/kinematics/cmake/kinematics__rosidl_typesupport_introspection_cppExport-noconfig.cmake
-- Up-to-date: /home/kalzemic/Projects/ArmVision/ros/src/install/kinematics/share/kinematics/cmake/kinematics__rosidl_typesupport_cppExport.cmake
-- Up-to-date: /home/kalzemic/Projects/ArmVision/ros/src/install/kinematics/share/kinematics/cmake/kinematics__rosidl_typesupport_cppExport-noconfig.cmake
-- Up-to-date: /home/kalzemic/Projects/ArmVision/ros/src/install/kinematics/share/kinematics/cmake/export_kinematics__rosidl_generator_pyExport.cmake
-- Up-to-date: /home/kalzemic/Projects/ArmVision/ros/src/install/kinematics/share/kinematics/cmake/export_kinematics__rosidl_generator_pyExport-noconfig.cmake
-- Up-to-date: /home/kalzemic/Projects/ArmVision/ros/src/install/kinematics/share/kinematics/cmake/rosidl_cmake-extras.cmake
-- Up-to-date: /home/kalzemic/Projects/ArmVision/ros/src/install/kinematics/share/kinematics/cmake/ament_cmake_export_dependencies-extras.cmake
-- Up-to-date: /home/kalzemic/Projects/ArmVision/ros/src/install/kinematics/share/kinematics/cmake/ament_cmake_export_include_directories-extras.cmake
-- Up-to-date: /home/kalzemic/Projects/ArmVision/ros/src/install/kinematics/share/kinematics/cmake/ament_cmake_export_libraries-extras.cmake
-- Up-to-date: /home/kalzemic/Projects/ArmVision/ros/src/install/kinematics/share/kinematics/cmake/ament_cmake_export_targets-extras.cmake
-- Up-to-date: /home/kalzemic/Projects/ArmVision/ros/src/install/kinematics/share/kinematics/cmake/rosidl_cmake_export_typesupport_targets-extras.cmake
-- Up-to-date: /home/kalzemic/Projects/ArmVision/ros/src/install/kinematics/share/kinematics/cmake/rosidl_cmake_export_typesupport_libraries-extras.cmake
-- Up-to-date: /home/kalzemic/Projects/ArmVision/ros/src/install/kinematics/share/kinematics/cmake/rosidl_cmake_aggregate_target-extras.cmake
-- Up-to-date: /home/kalzemic/Projects/ArmVision/ros/src/install/kinematics/share/kinematics/cmake/kinematicsConfig.cmake
-- Up-to-date: /home/kalzemic/Projects/ArmVision/ros/src/install/kinematics/share/kinematics/cmake/kinematicsConfig-version.cmake
-- Up-to-date: /home/kalzemic/Projects/ArmVision/ros/src/install/kinematics/share/kinematics/package.xml
