[0.012s] Invoking command in '/home/kalzemic/Projects/ArmVision/ros/src/build/kinematics': CMAKE_PREFIX_PATH=${CMAKE_PREFIX_PATH}:/opt/ros/humble DEBUGINFOD_URLS=https://debuginfod.archlinux.org /usr/bin/cmake /home/kalzemic/Projects/ArmVision/ros/src/kinematics -DCMAKE_INSTALL_PREFIX=/home/kalzemic/Projects/ArmVision/ros/src/install/kinematics
[0.028s] -- Found ament_cmake: 1.3.14 (/opt/ros/humble/share/ament_cmake/cmake)
[0.164s] -- Found rclcpp: 16.0.21 (/opt/ros/humble/share/rclcpp/cmake)
[0.195s] -- Found rosidl_generator_c: 3.1.9 (/opt/ros/humble/share/rosidl_generator_c/cmake)
[0.197s] -- Found rosidl_adapter: 3.1.9 (/opt/ros/humble/share/rosidl_adapter/cmake)
[0.203s] -- Found rosidl_generator_cpp: 3.1.9 (/opt/ros/humble/share/rosidl_generator_cpp/cmake)
[0.214s] -- Using all available rosidl_typesupport_c: rosidl_typesupport_fastrtps_c;rosidl_typesupport_introspection_c
[0.227s] -- Using all available rosidl_typesupport_cpp: rosidl_typesupport_fastrtps_cpp;rosidl_typesupport_introspection_cpp
[0.258s] -- Found rmw_implementation_cmake: 6.1.4 (/opt/ros/humble/share/rmw_implementation_cmake/cmake)
[0.259s] -- Found rmw_fastrtps_cpp: 6.2.10 (/opt/ros/humble/share/rmw_fastrtps_cpp/cmake)
[0.420s] -- Using RMW implementation 'rmw_fastrtps_cpp' as default
[0.472s] -- Found sensor_msgs: 4.9.2 (/opt/ros/humble/share/sensor_msgs/cmake)
[0.503s] -- Found rosidl_default_generators: 1.2.1 (/opt/ros/humble/share/rosidl_default_generators/cmake)
[0.522s] -- Found Boost: /usr/include (found version "1.74.0") found components: filesystem serialization 
[0.523s] -- eigenpy FOUND. eigenpy at /opt/ros/humble/lib/x86_64-linux-gnu/libeigenpy.so
[0.547s] -- Checking for NumPy
[0.902s] --   NUMPY_INCLUDE_DIRS=/usr/lib/python3/dist-packages/numpy/core/include
[1.052s] --   NUMPY_VERSION=1.21.5
[1.398s] -- Found Python3: /usr/bin/python3 (found version "3.10.12") found components: Interpreter Development.Module NumPy 
[1.399s] -- PythonLibraryDirs: 
[1.399s] -- PythonLibVersionString: 3.10.12
[1.419s] -- Python site lib: lib/python3.10/site-packages
[1.419s] -- Python include dirs: /usr/include/python3.10
[1.457s] -- Checking for NumPy
[1.598s] --   NUMPY_INCLUDE_DIRS=/usr/lib/python3/dist-packages/numpy/core/include
[1.741s] --   NUMPY_VERSION=1.21.5
[1.741s] -- NumPy include dir: /usr/lib/python3/dist-packages/numpy/core/include
[1.746s] [33mCMake Warning at /usr/share/cmake-3.22/Modules/FindBoost.cmake:2201 (message):
[1.746s]   No header defined for python310; skipping header check (note: header-only
[1.746s]   libraries have no designated component)
[1.746s] Call Stack (most recent call first):
[1.746s]   /opt/ros/humble/lib/x86_64-linux-gnu/cmake/eigenpy/boost.cmake:146 (find_package)
[1.747s]   /opt/ros/humble/lib/x86_64-linux-gnu/cmake/eigenpy/eigenpyConfig.cmake:172 (SEARCH_FOR_BOOST_PYTHON)
[1.747s]   /usr/share/cmake-3.22/Modules/CMakeFindDependencyMacro.cmake:47 (find_package)
[1.747s]   /opt/ros/humble/lib/x86_64-linux-gnu/cmake/pinocchio/pinocchioConfig.cmake:184 (find_dependency)
[1.747s]   CMakeLists.txt:14 (find_package)
[1.747s] 
[1.747s] [0m
[1.747s] -- Found Boost: /usr/include (found version "1.74.0") found components: python310 
[2.078s] -- Default C++ standard: 201703
[2.078s] -- C++ standard sufficient: Minimal required 17, currently defined: 17
[2.078s] -- CMAKE_CXX_STANDARD was not set: automatically set to currently defined standard 17
[2.081s] -- coal FOUND. coal at /opt/ros/humble/lib/x86_64-linux-gnu/libcoal.so
[2.090s] -- Found Boost: /usr/include (found version "1.74.0") found components: serialization filesystem 
[2.094s] -- C++ standard sufficient: Minimal required 17, currently defined: 17
[2.094s] -- C++ standard sufficient: Minimal required 17, currently defined: 17
[2.158s] -- Found Python3: /usr/bin/python3 (found version "3.10.12") found components: Interpreter 
[2.396s] -- Found ament_cmake_ros: 0.10.1 (/opt/ros/humble/share/ament_cmake_ros/cmake)
[2.854s] -- Using all available rosidl_typesupport_c: rosidl_typesupport_fastrtps_c;rosidl_typesupport_introspection_c
[3.030s] -- Using all available rosidl_typesupport_cpp: rosidl_typesupport_fastrtps_cpp;rosidl_typesupport_introspection_cpp
[3.053s] -- Found python_cmake_module: 0.10.0 (/opt/ros/humble/share/python_cmake_module/cmake)
[3.078s] -- Using PYTHON_EXECUTABLE: /usr/bin/python3
[3.078s] -- Using PYTHON_INCLUDE_DIRS: /usr/include/python3.10
[3.078s] -- Using PYTHON_LIBRARIES: /usr/lib/x86_64-linux-gnu/libpython3.10.so
[3.220s] -- Found ament_lint_auto: 0.12.15 (/opt/ros/humble/share/ament_lint_auto/cmake)
[3.231s] -- Added test 'cppcheck' to perform static code analysis on C / C++ code
[3.232s] -- Configured cppcheck include dirs: 
[3.232s] -- Configured cppcheck exclude dirs and/or files: 
[3.233s] -- Added test 'lint_cmake' to check CMake code style
[3.234s] -- Added test 'uncrustify' to check C / C++ code style
[3.234s] -- Configured uncrustify additional arguments: 
[3.234s] -- Added test 'xmllint' to check XML markup files
[3.236s] -- Configuring done
[3.288s] -- Generating done
[3.303s] -- Build files have been written to: /home/kalzemic/Projects/ArmVision/ros/src/build/kinematics
[3.317s] Invoked command in '/home/kalzemic/Projects/ArmVision/ros/src/build/kinematics' returned '0': CMAKE_PREFIX_PATH=${CMAKE_PREFIX_PATH}:/opt/ros/humble DEBUGINFOD_URLS=https://debuginfod.archlinux.org /usr/bin/cmake /home/kalzemic/Projects/ArmVision/ros/src/kinematics -DCMAKE_INSTALL_PREFIX=/home/kalzemic/Projects/ArmVision/ros/src/install/kinematics
[3.320s] Invoking command in '/home/kalzemic/Projects/ArmVision/ros/src/build/kinematics': CMAKE_PREFIX_PATH=${CMAKE_PREFIX_PATH}:/opt/ros/humble DEBUGINFOD_URLS=https://debuginfod.archlinux.org /usr/bin/cmake --build /home/kalzemic/Projects/ArmVision/ros/src/build/kinematics -- -j8 -l8
[3.362s] [35m[1mConsolidate compiler generated dependencies of target kinematics__rosidl_generator_c[0m
[3.371s] [  2%] Built target kinematics__cpp
[3.374s] [  5%] Built target kinematics__rs
[3.376s] [ 14%] Built target kinematics__rosidl_generator_c
[3.387s] [ 14%] Built target ament_cmake_python_copy_kinematics
[3.387s] [35m[1mConsolidate compiler generated dependencies of target kinematics__rosidl_typesupport_cpp[0m
[3.387s] [35m[1mConsolidate compiler generated dependencies of target kinematics__rosidl_typesupport_fastrtps_cpp[0m
[3.387s] [35m[1mConsolidate compiler generated dependencies of target kinematics__rosidl_typesupport_introspection_cpp[0m
[3.390s] [35m[1mConsolidate compiler generated dependencies of target kinematics__rosidl_typesupport_c[0m
[3.390s] [35m[1mConsolidate compiler generated dependencies of target kinematics__rosidl_typesupport_introspection_c[0m
[3.392s] [35m[1mConsolidate compiler generated dependencies of target kinematics__rosidl_typesupport_fastrtps_c[0m
[3.404s] [ 23%] Built target kinematics__rosidl_typesupport_fastrtps_cpp
[3.405s] [ 32%] Built target kinematics__rosidl_typesupport_c
[3.406s] [ 50%] Built target kinematics__rosidl_typesupport_introspection_cpp
[3.407s] [ 50%] Built target kinematics__rosidl_typesupport_cpp
[3.407s] [ 58%] Built target kinematics__rosidl_typesupport_introspection_c
[3.414s] [ 67%] Built target kinematics__rosidl_typesupport_fastrtps_c
[3.420s] [35m[1mConsolidate compiler generated dependencies of target kinematics_node[0m
[3.439s] [ 67%] Built target kinematics
[3.461s] [ 73%] Built target kinematics__py
[3.461s] [ 73%] [32mBuilding CXX object CMakeFiles/kinematics_node.dir/src/kinematics.cpp.o[0m
[3.471s] [35m[1mConsolidate compiler generated dependencies of target kinematics__rosidl_generator_py[0m
[3.485s] [ 79%] Built target kinematics__rosidl_generator_py
[3.496s] [35m[1mConsolidate compiler generated dependencies of target kinematics__rosidl_typesupport_c__pyext[0m
[3.497s] [35m[1mConsolidate compiler generated dependencies of target kinematics__rosidl_typesupport_fastrtps_c__pyext[0m
[3.498s] [35m[1mConsolidate compiler generated dependencies of target kinematics__rosidl_typesupport_introspection_c__pyext[0m
[3.512s] [ 85%] Built target kinematics__rosidl_typesupport_c__pyext
[3.513s] [ 91%] Built target kinematics__rosidl_typesupport_fastrtps_c__pyext
[3.514s] [ 97%] Built target kinematics__rosidl_typesupport_introspection_c__pyext
[3.649s] running egg_info
[3.651s] writing kinematics.egg-info/PKG-INFO
[3.651s] writing dependency_links to kinematics.egg-info/dependency_links.txt
[3.651s] writing top-level names to kinematics.egg-info/top_level.txt
[3.653s] reading manifest file 'kinematics.egg-info/SOURCES.txt'
[3.654s] writing manifest file 'kinematics.egg-info/SOURCES.txt'
[3.688s] [ 97%] Built target ament_cmake_python_build_kinematics_egg
[49.571s] [100%] [32m[1mLinking CXX executable kinematics_node[0m
[51.681s] [100%] Built target kinematics_node
[51.693s] Invoked command in '/home/kalzemic/Projects/ArmVision/ros/src/build/kinematics' returned '0': CMAKE_PREFIX_PATH=${CMAKE_PREFIX_PATH}:/opt/ros/humble DEBUGINFOD_URLS=https://debuginfod.archlinux.org /usr/bin/cmake --build /home/kalzemic/Projects/ArmVision/ros/src/build/kinematics -- -j8 -l8
[51.702s] Invoking command in '/home/kalzemic/Projects/ArmVision/ros/src/build/kinematics': CMAKE_PREFIX_PATH=${CMAKE_PREFIX_PATH}:/opt/ros/humble DEBUGINFOD_URLS=https://debuginfod.archlinux.org /usr/bin/cmake --install /home/kalzemic/Projects/ArmVision/ros/src/build/kinematics
[51.709s] -- Install configuration: ""
[51.709s] -- Up-to-date: /home/kalzemic/Projects/ArmVision/ros/src/install/kinematics/share/ament_index/resource_index/rosidl_interfaces/kinematics
[51.709s] -- Up-to-date: /home/kalzemic/Projects/ArmVision/ros/src/install/kinematics/include/kinematics/kinematics
[51.710s] -- Up-to-date: /home/kalzemic/Projects/ArmVision/ros/src/install/kinematics/include/kinematics/kinematics/srv
[51.710s] -- Up-to-date: /home/kalzemic/Projects/ArmVision/ros/src/install/kinematics/include/kinematics/kinematics/srv/kinematics.h
[51.710s] -- Up-to-date: /home/kalzemic/Projects/ArmVision/ros/src/install/kinematics/include/kinematics/kinematics/srv/detail
[51.710s] -- Up-to-date: /home/kalzemic/Projects/ArmVision/ros/src/install/kinematics/include/kinematics/kinematics/srv/detail/kinematics__functions.c
[51.710s] -- Up-to-date: /home/kalzemic/Projects/ArmVision/ros/src/install/kinematics/include/kinematics/kinematics/srv/detail/kinematics__functions.h
[51.710s] -- Up-to-date: /home/kalzemic/Projects/ArmVision/ros/src/install/kinematics/include/kinematics/kinematics/srv/detail/kinematics__struct.h
[51.710s] -- Up-to-date: /home/kalzemic/Projects/ArmVision/ros/src/install/kinematics/include/kinematics/kinematics/srv/detail/kinematics__type_support.h
[51.710s] -- Up-to-date: /home/kalzemic/Projects/ArmVision/ros/src/install/kinematics/include/kinematics/kinematics/msg
[51.711s] -- Up-to-date: /home/kalzemic/Projects/ArmVision/ros/src/install/kinematics/include/kinematics/kinematics/msg/rosidl_generator_c__visibility_control.h
[51.711s] -- Up-to-date: /home/kalzemic/Projects/ArmVision/ros/src/install/kinematics/share/kinematics/environment/library_path.sh
[51.711s] -- Installing: /home/kalzemic/Projects/ArmVision/ros/src/install/kinematics/share/kinematics/environment/library_path.dsv
[51.711s] -- Up-to-date: /home/kalzemic/Projects/ArmVision/ros/src/install/kinematics/lib/libkinematics__rosidl_generator_c.so
[51.711s] -- Up-to-date: /home/kalzemic/Projects/ArmVision/ros/src/install/kinematics/include/kinematics/kinematics
[51.711s] -- Up-to-date: /home/kalzemic/Projects/ArmVision/ros/src/install/kinematics/include/kinematics/kinematics/srv
[51.711s] -- Up-to-date: /home/kalzemic/Projects/ArmVision/ros/src/install/kinematics/include/kinematics/kinematics/srv/detail
[51.712s] -- Up-to-date: /home/kalzemic/Projects/ArmVision/ros/src/install/kinematics/include/kinematics/kinematics/srv/detail/kinematics__rosidl_typesupport_fastrtps_c.h
[51.712s] -- Up-to-date: /home/kalzemic/Projects/ArmVision/ros/src/install/kinematics/include/kinematics/kinematics/msg
[51.712s] -- Up-to-date: /home/kalzemic/Projects/ArmVision/ros/src/install/kinematics/include/kinematics/kinematics/msg/rosidl_typesupport_fastrtps_c__visibility_control.h
[51.712s] -- Up-to-date: /home/kalzemic/Projects/ArmVision/ros/src/install/kinematics/lib/libkinematics__rosidl_typesupport_fastrtps_c.so
[51.712s] -- Up-to-date: /home/kalzemic/Projects/ArmVision/ros/src/install/kinematics/include/kinematics/kinematics
[51.712s] -- Up-to-date: /home/kalzemic/Projects/ArmVision/ros/src/install/kinematics/include/kinematics/kinematics/srv
[51.712s] -- Up-to-date: /home/kalzemic/Projects/ArmVision/ros/src/install/kinematics/include/kinematics/kinematics/srv/detail
[51.712s] -- Up-to-date: /home/kalzemic/Projects/ArmVision/ros/src/install/kinematics/include/kinematics/kinematics/srv/detail/kinematics__traits.hpp
[51.712s] -- Up-to-date: /home/kalzemic/Projects/ArmVision/ros/src/install/kinematics/include/kinematics/kinematics/srv/detail/kinematics__struct.hpp
[51.713s] -- Up-to-date: /home/kalzemic/Projects/ArmVision/ros/src/install/kinematics/include/kinematics/kinematics/srv/detail/kinematics__type_support.hpp
[51.713s] -- Up-to-date: /home/kalzemic/Projects/ArmVision/ros/src/install/kinematics/include/kinematics/kinematics/srv/detail/kinematics__builder.hpp
[51.713s] -- Up-to-date: /home/kalzemic/Projects/ArmVision/ros/src/install/kinematics/include/kinematics/kinematics/srv/kinematics.hpp
[51.713s] -- Up-to-date: /home/kalzemic/Projects/ArmVision/ros/src/install/kinematics/include/kinematics/kinematics/msg
[51.713s] -- Up-to-date: /home/kalzemic/Projects/ArmVision/ros/src/install/kinematics/include/kinematics/kinematics/msg/rosidl_generator_cpp__visibility_control.hpp
[51.713s] -- Up-to-date: /home/kalzemic/Projects/ArmVision/ros/src/install/kinematics/include/kinematics/kinematics
[51.713s] -- Up-to-date: /home/kalzemic/Projects/ArmVision/ros/src/install/kinematics/include/kinematics/kinematics/srv
[51.713s] -- Up-to-date: /home/kalzemic/Projects/ArmVision/ros/src/install/kinematics/include/kinematics/kinematics/srv/detail
[51.713s] -- Up-to-date: /home/kalzemic/Projects/ArmVision/ros/src/install/kinematics/include/kinematics/kinematics/srv/detail/dds_fastrtps
[51.713s] -- Up-to-date: /home/kalzemic/Projects/ArmVision/ros/src/install/kinematics/include/kinematics/kinematics/srv/detail/kinematics__rosidl_typesupport_fastrtps_cpp.hpp
[51.714s] -- Up-to-date: /home/kalzemic/Projects/ArmVision/ros/src/install/kinematics/include/kinematics/kinematics/msg
[51.714s] -- Up-to-date: /home/kalzemic/Projects/ArmVision/ros/src/install/kinematics/include/kinematics/kinematics/msg/rosidl_typesupport_fastrtps_cpp__visibility_control.h
[51.714s] -- Up-to-date: /home/kalzemic/Projects/ArmVision/ros/src/install/kinematics/lib/libkinematics__rosidl_typesupport_fastrtps_cpp.so
[51.714s] -- Up-to-date: /home/kalzemic/Projects/ArmVision/ros/src/install/kinematics/include/kinematics/kinematics
[51.714s] -- Up-to-date: /home/kalzemic/Projects/ArmVision/ros/src/install/kinematics/include/kinematics/kinematics/srv
[51.714s] -- Up-to-date: /home/kalzemic/Projects/ArmVision/ros/src/install/kinematics/include/kinematics/kinematics/srv/detail
[51.714s] -- Up-to-date: /home/kalzemic/Projects/ArmVision/ros/src/install/kinematics/include/kinematics/kinematics/srv/detail/kinematics__type_support.c
[51.714s] -- Up-to-date: /home/kalzemic/Projects/ArmVision/ros/src/install/kinematics/include/kinematics/kinematics/srv/detail/kinematics__rosidl_typesupport_introspection_c.h
[51.714s] -- Up-to-date: /home/kalzemic/Projects/ArmVision/ros/src/install/kinematics/include/kinematics/kinematics/msg
[51.714s] -- Up-to-date: /home/kalzemic/Projects/ArmVision/ros/src/install/kinematics/include/kinematics/kinematics/msg/rosidl_typesupport_introspection_c__visibility_control.h
[51.715s] -- Up-to-date: /home/kalzemic/Projects/ArmVision/ros/src/install/kinematics/lib/libkinematics__rosidl_typesupport_introspection_c.so
[51.715s] -- Up-to-date: /home/kalzemic/Projects/ArmVision/ros/src/install/kinematics/lib/libkinematics__rosidl_typesupport_c.so
[51.715s] -- Up-to-date: /home/kalzemic/Projects/ArmVision/ros/src/install/kinematics/include/kinematics/kinematics
[51.715s] -- Up-to-date: /home/kalzemic/Projects/ArmVision/ros/src/install/kinematics/include/kinematics/kinematics/srv
[51.715s] -- Up-to-date: /home/kalzemic/Projects/ArmVision/ros/src/install/kinematics/include/kinematics/kinematics/srv/detail
[51.715s] -- Up-to-date: /home/kalzemic/Projects/ArmVision/ros/src/install/kinematics/include/kinematics/kinematics/srv/detail/kinematics__type_support.cpp
[51.715s] -- Up-to-date: /home/kalzemic/Projects/ArmVision/ros/src/install/kinematics/include/kinematics/kinematics/srv/detail/kinematics__rosidl_typesupport_introspection_cpp.hpp
[51.715s] -- Up-to-date: /home/kalzemic/Projects/ArmVision/ros/src/install/kinematics/lib/libkinematics__rosidl_typesupport_introspection_cpp.so
[51.715s] -- Up-to-date: /home/kalzemic/Projects/ArmVision/ros/src/install/kinematics/lib/libkinematics__rosidl_typesupport_cpp.so
[51.715s] -- Up-to-date: /home/kalzemic/Projects/ArmVision/ros/src/install/kinematics/share/kinematics/environment/pythonpath.sh
[51.715s] -- Installing: /home/kalzemic/Projects/ArmVision/ros/src/install/kinematics/share/kinematics/environment/pythonpath.dsv
[51.716s] -- Up-to-date: /home/kalzemic/Projects/ArmVision/ros/src/install/kinematics/local/lib/python3.10/dist-packages/kinematics-0.0.0-py3.10.egg-info
[51.716s] -- Installing: /home/kalzemic/Projects/ArmVision/ros/src/install/kinematics/local/lib/python3.10/dist-packages/kinematics-0.0.0-py3.10.egg-info/PKG-INFO
[51.716s] -- Installing: /home/kalzemic/Projects/ArmVision/ros/src/install/kinematics/local/lib/python3.10/dist-packages/kinematics-0.0.0-py3.10.egg-info/dependency_links.txt
[51.716s] -- Installing: /home/kalzemic/Projects/ArmVision/ros/src/install/kinematics/local/lib/python3.10/dist-packages/kinematics-0.0.0-py3.10.egg-info/top_level.txt
[51.716s] -- Installing: /home/kalzemic/Projects/ArmVision/ros/src/install/kinematics/local/lib/python3.10/dist-packages/kinematics-0.0.0-py3.10.egg-info/SOURCES.txt
[51.716s] -- Up-to-date: /home/kalzemic/Projects/ArmVision/ros/src/install/kinematics/local/lib/python3.10/dist-packages/kinematics
[51.716s] -- Up-to-date: /home/kalzemic/Projects/ArmVision/ros/src/install/kinematics/local/lib/python3.10/dist-packages/kinematics/_kinematics_s.ep.rosidl_typesupport_fastrtps_c.c
[51.716s] -- Up-to-date: /home/kalzemic/Projects/ArmVision/ros/src/install/kinematics/local/lib/python3.10/dist-packages/kinematics/_kinematics_s.ep.rosidl_typesupport_introspection_c.c
[51.716s] -- Up-to-date: /home/kalzemic/Projects/ArmVision/ros/src/install/kinematics/local/lib/python3.10/dist-packages/kinematics/kinematics_s__rosidl_typesupport_c..cpython-310-x86_64-linux-gnu.so
[51.716s] -- Up-to-date: /home/kalzemic/Projects/ArmVision/ros/src/install/kinematics/local/lib/python3.10/dist-packages/kinematics/libkinematics__rosidl_generator_py.so
[51.716s] -- Up-to-date: /home/kalzemic/Projects/ArmVision/ros/src/install/kinematics/local/lib/python3.10/dist-packages/kinematics/kinematics_s__rosidl_typesupport_fastrtps_c..cpython-310-x86_64-linux-gnu.so
[51.716s] -- Up-to-date: /home/kalzemic/Projects/ArmVision/ros/src/install/kinematics/local/lib/python3.10/dist-packages/kinematics/_kinematics_s.ep.rosidl_typesupport_c.c
[51.717s] -- Installing: /home/kalzemic/Projects/ArmVision/ros/src/install/kinematics/local/lib/python3.10/dist-packages/kinematics/__init__.py
[51.717s] -- Up-to-date: /home/kalzemic/Projects/ArmVision/ros/src/install/kinematics/local/lib/python3.10/dist-packages/kinematics/kinematics_s__rosidl_typesupport_introspection_c..cpython-310-x86_64-linux-gnu.so
[51.717s] -- Up-to-date: /home/kalzemic/Projects/ArmVision/ros/src/install/kinematics/local/lib/python3.10/dist-packages/kinematics/srv
[51.717s] -- Up-to-date: /home/kalzemic/Projects/ArmVision/ros/src/install/kinematics/local/lib/python3.10/dist-packages/kinematics/srv/_kinematics_s.c
[51.717s] -- Up-to-date: /home/kalzemic/Projects/ArmVision/ros/src/install/kinematics/local/lib/python3.10/dist-packages/kinematics/srv/__init__.py
[51.717s] -- Up-to-date: /home/kalzemic/Projects/ArmVision/ros/src/install/kinematics/local/lib/python3.10/dist-packages/kinematics/srv/_kinematics.py
[51.744s] Listing '/home/kalzemic/Projects/ArmVision/ros/src/install/kinematics/local/lib/python3.10/dist-packages/kinematics'...
[51.744s] Compiling '/home/kalzemic/Projects/ArmVision/ros/src/install/kinematics/local/lib/python3.10/dist-packages/kinematics/__init__.py'...
[51.744s] Listing '/home/kalzemic/Projects/ArmVision/ros/src/install/kinematics/local/lib/python3.10/dist-packages/kinematics/srv'...
[51.748s] -- Up-to-date: /home/kalzemic/Projects/ArmVision/ros/src/install/kinematics/local/lib/python3.10/dist-packages/kinematics/kinematics_s__rosidl_typesupport_fastrtps_c..cpython-310-x86_64-linux-gnu.so
[51.748s] -- Up-to-date: /home/kalzemic/Projects/ArmVision/ros/src/install/kinematics/local/lib/python3.10/dist-packages/kinematics/kinematics_s__rosidl_typesupport_introspection_c..cpython-310-x86_64-linux-gnu.so
[51.748s] -- Up-to-date: /home/kalzemic/Projects/ArmVision/ros/src/install/kinematics/local/lib/python3.10/dist-packages/kinematics/kinematics_s__rosidl_typesupport_c..cpython-310-x86_64-linux-gnu.so
[51.749s] -- Up-to-date: /home/kalzemic/Projects/ArmVision/ros/src/install/kinematics/lib/libkinematics__rosidl_generator_py.so
[51.749s] -- Up-to-date: /home/kalzemic/Projects/ArmVision/ros/src/install/kinematics/share/kinematics/rust
[51.749s] -- Up-to-date: /home/kalzemic/Projects/ArmVision/ros/src/install/kinematics/share/kinematics/rust/build.rs
[51.749s] -- Up-to-date: /home/kalzemic/Projects/ArmVision/ros/src/install/kinematics/share/kinematics/rust/Cargo.toml
[51.749s] -- Up-to-date: /home/kalzemic/Projects/ArmVision/ros/src/install/kinematics/share/kinematics/rust/src
[51.749s] -- Up-to-date: /home/kalzemic/Projects/ArmVision/ros/src/install/kinematics/share/kinematics/rust/src/srv.rs
[51.749s] -- Up-to-date: /home/kalzemic/Projects/ArmVision/ros/src/install/kinematics/share/kinematics/rust/src/lib.rs
[51.750s] -- Up-to-date: /home/kalzemic/Projects/ArmVision/ros/src/install/kinematics/share/kinematics/rust/src/srv
[51.750s] -- Up-to-date: /home/kalzemic/Projects/ArmVision/ros/src/install/kinematics/share/kinematics/rust/src/srv/rmw.rs
[51.750s] -- Up-to-date: /home/kalzemic/Projects/ArmVision/ros/src/install/kinematics/share/kinematics/srv/Kinematics.idl
[51.750s] -- Up-to-date: /home/kalzemic/Projects/ArmVision/ros/src/install/kinematics/share/kinematics/srv/Kinematics.srv
[51.750s] -- Up-to-date: /home/kalzemic/Projects/ArmVision/ros/src/install/kinematics/share/kinematics/srv/Kinematics_Request.msg
[51.750s] -- Up-to-date: /home/kalzemic/Projects/ArmVision/ros/src/install/kinematics/share/kinematics/srv/Kinematics_Response.msg
[51.750s] -- Installing: /home/kalzemic/Projects/ArmVision/ros/src/install/kinematics/lib/kinematics/kinematics_node
[51.769s] -- Set runtime path of "/home/kalzemic/Projects/ArmVision/ros/src/install/kinematics/lib/kinematics/kinematics_node" to ""
[51.769s] -- Up-to-date: /home/kalzemic/Projects/ArmVision/ros/src/install/kinematics/share/ament_index/resource_index/package_run_dependencies/kinematics
[51.770s] -- Up-to-date: /home/kalzemic/Projects/ArmVision/ros/src/install/kinematics/share/ament_index/resource_index/parent_prefix_path/kinematics
[51.770s] -- Up-to-date: /home/kalzemic/Projects/ArmVision/ros/src/install/kinematics/share/kinematics/environment/ament_prefix_path.sh
[51.770s] -- Installing: /home/kalzemic/Projects/ArmVision/ros/src/install/kinematics/share/kinematics/environment/ament_prefix_path.dsv
[51.770s] -- Up-to-date: /home/kalzemic/Projects/ArmVision/ros/src/install/kinematics/share/kinematics/environment/path.sh
[51.770s] -- Installing: /home/kalzemic/Projects/ArmVision/ros/src/install/kinematics/share/kinematics/environment/path.dsv
[51.770s] -- Up-to-date: /home/kalzemic/Projects/ArmVision/ros/src/install/kinematics/share/kinematics/local_setup.bash
[51.770s] -- Up-to-date: /home/kalzemic/Projects/ArmVision/ros/src/install/kinematics/share/kinematics/local_setup.sh
[51.770s] -- Up-to-date: /home/kalzemic/Projects/ArmVision/ros/src/install/kinematics/share/kinematics/local_setup.zsh
[51.771s] -- Installing: /home/kalzemic/Projects/ArmVision/ros/src/install/kinematics/share/kinematics/local_setup.dsv
[51.771s] -- Installing: /home/kalzemic/Projects/ArmVision/ros/src/install/kinematics/share/kinematics/package.dsv
[51.771s] -- Up-to-date: /home/kalzemic/Projects/ArmVision/ros/src/install/kinematics/share/ament_index/resource_index/packages/kinematics
[51.771s] -- Up-to-date: /home/kalzemic/Projects/ArmVision/ros/src/install/kinematics/share/kinematics/cmake/export_kinematics__rosidl_generator_cExport.cmake
[51.771s] -- Up-to-date: /home/kalzemic/Projects/ArmVision/ros/src/install/kinematics/share/kinematics/cmake/export_kinematics__rosidl_generator_cExport-noconfig.cmake
[51.771s] -- Up-to-date: /home/kalzemic/Projects/ArmVision/ros/src/install/kinematics/share/kinematics/cmake/export_kinematics__rosidl_typesupport_fastrtps_cExport.cmake
[51.771s] -- Up-to-date: /home/kalzemic/Projects/ArmVision/ros/src/install/kinematics/share/kinematics/cmake/export_kinematics__rosidl_typesupport_fastrtps_cExport-noconfig.cmake
[51.772s] -- Up-to-date: /home/kalzemic/Projects/ArmVision/ros/src/install/kinematics/share/kinematics/cmake/export_kinematics__rosidl_generator_cppExport.cmake
[51.772s] -- Up-to-date: /home/kalzemic/Projects/ArmVision/ros/src/install/kinematics/share/kinematics/cmake/export_kinematics__rosidl_typesupport_fastrtps_cppExport.cmake
[51.772s] -- Up-to-date: /home/kalzemic/Projects/ArmVision/ros/src/install/kinematics/share/kinematics/cmake/export_kinematics__rosidl_typesupport_fastrtps_cppExport-noconfig.cmake
[51.772s] -- Up-to-date: /home/kalzemic/Projects/ArmVision/ros/src/install/kinematics/share/kinematics/cmake/kinematics__rosidl_typesupport_introspection_cExport.cmake
[51.772s] -- Up-to-date: /home/kalzemic/Projects/ArmVision/ros/src/install/kinematics/share/kinematics/cmake/kinematics__rosidl_typesupport_introspection_cExport-noconfig.cmake
[51.772s] -- Up-to-date: /home/kalzemic/Projects/ArmVision/ros/src/install/kinematics/share/kinematics/cmake/kinematics__rosidl_typesupport_cExport.cmake
[51.773s] -- Up-to-date: /home/kalzemic/Projects/ArmVision/ros/src/install/kinematics/share/kinematics/cmake/kinematics__rosidl_typesupport_cExport-noconfig.cmake
[51.773s] -- Up-to-date: /home/kalzemic/Projects/ArmVision/ros/src/install/kinematics/share/kinematics/cmake/kinematics__rosidl_typesupport_introspection_cppExport.cmake
[51.773s] -- Up-to-date: /home/kalzemic/Projects/ArmVision/ros/src/install/kinematics/share/kinematics/cmake/kinematics__rosidl_typesupport_introspection_cppExport-noconfig.cmake
[51.773s] -- Up-to-date: /home/kalzemic/Projects/ArmVision/ros/src/install/kinematics/share/kinematics/cmake/kinematics__rosidl_typesupport_cppExport.cmake
[51.773s] -- Up-to-date: /home/kalzemic/Projects/ArmVision/ros/src/install/kinematics/share/kinematics/cmake/kinematics__rosidl_typesupport_cppExport-noconfig.cmake
[51.773s] -- Up-to-date: /home/kalzemic/Projects/ArmVision/ros/src/install/kinematics/share/kinematics/cmake/export_kinematics__rosidl_generator_pyExport.cmake
[51.774s] -- Up-to-date: /home/kalzemic/Projects/ArmVision/ros/src/install/kinematics/share/kinematics/cmake/export_kinematics__rosidl_generator_pyExport-noconfig.cmake
[51.774s] -- Up-to-date: /home/kalzemic/Projects/ArmVision/ros/src/install/kinematics/share/kinematics/cmake/rosidl_cmake-extras.cmake
[51.774s] -- Up-to-date: /home/kalzemic/Projects/ArmVision/ros/src/install/kinematics/share/kinematics/cmake/ament_cmake_export_dependencies-extras.cmake
[51.774s] -- Up-to-date: /home/kalzemic/Projects/ArmVision/ros/src/install/kinematics/share/kinematics/cmake/ament_cmake_export_include_directories-extras.cmake
[51.774s] -- Up-to-date: /home/kalzemic/Projects/ArmVision/ros/src/install/kinematics/share/kinematics/cmake/ament_cmake_export_libraries-extras.cmake
[51.774s] -- Up-to-date: /home/kalzemic/Projects/ArmVision/ros/src/install/kinematics/share/kinematics/cmake/ament_cmake_export_targets-extras.cmake
[51.774s] -- Up-to-date: /home/kalzemic/Projects/ArmVision/ros/src/install/kinematics/share/kinematics/cmake/rosidl_cmake_export_typesupport_targets-extras.cmake
[51.775s] -- Up-to-date: /home/kalzemic/Projects/ArmVision/ros/src/install/kinematics/share/kinematics/cmake/rosidl_cmake_export_typesupport_libraries-extras.cmake
[51.775s] -- Up-to-date: /home/kalzemic/Projects/ArmVision/ros/src/install/kinematics/share/kinematics/cmake/rosidl_cmake_aggregate_target-extras.cmake
[51.775s] -- Up-to-date: /home/kalzemic/Projects/ArmVision/ros/src/install/kinematics/share/kinematics/cmake/kinematicsConfig.cmake
[51.775s] -- Up-to-date: /home/kalzemic/Projects/ArmVision/ros/src/install/kinematics/share/kinematics/cmake/kinematicsConfig-version.cmake
[51.776s] -- Up-to-date: /home/kalzemic/Projects/ArmVision/ros/src/install/kinematics/share/kinematics/package.xml
[51.776s] Invoked command in '/home/kalzemic/Projects/ArmVision/ros/src/build/kinematics' returned '0': CMAKE_PREFIX_PATH=${CMAKE_PREFIX_PATH}:/opt/ros/humble DEBUGINFOD_URLS=https://debuginfod.archlinux.org /usr/bin/cmake --install /home/kalzemic/Projects/ArmVision/ros/src/build/kinematics
