-- Found ament_cmake: 1.3.14 (/opt/ros/humble/share/ament_cmake/cmake)
-- Found rclcpp: 16.0.21 (/opt/ros/humble/share/rclcpp/cmake)
-- Found rosidl_generator_c: 3.1.9 (/opt/ros/humble/share/rosidl_generator_c/cmake)
-- Found rosidl_adapter: 3.1.9 (/opt/ros/humble/share/rosidl_adapter/cmake)
-- Found rosidl_generator_cpp: 3.1.9 (/opt/ros/humble/share/rosidl_generator_cpp/cmake)
-- Using all available rosidl_typesupport_c: rosidl_typesupport_fastrtps_c;rosidl_typesupport_introspection_c
-- Using all available rosidl_typesupport_cpp: rosidl_typesupport_fastrtps_cpp;rosidl_typesupport_introspection_cpp
-- Found rmw_implementation_cmake: 6.1.4 (/opt/ros/humble/share/rmw_implementation_cmake/cmake)
-- Found rmw_fastrtps_cpp: 6.2.10 (/opt/ros/humble/share/rmw_fastrtps_cpp/cmake)
-- Using RMW implementation 'rmw_fastrtps_cpp' as default
-- Found sensor_msgs: 4.9.2 (/opt/ros/humble/share/sensor_msgs/cmake)
-- Found trajectory_msgs: 4.9.2 (/opt/ros/humble/share/trajectory_msgs/cmake)
-- Found ament_lint_auto: 0.12.15 (/opt/ros/humble/share/ament_lint_auto/cmake)
-- Added test 'cppcheck' to perform static code analysis on C / C++ code
-- Configured cppcheck include dirs: 
-- Configured cppcheck exclude dirs and/or files: 
-- Added test 'lint_cmake' to check CMake code style
-- Added test 'uncrustify' to check C / C++ code style
-- Configured uncrustify additional arguments: 
-- Added test 'xmllint' to check XML markup files
-- Configuring done
-- Generating done
-- Build files have been written to: /home/kalzemic/Projects/ArmVision/ros/src/build/trajectory
-- Install configuration: ""
-- Up-to-date: /home/kalzemic/Projects/ArmVision/ros/src/install/trajectory/share/ament_index/resource_index/package_run_dependencies/trajectory
-- Up-to-date: /home/kalzemic/Projects/ArmVision/ros/src/install/trajectory/share/ament_index/resource_index/parent_prefix_path/trajectory
-- Up-to-date: /home/kalzemic/Projects/ArmVision/ros/src/install/trajectory/share/trajectory/environment/ament_prefix_path.sh
-- Installing: /home/kalzemic/Projects/ArmVision/ros/src/install/trajectory/share/trajectory/environment/ament_prefix_path.dsv
-- Up-to-date: /home/kalzemic/Projects/ArmVision/ros/src/install/trajectory/share/trajectory/environment/path.sh
-- Installing: /home/kalzemic/Projects/ArmVision/ros/src/install/trajectory/share/trajectory/environment/path.dsv
-- Up-to-date: /home/kalzemic/Projects/ArmVision/ros/src/install/trajectory/share/trajectory/local_setup.bash
-- Up-to-date: /home/kalzemic/Projects/ArmVision/ros/src/install/trajectory/share/trajectory/local_setup.sh
-- Up-to-date: /home/kalzemic/Projects/ArmVision/ros/src/install/trajectory/share/trajectory/local_setup.zsh
-- Installing: /home/kalzemic/Projects/ArmVision/ros/src/install/trajectory/share/trajectory/local_setup.dsv
-- Installing: /home/kalzemic/Projects/ArmVision/ros/src/install/trajectory/share/trajectory/package.dsv
-- Up-to-date: /home/kalzemic/Projects/ArmVision/ros/src/install/trajectory/share/ament_index/resource_index/packages/trajectory
-- Up-to-date: /home/kalzemic/Projects/ArmVision/ros/src/install/trajectory/share/trajectory/cmake/trajectoryConfig.cmake
-- Up-to-date: /home/kalzemic/Projects/ArmVision/ros/src/install/trajectory/share/trajectory/cmake/trajectoryConfig-version.cmake
-- Up-to-date: /home/kalzemic/Projects/ArmVision/ros/src/install/trajectory/share/trajectory/package.xml
