-- Found ament_cmake: 1.3.14 (/opt/ros/humble/share/ament_cmake/cmake)
-- Found rclcpp: 16.0.21 (/opt/ros/humble/share/rclcpp/cmake)
-- Found rosidl_generator_c: 3.1.9 (/opt/ros/humble/share/rosidl_generator_c/cmake)
-- Found rosidl_adapter: 3.1.9 (/opt/ros/humble/share/rosidl_adapter/cmake)
-- Found rosidl_generator_cpp: 3.1.9 (/opt/ros/humble/share/rosidl_generator_cpp/cmake)
-- Using all available rosidl_typesupport_c: rosidl_typesupport_fastrtps_c;rosidl_typesupport_introspection_c
-- Using all available rosidl_typesupport_cpp: rosidl_typesupport_fastrtps_cpp;rosidl_typesupport_introspection_cpp
-- Found rmw_implementation_cmake: 6.1.4 (/opt/ros/humble/share/rmw_implementation_cmake/cmake)
-- Found rmw_fastrtps_cpp: 6.2.10 (/opt/ros/humble/share/rmw_fastrtps_cpp/cmake)
-- Using RMW implementation 'rmw_fastrtps_cpp' as default
-- Found sensor_msgs: 4.9.2 (/opt/ros/humble/share/sensor_msgs/cmake)
-- Found trajectory_msgs: 4.9.2 (/opt/ros/humble/share/trajectory_msgs/cmake)
-- Found rosidl_default_generators: 1.2.1 (/opt/ros/humble/share/rosidl_default_generators/cmake)
-- Found ament_cmake_ros: 0.10.1 (/opt/ros/humble/share/ament_cmake_ros/cmake)
-- Using all available rosidl_typesupport_c: rosidl_typesupport_fastrtps_c;rosidl_typesupport_introspection_c
-- Using all available rosidl_typesupport_cpp: rosidl_typesupport_fastrtps_cpp;rosidl_typesupport_introspection_cpp
-- Found PythonInterp: /usr/bin/python3 (found suitable version "3.10.12", minimum required is "3.6") 
-- Found python_cmake_module: 0.10.0 (/opt/ros/humble/share/python_cmake_module/cmake)
-- Found PythonLibs: /usr/lib/x86_64-linux-gnu/libpython3.10.so (found suitable version "3.10.12", minimum required is "3.5") 
-- Using PYTHON_EXECUTABLE: /usr/bin/python3
-- Using PYTHON_INCLUDE_DIRS: /usr/include/python3.10
-- Using PYTHON_LIBRARIES: /usr/lib/x86_64-linux-gnu/libpython3.10.so
-- Found PythonExtra: .so  
-- Found ament_lint_auto: 0.12.15 (/opt/ros/humble/share/ament_lint_auto/cmake)
-- Added test 'cppcheck' to perform static code analysis on C / C++ code
-- Configured cppcheck include dirs: 
-- Configured cppcheck exclude dirs and/or files: 
-- Added test 'lint_cmake' to check CMake code style
-- Added test 'uncrustify' to check C / C++ code style
-- Configured uncrustify additional arguments: 
-- Added test 'xmllint' to check XML markup files
-- Configuring done
-- Generating done
-- Build files have been written to: /home/kalzemic/Projects/ArmVision/ros/src/build/trajectory
[  2%] [34m[1mGenerating C code for ROS interfaces[0m
[  5%] [34m[1mGenerating C++ code for ROS interfaces[0m
[  8%] [34m[1mGenerating Rust code for ROS interfaces[0m
[  8%] Built target ament_cmake_python_copy_trajectory
running egg_info
creating trajectory.egg-info
writing trajectory.egg-info/PKG-INFO
writing dependency_links to trajectory.egg-info/dependency_links.txt
writing top-level names to trajectory.egg-info/top_level.txt
writing manifest file 'trajectory.egg-info/SOURCES.txt'
reading manifest file 'trajectory.egg-info/SOURCES.txt'
writing manifest file 'trajectory.egg-info/SOURCES.txt'
[  8%] Built target trajectory__cpp
[ 11%] [34m[1mGenerating C++ type support for eProsima Fast-RTPS[0m
[ 11%] Built target ament_cmake_python_build_trajectory_egg
[ 14%] [34m[1mGenerating C++ type support dispatch for ROS interfaces[0m
[ 17%] [34m[1mGenerating C++ introspection for ROS interfaces[0m
[ 17%] Built target trajectory__rs
[ 20%] [32mBuilding C object CMakeFiles/trajectory__rosidl_generator_c.dir/rosidl_generator_c/trajectory/srv/detail/trajectory__functions.c.o[0m
[ 23%] [32m[1mLinking C shared library libtrajectory__rosidl_generator_c.so[0m
[ 23%] Built target trajectory__rosidl_generator_c
[ 26%] [34m[1mGenerating C introspection for ROS interfaces[0m
[ 29%] [34m[1mGenerating C type support for eProsima Fast-RTPS[0m
[ 32%] [34m[1mGenerating C type support dispatch for ROS interfaces[0m
[ 35%] [32mBuilding CXX object CMakeFiles/trajectory__rosidl_typesupport_cpp.dir/rosidl_typesupport_cpp/trajectory/srv/trajectory__type_support.cpp.o[0m
[ 38%] [32mBuilding CXX object CMakeFiles/trajectory__rosidl_typesupport_fastrtps_cpp.dir/rosidl_typesupport_fastrtps_cpp/trajectory/srv/detail/dds_fastrtps/trajectory__type_support.cpp.o[0m
[ 41%] [32mBuilding CXX object CMakeFiles/trajectory__rosidl_typesupport_introspection_cpp.dir/rosidl_typesupport_introspection_cpp/trajectory/srv/detail/trajectory__type_support.cpp.o[0m
[ 44%] [32mBuilding CXX object CMakeFiles/trajectory__rosidl_typesupport_c.dir/rosidl_typesupport_c/trajectory/srv/trajectory__type_support.cpp.o[0m
[ 47%] [32m[1mLinking CXX shared library libtrajectory__rosidl_typesupport_c.so[0m
[ 50%] [32mBuilding CXX object CMakeFiles/trajectory__rosidl_typesupport_fastrtps_c.dir/rosidl_typesupport_fastrtps_c/trajectory/srv/detail/trajectory__type_support_c.cpp.o[0m
[ 52%] [32mBuilding C object CMakeFiles/trajectory__rosidl_typesupport_introspection_c.dir/rosidl_typesupport_introspection_c/trajectory/srv/detail/trajectory__type_support.c.o[0m
[ 52%] Built target trajectory__rosidl_typesupport_c
[ 55%] [32m[1mLinking CXX shared library libtrajectory__rosidl_typesupport_cpp.so[0m
[ 58%] [32m[1mLinking C shared library libtrajectory__rosidl_typesupport_introspection_c.so[0m
[ 58%] Built target trajectory__rosidl_typesupport_cpp
[ 58%] Built target trajectory__rosidl_typesupport_introspection_c
[ 61%] [32mBuilding CXX object CMakeFiles/trajectory_node.dir/src/trajectory.cpp.o[0m
[ 64%] [32m[1mLinking CXX shared library libtrajectory__rosidl_typesupport_introspection_cpp.so[0m
[ 67%] [32m[1mLinking CXX shared library libtrajectory__rosidl_typesupport_fastrtps_cpp.so[0m
[ 67%] Built target trajectory__rosidl_typesupport_introspection_cpp
[ 70%] [32m[1mLinking CXX shared library libtrajectory__rosidl_typesupport_fastrtps_c.so[0m
[ 70%] Built target trajectory__rosidl_typesupport_fastrtps_cpp
[ 70%] Built target trajectory__rosidl_typesupport_fastrtps_c
[ 70%] Built target trajectory
[ 73%] [34m[1mGenerating Python code for ROS interfaces[0m
[ 73%] Built target trajectory__py
[ 76%] [32mBuilding C object CMakeFiles/trajectory__rosidl_generator_py.dir/rosidl_generator_py/trajectory/srv/_trajectory_s.c.o[0m
[ 79%] [32m[1mLinking C shared library rosidl_generator_py/trajectory/libtrajectory__rosidl_generator_py.so[0m
[ 79%] Built target trajectory__rosidl_generator_py
[ 82%] [32mBuilding C object CMakeFiles/trajectory__rosidl_typesupport_introspection_c__pyext.dir/rosidl_generator_py/trajectory/_trajectory_s.ep.rosidl_typesupport_introspection_c.c.o[0m
[ 88%] [32mBuilding C object CMakeFiles/trajectory__rosidl_typesupport_c__pyext.dir/rosidl_generator_py/trajectory/_trajectory_s.ep.rosidl_typesupport_c.c.o[0m
[ 88%] [32mBuilding C object CMakeFiles/trajectory__rosidl_typesupport_fastrtps_c__pyext.dir/rosidl_generator_py/trajectory/_trajectory_s.ep.rosidl_typesupport_fastrtps_c.c.o[0m
[ 91%] [32m[1mLinking C shared library rosidl_generator_py/trajectory/trajectory_s__rosidl_typesupport_introspection_c.cpython-310-x86_64-linux-gnu.so[0m
[ 97%] [32m[1mLinking C shared library rosidl_generator_py/trajectory/trajectory_s__rosidl_typesupport_fastrtps_c.cpython-310-x86_64-linux-gnu.so[0m
[ 97%] [32m[1mLinking C shared library rosidl_generator_py/trajectory/trajectory_s__rosidl_typesupport_c.cpython-310-x86_64-linux-gnu.so[0m
[ 97%] Built target trajectory__rosidl_typesupport_introspection_c__pyext
[ 97%] Built target trajectory__rosidl_typesupport_c__pyext
[ 97%] Built target trajectory__rosidl_typesupport_fastrtps_c__pyext
