[0.015s] Invoking command in '/home/kalzemic/Projects/ArmVision/ros/src/build/trajectory': CMAKE_PREFIX_PATH=${CMAKE_PREFIX_PATH}:/opt/ros/humble DEBUGINFOD_URLS=https://debuginfod.archlinux.org /usr/bin/cmake --build /home/kalzemic/Projects/ArmVision/ros/src/build/trajectory -- -j8 -l8
[0.040s] -- Found ament_cmake: 1.3.14 (/opt/ros/humble/share/ament_cmake/cmake)
[0.157s] -- Found rclcpp: 16.0.21 (/opt/ros/humble/share/rclcpp/cmake)
[0.196s] -- Found rosidl_generator_c: 3.1.9 (/opt/ros/humble/share/rosidl_generator_c/cmake)
[0.198s] -- Found rosidl_adapter: 3.1.9 (/opt/ros/humble/share/rosidl_adapter/cmake)
[0.204s] -- Found rosidl_generator_cpp: 3.1.9 (/opt/ros/humble/share/rosidl_generator_cpp/cmake)
[0.215s] -- Using all available rosidl_typesupport_c: rosidl_typesupport_fastrtps_c;rosidl_typesupport_introspection_c
[0.228s] -- Using all available rosidl_typesupport_cpp: rosidl_typesupport_fastrtps_cpp;rosidl_typesupport_introspection_cpp
[0.260s] -- Found rmw_implementation_cmake: 6.1.4 (/opt/ros/humble/share/rmw_implementation_cmake/cmake)
[0.261s] -- Found rmw_fastrtps_cpp: 6.2.10 (/opt/ros/humble/share/rmw_fastrtps_cpp/cmake)
[0.413s] -- Using RMW implementation 'rmw_fastrtps_cpp' as default
[0.470s] -- Found sensor_msgs: 4.9.2 (/opt/ros/humble/share/sensor_msgs/cmake)
[0.496s] -- Found trajectory_msgs: 4.9.2 (/opt/ros/humble/share/trajectory_msgs/cmake)
[0.513s] -- Found rosidl_default_generators: 1.2.1 (/opt/ros/humble/share/rosidl_default_generators/cmake)
[0.821s] -- Found ament_cmake_ros: 0.10.1 (/opt/ros/humble/share/ament_cmake_ros/cmake)
[1.291s] -- Using all available rosidl_typesupport_c: rosidl_typesupport_fastrtps_c;rosidl_typesupport_introspection_c
[1.481s] -- Using all available rosidl_typesupport_cpp: rosidl_typesupport_fastrtps_cpp;rosidl_typesupport_introspection_cpp
[1.504s] -- Found PythonInterp: /usr/bin/python3 (found suitable version "3.10.12", minimum required is "3.6") 
[1.506s] -- Found python_cmake_module: 0.10.0 (/opt/ros/humble/share/python_cmake_module/cmake)
[1.539s] -- Found PythonLibs: /usr/lib/x86_64-linux-gnu/libpython3.10.so (found suitable version "3.10.12", minimum required is "3.5") 
[1.540s] -- Using PYTHON_EXECUTABLE: /usr/bin/python3
[1.540s] -- Using PYTHON_INCLUDE_DIRS: /usr/include/python3.10
[1.540s] -- Using PYTHON_LIBRARIES: /usr/lib/x86_64-linux-gnu/libpython3.10.so
[1.563s] -- Found PythonExtra: .so  
[1.740s] -- Found ament_lint_auto: 0.12.15 (/opt/ros/humble/share/ament_lint_auto/cmake)
[1.750s] -- Added test 'cppcheck' to perform static code analysis on C / C++ code
[1.750s] -- Configured cppcheck include dirs: 
[1.750s] -- Configured cppcheck exclude dirs and/or files: 
[1.751s] -- Added test 'lint_cmake' to check CMake code style
[1.752s] -- Added test 'uncrustify' to check C / C++ code style
[1.752s] -- Configured uncrustify additional arguments: 
[1.752s] -- Added test 'xmllint' to check XML markup files
[1.754s] -- Configuring done
[1.804s] -- Generating done
[1.821s] -- Build files have been written to: /home/kalzemic/Projects/ArmVision/ros/src/build/trajectory
[1.852s] [  2%] [34m[1mGenerating C code for ROS interfaces[0m
[1.862s] [  5%] [34m[1mGenerating C++ code for ROS interfaces[0m
[1.866s] [  8%] [34m[1mGenerating Rust code for ROS interfaces[0m
[1.870s] [  8%] Built target ament_cmake_python_copy_trajectory
[2.170s] running egg_info
[2.172s] creating trajectory.egg-info
[2.173s] writing trajectory.egg-info/PKG-INFO
[2.174s] writing dependency_links to trajectory.egg-info/dependency_links.txt
[2.174s] writing top-level names to trajectory.egg-info/top_level.txt
[2.175s] writing manifest file 'trajectory.egg-info/SOURCES.txt'
[2.179s] reading manifest file 'trajectory.egg-info/SOURCES.txt'
[2.181s] writing manifest file 'trajectory.egg-info/SOURCES.txt'
[2.215s] [  8%] Built target trajectory__cpp
[2.232s] [ 11%] [34m[1mGenerating C++ type support for eProsima Fast-RTPS[0m
[2.232s] [ 11%] Built target ament_cmake_python_build_trajectory_egg
[2.232s] [ 14%] [34m[1mGenerating C++ type support dispatch for ROS interfaces[0m
[2.233s] [ 17%] [34m[1mGenerating C++ introspection for ROS interfaces[0m
[2.262s] [ 17%] Built target trajectory__rs
[2.318s] [ 20%] [32mBuilding C object CMakeFiles/trajectory__rosidl_generator_c.dir/rosidl_generator_c/trajectory/srv/detail/trajectory__functions.c.o[0m
[2.382s] [ 23%] [32m[1mLinking C shared library libtrajectory__rosidl_generator_c.so[0m
[2.425s] [ 23%] Built target trajectory__rosidl_generator_c
[2.440s] [ 26%] [34m[1mGenerating C introspection for ROS interfaces[0m
[2.441s] [ 29%] [34m[1mGenerating C type support for eProsima Fast-RTPS[0m
[2.443s] [ 32%] [34m[1mGenerating C type support dispatch for ROS interfaces[0m
[2.552s] [ 35%] [32mBuilding CXX object CMakeFiles/trajectory__rosidl_typesupport_cpp.dir/rosidl_typesupport_cpp/trajectory/srv/trajectory__type_support.cpp.o[0m
[2.648s] [ 38%] [32mBuilding CXX object CMakeFiles/trajectory__rosidl_typesupport_fastrtps_cpp.dir/rosidl_typesupport_fastrtps_cpp/trajectory/srv/detail/dds_fastrtps/trajectory__type_support.cpp.o[0m
[2.660s] [ 41%] [32mBuilding CXX object CMakeFiles/trajectory__rosidl_typesupport_introspection_cpp.dir/rosidl_typesupport_introspection_cpp/trajectory/srv/detail/trajectory__type_support.cpp.o[0m
[2.778s] [ 44%] [32mBuilding CXX object CMakeFiles/trajectory__rosidl_typesupport_c.dir/rosidl_typesupport_c/trajectory/srv/trajectory__type_support.cpp.o[0m
[2.834s] [ 47%] [32m[1mLinking CXX shared library libtrajectory__rosidl_typesupport_c.so[0m
[2.877s] [ 50%] [32mBuilding CXX object CMakeFiles/trajectory__rosidl_typesupport_fastrtps_c.dir/rosidl_typesupport_fastrtps_c/trajectory/srv/detail/trajectory__type_support_c.cpp.o[0m
[2.878s] [ 52%] [32mBuilding C object CMakeFiles/trajectory__rosidl_typesupport_introspection_c.dir/rosidl_typesupport_introspection_c/trajectory/srv/detail/trajectory__type_support.c.o[0m
[2.903s] [ 52%] Built target trajectory__rosidl_typesupport_c
[2.905s] [ 55%] [32m[1mLinking CXX shared library libtrajectory__rosidl_typesupport_cpp.so[0m
[2.940s] [ 58%] [32m[1mLinking C shared library libtrajectory__rosidl_typesupport_introspection_c.so[0m
[2.963s] [ 58%] Built target trajectory__rosidl_typesupport_cpp
[2.987s] [ 58%] Built target trajectory__rosidl_typesupport_introspection_c
[2.992s] [ 61%] [32mBuilding CXX object CMakeFiles/trajectory_node.dir/src/trajectory.cpp.o[0m
[3.138s] [ 64%] [32m[1mLinking CXX shared library libtrajectory__rosidl_typesupport_introspection_cpp.so[0m
[3.205s] [ 67%] [32m[1mLinking CXX shared library libtrajectory__rosidl_typesupport_fastrtps_cpp.so[0m
[3.231s] [ 67%] Built target trajectory__rosidl_typesupport_introspection_cpp
[3.246s] [ 70%] [32m[1mLinking CXX shared library libtrajectory__rosidl_typesupport_fastrtps_c.so[0m
[3.311s] [ 70%] Built target trajectory__rosidl_typesupport_fastrtps_cpp
[3.346s] [ 70%] Built target trajectory__rosidl_typesupport_fastrtps_c
[3.367s] [ 70%] Built target trajectory
[3.390s] [ 73%] [34m[1mGenerating Python code for ROS interfaces[0m
[3.747s] [ 73%] Built target trajectory__py
[3.768s] [ 76%] [32mBuilding C object CMakeFiles/trajectory__rosidl_generator_py.dir/rosidl_generator_py/trajectory/srv/_trajectory_s.c.o[0m
[3.893s] [ 79%] [32m[1mLinking C shared library rosidl_generator_py/trajectory/libtrajectory__rosidl_generator_py.so[0m
[3.939s] [ 79%] Built target trajectory__rosidl_generator_py
[3.964s] [ 82%] [32mBuilding C object CMakeFiles/trajectory__rosidl_typesupport_introspection_c__pyext.dir/rosidl_generator_py/trajectory/_trajectory_s.ep.rosidl_typesupport_introspection_c.c.o[0m
[3.966s] [ 88%] [32mBuilding C object CMakeFiles/trajectory__rosidl_typesupport_c__pyext.dir/rosidl_generator_py/trajectory/_trajectory_s.ep.rosidl_typesupport_c.c.o[0m
[3.966s] [ 88%] [32mBuilding C object CMakeFiles/trajectory__rosidl_typesupport_fastrtps_c__pyext.dir/rosidl_generator_py/trajectory/_trajectory_s.ep.rosidl_typesupport_fastrtps_c.c.o[0m
[4.082s] [ 91%] [32m[1mLinking C shared library rosidl_generator_py/trajectory/trajectory_s__rosidl_typesupport_introspection_c.cpython-310-x86_64-linux-gnu.so[0m
[4.115s] [ 97%] [32m[1mLinking C shared library rosidl_generator_py/trajectory/trajectory_s__rosidl_typesupport_fastrtps_c.cpython-310-x86_64-linux-gnu.so[0m
[4.115s] [ 97%] [32m[1mLinking C shared library rosidl_generator_py/trajectory/trajectory_s__rosidl_typesupport_c.cpython-310-x86_64-linux-gnu.so[0m
[4.137s] [ 97%] Built target trajectory__rosidl_typesupport_introspection_c__pyext
[4.166s] [ 97%] Built target trajectory__rosidl_typesupport_c__pyext
[4.167s] [ 97%] Built target trajectory__rosidl_typesupport_fastrtps_c__pyext
[5.571s] [01m[K/home/kalzemic/Projects/ArmVision/ros/src/trajectory/src/trajectory.cpp:[m[K In member function ‘[01m[Kvoid armvision::Trajectory::service_callback(std::shared_ptr<trajectory::srv::Trajectory_Request_<std::allocator<void> > >, std::shared_ptr<trajectory::srv::Trajectory_Response_<std::allocator<void> > >)[m[K’:
[5.571s] [01m[K/home/kalzemic/Projects/ArmVision/ros/src/trajectory/src/trajectory.cpp:113:71:[m[K [01;31m[Kerror: [m[K‘[01m[Kclass rclcpp::Duration[m[K’ has no member named ‘[01m[Kto_msg[m[K’
[5.571s]   113 |             point.time_from_start = rclcpp::Duration::from_seconds(t).[01;31m[Kto_msg[m[K();
[5.571s]       |                                                                       [01;31m[K^~~~~~[m[K
[7.853s] gmake[2]: *** [CMakeFiles/trajectory_node.dir/build.make:76: CMakeFiles/trajectory_node.dir/src/trajectory.cpp.o] Error 1
[7.853s] gmake[1]: *** [CMakeFiles/Makefile2:612: CMakeFiles/trajectory_node.dir/all] Error 2
[7.854s] gmake: *** [Makefile:146: all] Error 2
[7.856s] Invoked command in '/home/kalzemic/Projects/ArmVision/ros/src/build/trajectory' returned '2': CMAKE_PREFIX_PATH=${CMAKE_PREFIX_PATH}:/opt/ros/humble DEBUGINFOD_URLS=https://debuginfod.archlinux.org /usr/bin/cmake --build /home/kalzemic/Projects/ArmVision/ros/src/build/trajectory -- -j8 -l8
