[35m[1mConsolidate compiler generated dependencies of target trajectory__rosidl_generator_c[0m
[  2%] Built target trajectory__rs
[  5%] Built target trajectory__cpp
[ 14%] Built target trajectory__rosidl_generator_c
[ 14%] Built target ament_cmake_python_copy_trajectory
[35m[1mConsolidate compiler generated dependencies of target trajectory__rosidl_typesupport_cpp[0m
[35m[1mConsolidate compiler generated dependencies of target trajectory__rosidl_typesupport_introspection_cpp[0m
[35m[1mConsolidate compiler generated dependencies of target trajectory__rosidl_typesupport_fastrtps_cpp[0m
[35m[1mConsolidate compiler generated dependencies of target trajectory__rosidl_typesupport_c[0m
[35m[1mConsolidate compiler generated dependencies of target trajectory__rosidl_typesupport_introspection_c[0m
[35m[1mConsolidate compiler generated dependencies of target trajectory__rosidl_typesupport_fastrtps_c[0m
[ 23%] Built target trajectory__rosidl_typesupport_introspection_cpp
[ 32%] Built target trajectory__rosidl_typesupport_cpp
[ 41%] Built target trajectory__rosidl_typesupport_c
[ 50%] Built target trajectory__rosidl_typesupport_introspection_c
[ 58%] Built target trajectory__rosidl_typesupport_fastrtps_cpp
[ 67%] Built target trajectory__rosidl_typesupport_fastrtps_c
[35m[1mConsolidate compiler generated dependencies of target trajectory_node[0m
[ 70%] [32mBuilding CXX object CMakeFiles/trajectory_node.dir/src/trajectory.cpp.o[0m
[ 70%] Built target trajectory
[ 73%] Built target trajectory__py
[35m[1mConsolidate compiler generated dependencies of target trajectory__rosidl_generator_py[0m
[ 79%] Built target trajectory__rosidl_generator_py
[35m[1mConsolidate compiler generated dependencies of target trajectory__rosidl_typesupport_c__pyext[0m
[35m[1mConsolidate compiler generated dependencies of target trajectory__rosidl_typesupport_fastrtps_c__pyext[0m
[35m[1mConsolidate compiler generated dependencies of target trajectory__rosidl_typesupport_introspection_c__pyext[0m
[ 85%] Built target trajectory__rosidl_typesupport_c__pyext
[ 91%] Built target trajectory__rosidl_typesupport_introspection_c__pyext
[ 97%] Built target trajectory__rosidl_typesupport_fastrtps_c__pyext
running egg_info
writing trajectory.egg-info/PKG-INFO
writing dependency_links to trajectory.egg-info/dependency_links.txt
writing top-level names to trajectory.egg-info/top_level.txt
reading manifest file 'trajectory.egg-info/SOURCES.txt'
writing manifest file 'trajectory.egg-info/SOURCES.txt'
[ 97%] Built target ament_cmake_python_build_trajectory_egg
[100%] [32m[1mLinking CXX executable trajectory_node[0m
[100%] Built target trajectory_node
-- Install configuration: ""
-- Installing: /home/kalzemic/Projects/ArmVision/ros/src/install/trajectory/share/ament_index/resource_index/rosidl_interfaces/trajectory
-- Installing: /home/kalzemic/Projects/ArmVision/ros/src/install/trajectory/include/trajectory/trajectory
-- Installing: /home/kalzemic/Projects/ArmVision/ros/src/install/trajectory/include/trajectory/trajectory/srv
-- Installing: /home/kalzemic/Projects/ArmVision/ros/src/install/trajectory/include/trajectory/trajectory/srv/trajectory.h
-- Installing: /home/kalzemic/Projects/ArmVision/ros/src/install/trajectory/include/trajectory/trajectory/srv/detail
-- Installing: /home/kalzemic/Projects/ArmVision/ros/src/install/trajectory/include/trajectory/trajectory/srv/detail/trajectory__struct.h
-- Installing: /home/kalzemic/Projects/ArmVision/ros/src/install/trajectory/include/trajectory/trajectory/srv/detail/trajectory__functions.c
-- Installing: /home/kalzemic/Projects/ArmVision/ros/src/install/trajectory/include/trajectory/trajectory/srv/detail/trajectory__type_support.h
-- Installing: /home/kalzemic/Projects/ArmVision/ros/src/install/trajectory/include/trajectory/trajectory/srv/detail/trajectory__functions.h
-- Installing: /home/kalzemic/Projects/ArmVision/ros/src/install/trajectory/include/trajectory/trajectory/msg
-- Installing: /home/kalzemic/Projects/ArmVision/ros/src/install/trajectory/include/trajectory/trajectory/msg/rosidl_generator_c__visibility_control.h
-- Installing: /home/kalzemic/Projects/ArmVision/ros/src/install/trajectory/share/trajectory/environment/library_path.sh
-- Installing: /home/kalzemic/Projects/ArmVision/ros/src/install/trajectory/share/trajectory/environment/library_path.dsv
-- Installing: /home/kalzemic/Projects/ArmVision/ros/src/install/trajectory/lib/libtrajectory__rosidl_generator_c.so
-- Set runtime path of "/home/kalzemic/Projects/ArmVision/ros/src/install/trajectory/lib/libtrajectory__rosidl_generator_c.so" to ""
-- Up-to-date: /home/kalzemic/Projects/ArmVision/ros/src/install/trajectory/include/trajectory/trajectory
-- Up-to-date: /home/kalzemic/Projects/ArmVision/ros/src/install/trajectory/include/trajectory/trajectory/srv
-- Up-to-date: /home/kalzemic/Projects/ArmVision/ros/src/install/trajectory/include/trajectory/trajectory/srv/detail
-- Installing: /home/kalzemic/Projects/ArmVision/ros/src/install/trajectory/include/trajectory/trajectory/srv/detail/trajectory__rosidl_typesupport_fastrtps_c.h
-- Up-to-date: /home/kalzemic/Projects/ArmVision/ros/src/install/trajectory/include/trajectory/trajectory/msg
-- Installing: /home/kalzemic/Projects/ArmVision/ros/src/install/trajectory/include/trajectory/trajectory/msg/rosidl_typesupport_fastrtps_c__visibility_control.h
-- Installing: /home/kalzemic/Projects/ArmVision/ros/src/install/trajectory/lib/libtrajectory__rosidl_typesupport_fastrtps_c.so
-- Set runtime path of "/home/kalzemic/Projects/ArmVision/ros/src/install/trajectory/lib/libtrajectory__rosidl_typesupport_fastrtps_c.so" to ""
-- Up-to-date: /home/kalzemic/Projects/ArmVision/ros/src/install/trajectory/include/trajectory/trajectory
-- Up-to-date: /home/kalzemic/Projects/ArmVision/ros/src/install/trajectory/include/trajectory/trajectory/srv
-- Installing: /home/kalzemic/Projects/ArmVision/ros/src/install/trajectory/include/trajectory/trajectory/srv/trajectory.hpp
-- Up-to-date: /home/kalzemic/Projects/ArmVision/ros/src/install/trajectory/include/trajectory/trajectory/srv/detail
-- Installing: /home/kalzemic/Projects/ArmVision/ros/src/install/trajectory/include/trajectory/trajectory/srv/detail/trajectory__struct.hpp
-- Installing: /home/kalzemic/Projects/ArmVision/ros/src/install/trajectory/include/trajectory/trajectory/srv/detail/trajectory__traits.hpp
-- Installing: /home/kalzemic/Projects/ArmVision/ros/src/install/trajectory/include/trajectory/trajectory/srv/detail/trajectory__type_support.hpp
-- Installing: /home/kalzemic/Projects/ArmVision/ros/src/install/trajectory/include/trajectory/trajectory/srv/detail/trajectory__builder.hpp
-- Up-to-date: /home/kalzemic/Projects/ArmVision/ros/src/install/trajectory/include/trajectory/trajectory/msg
-- Installing: /home/kalzemic/Projects/ArmVision/ros/src/install/trajectory/include/trajectory/trajectory/msg/rosidl_generator_cpp__visibility_control.hpp
-- Up-to-date: /home/kalzemic/Projects/ArmVision/ros/src/install/trajectory/include/trajectory/trajectory
-- Up-to-date: /home/kalzemic/Projects/ArmVision/ros/src/install/trajectory/include/trajectory/trajectory/srv
-- Up-to-date: /home/kalzemic/Projects/ArmVision/ros/src/install/trajectory/include/trajectory/trajectory/srv/detail
-- Installing: /home/kalzemic/Projects/ArmVision/ros/src/install/trajectory/include/trajectory/trajectory/srv/detail/trajectory__rosidl_typesupport_fastrtps_cpp.hpp
-- Installing: /home/kalzemic/Projects/ArmVision/ros/src/install/trajectory/include/trajectory/trajectory/srv/detail/dds_fastrtps
-- Up-to-date: /home/kalzemic/Projects/ArmVision/ros/src/install/trajectory/include/trajectory/trajectory/msg
-- Installing: /home/kalzemic/Projects/ArmVision/ros/src/install/trajectory/include/trajectory/trajectory/msg/rosidl_typesupport_fastrtps_cpp__visibility_control.h
-- Installing: /home/kalzemic/Projects/ArmVision/ros/src/install/trajectory/lib/libtrajectory__rosidl_typesupport_fastrtps_cpp.so
-- Set runtime path of "/home/kalzemic/Projects/ArmVision/ros/src/install/trajectory/lib/libtrajectory__rosidl_typesupport_fastrtps_cpp.so" to ""
-- Up-to-date: /home/kalzemic/Projects/ArmVision/ros/src/install/trajectory/include/trajectory/trajectory
-- Up-to-date: /home/kalzemic/Projects/ArmVision/ros/src/install/trajectory/include/trajectory/trajectory/srv
-- Up-to-date: /home/kalzemic/Projects/ArmVision/ros/src/install/trajectory/include/trajectory/trajectory/srv/detail
-- Installing: /home/kalzemic/Projects/ArmVision/ros/src/install/trajectory/include/trajectory/trajectory/srv/detail/trajectory__type_support.c
-- Installing: /home/kalzemic/Projects/ArmVision/ros/src/install/trajectory/include/trajectory/trajectory/srv/detail/trajectory__rosidl_typesupport_introspection_c.h
-- Up-to-date: /home/kalzemic/Projects/ArmVision/ros/src/install/trajectory/include/trajectory/trajectory/msg
-- Installing: /home/kalzemic/Projects/ArmVision/ros/src/install/trajectory/include/trajectory/trajectory/msg/rosidl_typesupport_introspection_c__visibility_control.h
-- Installing: /home/kalzemic/Projects/ArmVision/ros/src/install/trajectory/lib/libtrajectory__rosidl_typesupport_introspection_c.so
-- Set runtime path of "/home/kalzemic/Projects/ArmVision/ros/src/install/trajectory/lib/libtrajectory__rosidl_typesupport_introspection_c.so" to ""
-- Installing: /home/kalzemic/Projects/ArmVision/ros/src/install/trajectory/lib/libtrajectory__rosidl_typesupport_c.so
-- Set runtime path of "/home/kalzemic/Projects/ArmVision/ros/src/install/trajectory/lib/libtrajectory__rosidl_typesupport_c.so" to ""
-- Up-to-date: /home/kalzemic/Projects/ArmVision/ros/src/install/trajectory/include/trajectory/trajectory
-- Up-to-date: /home/kalzemic/Projects/ArmVision/ros/src/install/trajectory/include/trajectory/trajectory/srv
-- Up-to-date: /home/kalzemic/Projects/ArmVision/ros/src/install/trajectory/include/trajectory/trajectory/srv/detail
-- Installing: /home/kalzemic/Projects/ArmVision/ros/src/install/trajectory/include/trajectory/trajectory/srv/detail/trajectory__type_support.cpp
-- Installing: /home/kalzemic/Projects/ArmVision/ros/src/install/trajectory/include/trajectory/trajectory/srv/detail/trajectory__rosidl_typesupport_introspection_cpp.hpp
-- Installing: /home/kalzemic/Projects/ArmVision/ros/src/install/trajectory/lib/libtrajectory__rosidl_typesupport_introspection_cpp.so
-- Set runtime path of "/home/kalzemic/Projects/ArmVision/ros/src/install/trajectory/lib/libtrajectory__rosidl_typesupport_introspection_cpp.so" to ""
-- Installing: /home/kalzemic/Projects/ArmVision/ros/src/install/trajectory/lib/libtrajectory__rosidl_typesupport_cpp.so
-- Set runtime path of "/home/kalzemic/Projects/ArmVision/ros/src/install/trajectory/lib/libtrajectory__rosidl_typesupport_cpp.so" to ""
-- Installing: /home/kalzemic/Projects/ArmVision/ros/src/install/trajectory/share/trajectory/environment/pythonpath.sh
-- Installing: /home/kalzemic/Projects/ArmVision/ros/src/install/trajectory/share/trajectory/environment/pythonpath.dsv
-- Installing: /home/kalzemic/Projects/ArmVision/ros/src/install/trajectory/local/lib/python3.10/dist-packages/trajectory-0.0.0-py3.10.egg-info
-- Installing: /home/kalzemic/Projects/ArmVision/ros/src/install/trajectory/local/lib/python3.10/dist-packages/trajectory-0.0.0-py3.10.egg-info/PKG-INFO
-- Installing: /home/kalzemic/Projects/ArmVision/ros/src/install/trajectory/local/lib/python3.10/dist-packages/trajectory-0.0.0-py3.10.egg-info/dependency_links.txt
-- Installing: /home/kalzemic/Projects/ArmVision/ros/src/install/trajectory/local/lib/python3.10/dist-packages/trajectory-0.0.0-py3.10.egg-info/top_level.txt
-- Installing: /home/kalzemic/Projects/ArmVision/ros/src/install/trajectory/local/lib/python3.10/dist-packages/trajectory-0.0.0-py3.10.egg-info/SOURCES.txt
-- Installing: /home/kalzemic/Projects/ArmVision/ros/src/install/trajectory/local/lib/python3.10/dist-packages/trajectory
-- Installing: /home/kalzemic/Projects/ArmVision/ros/src/install/trajectory/local/lib/python3.10/dist-packages/trajectory/trajectory_s__rosidl_typesupport_introspection_c.cpython-310-x86_64-linux-gnu.so
-- Installing: /home/kalzemic/Projects/ArmVision/ros/src/install/trajectory/local/lib/python3.10/dist-packages/trajectory/_trajectory_s.ep.rosidl_typesupport_fastrtps_c.c
-- Installing: /home/kalzemic/Projects/ArmVision/ros/src/install/trajectory/local/lib/python3.10/dist-packages/trajectory/__init__.py
-- Installing: /home/kalzemic/Projects/ArmVision/ros/src/install/trajectory/local/lib/python3.10/dist-packages/trajectory/_trajectory_s.ep.rosidl_typesupport_c.c
-- Installing: /home/kalzemic/Projects/ArmVision/ros/src/install/trajectory/local/lib/python3.10/dist-packages/trajectory/libtrajectory__rosidl_generator_py.so
-- Installing: /home/kalzemic/Projects/ArmVision/ros/src/install/trajectory/local/lib/python3.10/dist-packages/trajectory/srv
-- Installing: /home/kalzemic/Projects/ArmVision/ros/src/install/trajectory/local/lib/python3.10/dist-packages/trajectory/srv/_trajectory.py
-- Installing: /home/kalzemic/Projects/ArmVision/ros/src/install/trajectory/local/lib/python3.10/dist-packages/trajectory/srv/_trajectory_s.c
-- Installing: /home/kalzemic/Projects/ArmVision/ros/src/install/trajectory/local/lib/python3.10/dist-packages/trajectory/srv/__init__.py
-- Installing: /home/kalzemic/Projects/ArmVision/ros/src/install/trajectory/local/lib/python3.10/dist-packages/trajectory/_trajectory_s.ep.rosidl_typesupport_introspection_c.c
-- Installing: /home/kalzemic/Projects/ArmVision/ros/src/install/trajectory/local/lib/python3.10/dist-packages/trajectory/trajectory_s__rosidl_typesupport_fastrtps_c.cpython-310-x86_64-linux-gnu.so
-- Installing: /home/kalzemic/Projects/ArmVision/ros/src/install/trajectory/local/lib/python3.10/dist-packages/trajectory/trajectory_s__rosidl_typesupport_c.cpython-310-x86_64-linux-gnu.so
Listing '/home/kalzemic/Projects/ArmVision/ros/src/install/trajectory/local/lib/python3.10/dist-packages/trajectory'...
Compiling '/home/kalzemic/Projects/ArmVision/ros/src/install/trajectory/local/lib/python3.10/dist-packages/trajectory/__init__.py'...
Listing '/home/kalzemic/Projects/ArmVision/ros/src/install/trajectory/local/lib/python3.10/dist-packages/trajectory/srv'...
Compiling '/home/kalzemic/Projects/ArmVision/ros/src/install/trajectory/local/lib/python3.10/dist-packages/trajectory/srv/__init__.py'...
Compiling '/home/kalzemic/Projects/ArmVision/ros/src/install/trajectory/local/lib/python3.10/dist-packages/trajectory/srv/_trajectory.py'...
-- Installing: /home/kalzemic/Projects/ArmVision/ros/src/install/trajectory/local/lib/python3.10/dist-packages/trajectory/trajectory_s__rosidl_typesupport_fastrtps_c.cpython-310-x86_64-linux-gnu.so
-- Set runtime path of "/home/kalzemic/Projects/ArmVision/ros/src/install/trajectory/local/lib/python3.10/dist-packages/trajectory/trajectory_s__rosidl_typesupport_fastrtps_c.cpython-310-x86_64-linux-gnu.so" to ""
-- Installing: /home/kalzemic/Projects/ArmVision/ros/src/install/trajectory/local/lib/python3.10/dist-packages/trajectory/trajectory_s__rosidl_typesupport_introspection_c.cpython-310-x86_64-linux-gnu.so
-- Set runtime path of "/home/kalzemic/Projects/ArmVision/ros/src/install/trajectory/local/lib/python3.10/dist-packages/trajectory/trajectory_s__rosidl_typesupport_introspection_c.cpython-310-x86_64-linux-gnu.so" to ""
-- Installing: /home/kalzemic/Projects/ArmVision/ros/src/install/trajectory/local/lib/python3.10/dist-packages/trajectory/trajectory_s__rosidl_typesupport_c.cpython-310-x86_64-linux-gnu.so
-- Set runtime path of "/home/kalzemic/Projects/ArmVision/ros/src/install/trajectory/local/lib/python3.10/dist-packages/trajectory/trajectory_s__rosidl_typesupport_c.cpython-310-x86_64-linux-gnu.so" to ""
-- Installing: /home/kalzemic/Projects/ArmVision/ros/src/install/trajectory/lib/libtrajectory__rosidl_generator_py.so
-- Set runtime path of "/home/kalzemic/Projects/ArmVision/ros/src/install/trajectory/lib/libtrajectory__rosidl_generator_py.so" to ""
-- Installing: /home/kalzemic/Projects/ArmVision/ros/src/install/trajectory/share/trajectory/rust
-- Installing: /home/kalzemic/Projects/ArmVision/ros/src/install/trajectory/share/trajectory/rust/build.rs
-- Installing: /home/kalzemic/Projects/ArmVision/ros/src/install/trajectory/share/trajectory/rust/Cargo.toml
-- Installing: /home/kalzemic/Projects/ArmVision/ros/src/install/trajectory/share/trajectory/rust/src
-- Installing: /home/kalzemic/Projects/ArmVision/ros/src/install/trajectory/share/trajectory/rust/src/srv.rs
-- Installing: /home/kalzemic/Projects/ArmVision/ros/src/install/trajectory/share/trajectory/rust/src/lib.rs
-- Installing: /home/kalzemic/Projects/ArmVision/ros/src/install/trajectory/share/trajectory/rust/src/srv
-- Installing: /home/kalzemic/Projects/ArmVision/ros/src/install/trajectory/share/trajectory/rust/src/srv/rmw.rs
-- Installing: /home/kalzemic/Projects/ArmVision/ros/src/install/trajectory/share/trajectory/srv/Trajectory.idl
-- Installing: /home/kalzemic/Projects/ArmVision/ros/src/install/trajectory/share/trajectory/srv/Trajectory.srv
-- Installing: /home/kalzemic/Projects/ArmVision/ros/src/install/trajectory/share/trajectory/srv/Trajectory_Request.msg
-- Installing: /home/kalzemic/Projects/ArmVision/ros/src/install/trajectory/share/trajectory/srv/Trajectory_Response.msg
-- Installing: /home/kalzemic/Projects/ArmVision/ros/src/install/trajectory/lib/trajectory/trajectory_node
-- Set runtime path of "/home/kalzemic/Projects/ArmVision/ros/src/install/trajectory/lib/trajectory/trajectory_node" to ""
-- Installing: /home/kalzemic/Projects/ArmVision/ros/src/install/trajectory/share/ament_index/resource_index/package_run_dependencies/trajectory
-- Up-to-date: /home/kalzemic/Projects/ArmVision/ros/src/install/trajectory/share/ament_index/resource_index/parent_prefix_path/trajectory
-- Up-to-date: /home/kalzemic/Projects/ArmVision/ros/src/install/trajectory/share/trajectory/environment/ament_prefix_path.sh
-- Installing: /home/kalzemic/Projects/ArmVision/ros/src/install/trajectory/share/trajectory/environment/ament_prefix_path.dsv
-- Up-to-date: /home/kalzemic/Projects/ArmVision/ros/src/install/trajectory/share/trajectory/environment/path.sh
-- Installing: /home/kalzemic/Projects/ArmVision/ros/src/install/trajectory/share/trajectory/environment/path.dsv
-- Up-to-date: /home/kalzemic/Projects/ArmVision/ros/src/install/trajectory/share/trajectory/local_setup.bash
-- Installing: /home/kalzemic/Projects/ArmVision/ros/src/install/trajectory/share/trajectory/local_setup.sh
-- Up-to-date: /home/kalzemic/Projects/ArmVision/ros/src/install/trajectory/share/trajectory/local_setup.zsh
-- Installing: /home/kalzemic/Projects/ArmVision/ros/src/install/trajectory/share/trajectory/local_setup.dsv
-- Installing: /home/kalzemic/Projects/ArmVision/ros/src/install/trajectory/share/trajectory/package.dsv
-- Up-to-date: /home/kalzemic/Projects/ArmVision/ros/src/install/trajectory/share/ament_index/resource_index/packages/trajectory
-- Installing: /home/kalzemic/Projects/ArmVision/ros/src/install/trajectory/share/trajectory/cmake/export_trajectory__rosidl_generator_cExport.cmake
-- Installing: /home/kalzemic/Projects/ArmVision/ros/src/install/trajectory/share/trajectory/cmake/export_trajectory__rosidl_generator_cExport-noconfig.cmake
-- Installing: /home/kalzemic/Projects/ArmVision/ros/src/install/trajectory/share/trajectory/cmake/export_trajectory__rosidl_typesupport_fastrtps_cExport.cmake
-- Installing: /home/kalzemic/Projects/ArmVision/ros/src/install/trajectory/share/trajectory/cmake/export_trajectory__rosidl_typesupport_fastrtps_cExport-noconfig.cmake
-- Installing: /home/kalzemic/Projects/ArmVision/ros/src/install/trajectory/share/trajectory/cmake/export_trajectory__rosidl_generator_cppExport.cmake
-- Installing: /home/kalzemic/Projects/ArmVision/ros/src/install/trajectory/share/trajectory/cmake/export_trajectory__rosidl_typesupport_fastrtps_cppExport.cmake
-- Installing: /home/kalzemic/Projects/ArmVision/ros/src/install/trajectory/share/trajectory/cmake/export_trajectory__rosidl_typesupport_fastrtps_cppExport-noconfig.cmake
-- Installing: /home/kalzemic/Projects/ArmVision/ros/src/install/trajectory/share/trajectory/cmake/trajectory__rosidl_typesupport_introspection_cExport.cmake
-- Installing: /home/kalzemic/Projects/ArmVision/ros/src/install/trajectory/share/trajectory/cmake/trajectory__rosidl_typesupport_introspection_cExport-noconfig.cmake
-- Installing: /home/kalzemic/Projects/ArmVision/ros/src/install/trajectory/share/trajectory/cmake/trajectory__rosidl_typesupport_cExport.cmake
-- Installing: /home/kalzemic/Projects/ArmVision/ros/src/install/trajectory/share/trajectory/cmake/trajectory__rosidl_typesupport_cExport-noconfig.cmake
-- Installing: /home/kalzemic/Projects/ArmVision/ros/src/install/trajectory/share/trajectory/cmake/trajectory__rosidl_typesupport_introspection_cppExport.cmake
-- Installing: /home/kalzemic/Projects/ArmVision/ros/src/install/trajectory/share/trajectory/cmake/trajectory__rosidl_typesupport_introspection_cppExport-noconfig.cmake
-- Installing: /home/kalzemic/Projects/ArmVision/ros/src/install/trajectory/share/trajectory/cmake/trajectory__rosidl_typesupport_cppExport.cmake
-- Installing: /home/kalzemic/Projects/ArmVision/ros/src/install/trajectory/share/trajectory/cmake/trajectory__rosidl_typesupport_cppExport-noconfig.cmake
-- Installing: /home/kalzemic/Projects/ArmVision/ros/src/install/trajectory/share/trajectory/cmake/export_trajectory__rosidl_generator_pyExport.cmake
-- Installing: /home/kalzemic/Projects/ArmVision/ros/src/install/trajectory/share/trajectory/cmake/export_trajectory__rosidl_generator_pyExport-noconfig.cmake
-- Installing: /home/kalzemic/Projects/ArmVision/ros/src/install/trajectory/share/trajectory/cmake/rosidl_cmake-extras.cmake
-- Installing: /home/kalzemic/Projects/ArmVision/ros/src/install/trajectory/share/trajectory/cmake/ament_cmake_export_dependencies-extras.cmake
-- Installing: /home/kalzemic/Projects/ArmVision/ros/src/install/trajectory/share/trajectory/cmake/ament_cmake_export_include_directories-extras.cmake
-- Installing: /home/kalzemic/Projects/ArmVision/ros/src/install/trajectory/share/trajectory/cmake/ament_cmake_export_libraries-extras.cmake
-- Installing: /home/kalzemic/Projects/ArmVision/ros/src/install/trajectory/share/trajectory/cmake/ament_cmake_export_targets-extras.cmake
-- Installing: /home/kalzemic/Projects/ArmVision/ros/src/install/trajectory/share/trajectory/cmake/rosidl_cmake_export_typesupport_targets-extras.cmake
-- Installing: /home/kalzemic/Projects/ArmVision/ros/src/install/trajectory/share/trajectory/cmake/rosidl_cmake_export_typesupport_libraries-extras.cmake
-- Installing: /home/kalzemic/Projects/ArmVision/ros/src/install/trajectory/share/trajectory/cmake/rosidl_cmake_aggregate_target-extras.cmake
-- Installing: /home/kalzemic/Projects/ArmVision/ros/src/install/trajectory/share/trajectory/cmake/trajectoryConfig.cmake
-- Up-to-date: /home/kalzemic/Projects/ArmVision/ros/src/install/trajectory/share/trajectory/cmake/trajectoryConfig-version.cmake
-- Installing: /home/kalzemic/Projects/ArmVision/ros/src/install/trajectory/share/trajectory/package.xml
