[0.011s] Invoking command in '/home/kalzemic/Projects/ArmVision/ros/src/build/trajectory': CMAKE_PREFIX_PATH=${CMAKE_PREFIX_PATH}:/opt/ros/humble DEBUGINFOD_URLS=https://debuginfod.archlinux.org /usr/bin/cmake --build /home/kalzemic/Projects/ArmVision/ros/src/build/trajectory -- -j8 -l8
[0.055s] [35m[1mConsolidate compiler generated dependencies of target trajectory__rosidl_generator_c[0m
[0.067s] [  2%] Built target trajectory__rs
[0.068s] [  5%] Built target trajectory__cpp
[0.069s] [ 14%] Built target trajectory__rosidl_generator_c
[0.081s] [ 14%] Built target ament_cmake_python_copy_trajectory
[0.082s] [35m[1mConsolidate compiler generated dependencies of target trajectory__rosidl_typesupport_cpp[0m
[0.083s] [35m[1mConsolidate compiler generated dependencies of target trajectory__rosidl_typesupport_introspection_cpp[0m
[0.088s] [35m[1mConsolidate compiler generated dependencies of target trajectory__rosidl_typesupport_fastrtps_cpp[0m
[0.089s] [35m[1mConsolidate compiler generated dependencies of target trajectory__rosidl_typesupport_c[0m
[0.089s] [35m[1mConsolidate compiler generated dependencies of target trajectory__rosidl_typesupport_introspection_c[0m
[0.090s] [35m[1mConsolidate compiler generated dependencies of target trajectory__rosidl_typesupport_fastrtps_c[0m
[0.105s] [ 23%] Built target trajectory__rosidl_typesupport_introspection_cpp
[0.106s] [ 32%] Built target trajectory__rosidl_typesupport_cpp
[0.109s] [ 41%] Built target trajectory__rosidl_typesupport_c
[0.111s] [ 50%] Built target trajectory__rosidl_typesupport_introspection_c
[0.112s] [ 58%] Built target trajectory__rosidl_typesupport_fastrtps_cpp
[0.123s] [ 67%] Built target trajectory__rosidl_typesupport_fastrtps_c
[0.124s] [35m[1mConsolidate compiler generated dependencies of target trajectory_node[0m
[0.148s] [ 70%] [32mBuilding CXX object CMakeFiles/trajectory_node.dir/src/trajectory.cpp.o[0m
[0.149s] [ 70%] Built target trajectory
[0.174s] [ 73%] Built target trajectory__py
[0.185s] [35m[1mConsolidate compiler generated dependencies of target trajectory__rosidl_generator_py[0m
[0.200s] [ 79%] Built target trajectory__rosidl_generator_py
[0.213s] [35m[1mConsolidate compiler generated dependencies of target trajectory__rosidl_typesupport_c__pyext[0m
[0.216s] [35m[1mConsolidate compiler generated dependencies of target trajectory__rosidl_typesupport_fastrtps_c__pyext[0m
[0.217s] [35m[1mConsolidate compiler generated dependencies of target trajectory__rosidl_typesupport_introspection_c__pyext[0m
[0.231s] [ 85%] Built target trajectory__rosidl_typesupport_c__pyext
[0.232s] [ 91%] Built target trajectory__rosidl_typesupport_introspection_c__pyext
[0.233s] [ 97%] Built target trajectory__rosidl_typesupport_fastrtps_c__pyext
[0.360s] running egg_info
[0.360s] writing trajectory.egg-info/PKG-INFO
[0.361s] writing dependency_links to trajectory.egg-info/dependency_links.txt
[0.361s] writing top-level names to trajectory.egg-info/top_level.txt
[0.365s] reading manifest file 'trajectory.egg-info/SOURCES.txt'
[0.365s] writing manifest file 'trajectory.egg-info/SOURCES.txt'
[0.397s] [ 97%] Built target ament_cmake_python_build_trajectory_egg
[8.309s] [100%] [32m[1mLinking CXX executable trajectory_node[0m
[8.755s] [100%] Built target trajectory_node
[8.767s] Invoked command in '/home/kalzemic/Projects/ArmVision/ros/src/build/trajectory' returned '0': CMAKE_PREFIX_PATH=${CMAKE_PREFIX_PATH}:/opt/ros/humble DEBUGINFOD_URLS=https://debuginfod.archlinux.org /usr/bin/cmake --build /home/kalzemic/Projects/ArmVision/ros/src/build/trajectory -- -j8 -l8
[8.776s] Invoking command in '/home/kalzemic/Projects/ArmVision/ros/src/build/trajectory': CMAKE_PREFIX_PATH=${CMAKE_PREFIX_PATH}:/opt/ros/humble DEBUGINFOD_URLS=https://debuginfod.archlinux.org /usr/bin/cmake --install /home/kalzemic/Projects/ArmVision/ros/src/build/trajectory
[8.783s] -- Install configuration: ""
[8.784s] -- Installing: /home/kalzemic/Projects/ArmVision/ros/src/install/trajectory/share/ament_index/resource_index/rosidl_interfaces/trajectory
[8.784s] -- Installing: /home/kalzemic/Projects/ArmVision/ros/src/install/trajectory/include/trajectory/trajectory
[8.784s] -- Installing: /home/kalzemic/Projects/ArmVision/ros/src/install/trajectory/include/trajectory/trajectory/srv
[8.784s] -- Installing: /home/kalzemic/Projects/ArmVision/ros/src/install/trajectory/include/trajectory/trajectory/srv/trajectory.h
[8.784s] -- Installing: /home/kalzemic/Projects/ArmVision/ros/src/install/trajectory/include/trajectory/trajectory/srv/detail
[8.784s] -- Installing: /home/kalzemic/Projects/ArmVision/ros/src/install/trajectory/include/trajectory/trajectory/srv/detail/trajectory__struct.h
[8.785s] -- Installing: /home/kalzemic/Projects/ArmVision/ros/src/install/trajectory/include/trajectory/trajectory/srv/detail/trajectory__functions.c
[8.785s] -- Installing: /home/kalzemic/Projects/ArmVision/ros/src/install/trajectory/include/trajectory/trajectory/srv/detail/trajectory__type_support.h
[8.785s] -- Installing: /home/kalzemic/Projects/ArmVision/ros/src/install/trajectory/include/trajectory/trajectory/srv/detail/trajectory__functions.h
[8.785s] -- Installing: /home/kalzemic/Projects/ArmVision/ros/src/install/trajectory/include/trajectory/trajectory/msg
[8.785s] -- Installing: /home/kalzemic/Projects/ArmVision/ros/src/install/trajectory/include/trajectory/trajectory/msg/rosidl_generator_c__visibility_control.h
[8.785s] -- Installing: /home/kalzemic/Projects/ArmVision/ros/src/install/trajectory/share/trajectory/environment/library_path.sh
[8.785s] -- Installing: /home/kalzemic/Projects/ArmVision/ros/src/install/trajectory/share/trajectory/environment/library_path.dsv
[8.785s] -- Installing: /home/kalzemic/Projects/ArmVision/ros/src/install/trajectory/lib/libtrajectory__rosidl_generator_c.so
[8.785s] -- Set runtime path of "/home/kalzemic/Projects/ArmVision/ros/src/install/trajectory/lib/libtrajectory__rosidl_generator_c.so" to ""
[8.785s] -- Up-to-date: /home/kalzemic/Projects/ArmVision/ros/src/install/trajectory/include/trajectory/trajectory
[8.785s] -- Up-to-date: /home/kalzemic/Projects/ArmVision/ros/src/install/trajectory/include/trajectory/trajectory/srv
[8.785s] -- Up-to-date: /home/kalzemic/Projects/ArmVision/ros/src/install/trajectory/include/trajectory/trajectory/srv/detail
[8.786s] -- Installing: /home/kalzemic/Projects/ArmVision/ros/src/install/trajectory/include/trajectory/trajectory/srv/detail/trajectory__rosidl_typesupport_fastrtps_c.h
[8.786s] -- Up-to-date: /home/kalzemic/Projects/ArmVision/ros/src/install/trajectory/include/trajectory/trajectory/msg
[8.786s] -- Installing: /home/kalzemic/Projects/ArmVision/ros/src/install/trajectory/include/trajectory/trajectory/msg/rosidl_typesupport_fastrtps_c__visibility_control.h
[8.786s] -- Installing: /home/kalzemic/Projects/ArmVision/ros/src/install/trajectory/lib/libtrajectory__rosidl_typesupport_fastrtps_c.so
[8.786s] -- Set runtime path of "/home/kalzemic/Projects/ArmVision/ros/src/install/trajectory/lib/libtrajectory__rosidl_typesupport_fastrtps_c.so" to ""
[8.786s] -- Up-to-date: /home/kalzemic/Projects/ArmVision/ros/src/install/trajectory/include/trajectory/trajectory
[8.786s] -- Up-to-date: /home/kalzemic/Projects/ArmVision/ros/src/install/trajectory/include/trajectory/trajectory/srv
[8.786s] -- Installing: /home/kalzemic/Projects/ArmVision/ros/src/install/trajectory/include/trajectory/trajectory/srv/trajectory.hpp
[8.786s] -- Up-to-date: /home/kalzemic/Projects/ArmVision/ros/src/install/trajectory/include/trajectory/trajectory/srv/detail
[8.787s] -- Installing: /home/kalzemic/Projects/ArmVision/ros/src/install/trajectory/include/trajectory/trajectory/srv/detail/trajectory__struct.hpp
[8.787s] -- Installing: /home/kalzemic/Projects/ArmVision/ros/src/install/trajectory/include/trajectory/trajectory/srv/detail/trajectory__traits.hpp
[8.787s] -- Installing: /home/kalzemic/Projects/ArmVision/ros/src/install/trajectory/include/trajectory/trajectory/srv/detail/trajectory__type_support.hpp
[8.787s] -- Installing: /home/kalzemic/Projects/ArmVision/ros/src/install/trajectory/include/trajectory/trajectory/srv/detail/trajectory__builder.hpp
[8.787s] -- Up-to-date: /home/kalzemic/Projects/ArmVision/ros/src/install/trajectory/include/trajectory/trajectory/msg
[8.787s] -- Installing: /home/kalzemic/Projects/ArmVision/ros/src/install/trajectory/include/trajectory/trajectory/msg/rosidl_generator_cpp__visibility_control.hpp
[8.787s] -- Up-to-date: /home/kalzemic/Projects/ArmVision/ros/src/install/trajectory/include/trajectory/trajectory
[8.787s] -- Up-to-date: /home/kalzemic/Projects/ArmVision/ros/src/install/trajectory/include/trajectory/trajectory/srv
[8.787s] -- Up-to-date: /home/kalzemic/Projects/ArmVision/ros/src/install/trajectory/include/trajectory/trajectory/srv/detail
[8.788s] -- Installing: /home/kalzemic/Projects/ArmVision/ros/src/install/trajectory/include/trajectory/trajectory/srv/detail/trajectory__rosidl_typesupport_fastrtps_cpp.hpp
[8.788s] -- Installing: /home/kalzemic/Projects/ArmVision/ros/src/install/trajectory/include/trajectory/trajectory/srv/detail/dds_fastrtps
[8.788s] -- Up-to-date: /home/kalzemic/Projects/ArmVision/ros/src/install/trajectory/include/trajectory/trajectory/msg
[8.788s] -- Installing: /home/kalzemic/Projects/ArmVision/ros/src/install/trajectory/include/trajectory/trajectory/msg/rosidl_typesupport_fastrtps_cpp__visibility_control.h
[8.788s] -- Installing: /home/kalzemic/Projects/ArmVision/ros/src/install/trajectory/lib/libtrajectory__rosidl_typesupport_fastrtps_cpp.so
[8.788s] -- Set runtime path of "/home/kalzemic/Projects/ArmVision/ros/src/install/trajectory/lib/libtrajectory__rosidl_typesupport_fastrtps_cpp.so" to ""
[8.788s] -- Up-to-date: /home/kalzemic/Projects/ArmVision/ros/src/install/trajectory/include/trajectory/trajectory
[8.788s] -- Up-to-date: /home/kalzemic/Projects/ArmVision/ros/src/install/trajectory/include/trajectory/trajectory/srv
[8.788s] -- Up-to-date: /home/kalzemic/Projects/ArmVision/ros/src/install/trajectory/include/trajectory/trajectory/srv/detail
[8.788s] -- Installing: /home/kalzemic/Projects/ArmVision/ros/src/install/trajectory/include/trajectory/trajectory/srv/detail/trajectory__type_support.c
[8.788s] -- Installing: /home/kalzemic/Projects/ArmVision/ros/src/install/trajectory/include/trajectory/trajectory/srv/detail/trajectory__rosidl_typesupport_introspection_c.h
[8.789s] -- Up-to-date: /home/kalzemic/Projects/ArmVision/ros/src/install/trajectory/include/trajectory/trajectory/msg
[8.789s] -- Installing: /home/kalzemic/Projects/ArmVision/ros/src/install/trajectory/include/trajectory/trajectory/msg/rosidl_typesupport_introspection_c__visibility_control.h
[8.789s] -- Installing: /home/kalzemic/Projects/ArmVision/ros/src/install/trajectory/lib/libtrajectory__rosidl_typesupport_introspection_c.so
[8.789s] -- Set runtime path of "/home/kalzemic/Projects/ArmVision/ros/src/install/trajectory/lib/libtrajectory__rosidl_typesupport_introspection_c.so" to ""
[8.789s] -- Installing: /home/kalzemic/Projects/ArmVision/ros/src/install/trajectory/lib/libtrajectory__rosidl_typesupport_c.so
[8.789s] -- Set runtime path of "/home/kalzemic/Projects/ArmVision/ros/src/install/trajectory/lib/libtrajectory__rosidl_typesupport_c.so" to ""
[8.789s] -- Up-to-date: /home/kalzemic/Projects/ArmVision/ros/src/install/trajectory/include/trajectory/trajectory
[8.789s] -- Up-to-date: /home/kalzemic/Projects/ArmVision/ros/src/install/trajectory/include/trajectory/trajectory/srv
[8.789s] -- Up-to-date: /home/kalzemic/Projects/ArmVision/ros/src/install/trajectory/include/trajectory/trajectory/srv/detail
[8.789s] -- Installing: /home/kalzemic/Projects/ArmVision/ros/src/install/trajectory/include/trajectory/trajectory/srv/detail/trajectory__type_support.cpp
[8.790s] -- Installing: /home/kalzemic/Projects/ArmVision/ros/src/install/trajectory/include/trajectory/trajectory/srv/detail/trajectory__rosidl_typesupport_introspection_cpp.hpp
[8.790s] -- Installing: /home/kalzemic/Projects/ArmVision/ros/src/install/trajectory/lib/libtrajectory__rosidl_typesupport_introspection_cpp.so
[8.790s] -- Set runtime path of "/home/kalzemic/Projects/ArmVision/ros/src/install/trajectory/lib/libtrajectory__rosidl_typesupport_introspection_cpp.so" to ""
[8.790s] -- Installing: /home/kalzemic/Projects/ArmVision/ros/src/install/trajectory/lib/libtrajectory__rosidl_typesupport_cpp.so
[8.790s] -- Set runtime path of "/home/kalzemic/Projects/ArmVision/ros/src/install/trajectory/lib/libtrajectory__rosidl_typesupport_cpp.so" to ""
[8.790s] -- Installing: /home/kalzemic/Projects/ArmVision/ros/src/install/trajectory/share/trajectory/environment/pythonpath.sh
[8.790s] -- Installing: /home/kalzemic/Projects/ArmVision/ros/src/install/trajectory/share/trajectory/environment/pythonpath.dsv
[8.790s] -- Installing: /home/kalzemic/Projects/ArmVision/ros/src/install/trajectory/local/lib/python3.10/dist-packages/trajectory-0.0.0-py3.10.egg-info
[8.790s] -- Installing: /home/kalzemic/Projects/ArmVision/ros/src/install/trajectory/local/lib/python3.10/dist-packages/trajectory-0.0.0-py3.10.egg-info/PKG-INFO
[8.790s] -- Installing: /home/kalzemic/Projects/ArmVision/ros/src/install/trajectory/local/lib/python3.10/dist-packages/trajectory-0.0.0-py3.10.egg-info/dependency_links.txt
[8.791s] -- Installing: /home/kalzemic/Projects/ArmVision/ros/src/install/trajectory/local/lib/python3.10/dist-packages/trajectory-0.0.0-py3.10.egg-info/top_level.txt
[8.791s] -- Installing: /home/kalzemic/Projects/ArmVision/ros/src/install/trajectory/local/lib/python3.10/dist-packages/trajectory-0.0.0-py3.10.egg-info/SOURCES.txt
[8.791s] -- Installing: /home/kalzemic/Projects/ArmVision/ros/src/install/trajectory/local/lib/python3.10/dist-packages/trajectory
[8.791s] -- Installing: /home/kalzemic/Projects/ArmVision/ros/src/install/trajectory/local/lib/python3.10/dist-packages/trajectory/trajectory_s__rosidl_typesupport_introspection_c.cpython-310-x86_64-linux-gnu.so
[8.791s] -- Installing: /home/kalzemic/Projects/ArmVision/ros/src/install/trajectory/local/lib/python3.10/dist-packages/trajectory/_trajectory_s.ep.rosidl_typesupport_fastrtps_c.c
[8.791s] -- Installing: /home/kalzemic/Projects/ArmVision/ros/src/install/trajectory/local/lib/python3.10/dist-packages/trajectory/__init__.py
[8.791s] -- Installing: /home/kalzemic/Projects/ArmVision/ros/src/install/trajectory/local/lib/python3.10/dist-packages/trajectory/_trajectory_s.ep.rosidl_typesupport_c.c
[8.791s] -- Installing: /home/kalzemic/Projects/ArmVision/ros/src/install/trajectory/local/lib/python3.10/dist-packages/trajectory/libtrajectory__rosidl_generator_py.so
[8.791s] -- Installing: /home/kalzemic/Projects/ArmVision/ros/src/install/trajectory/local/lib/python3.10/dist-packages/trajectory/srv
[8.791s] -- Installing: /home/kalzemic/Projects/ArmVision/ros/src/install/trajectory/local/lib/python3.10/dist-packages/trajectory/srv/_trajectory.py
[8.792s] -- Installing: /home/kalzemic/Projects/ArmVision/ros/src/install/trajectory/local/lib/python3.10/dist-packages/trajectory/srv/_trajectory_s.c
[8.792s] -- Installing: /home/kalzemic/Projects/ArmVision/ros/src/install/trajectory/local/lib/python3.10/dist-packages/trajectory/srv/__init__.py
[8.792s] -- Installing: /home/kalzemic/Projects/ArmVision/ros/src/install/trajectory/local/lib/python3.10/dist-packages/trajectory/_trajectory_s.ep.rosidl_typesupport_introspection_c.c
[8.792s] -- Installing: /home/kalzemic/Projects/ArmVision/ros/src/install/trajectory/local/lib/python3.10/dist-packages/trajectory/trajectory_s__rosidl_typesupport_fastrtps_c.cpython-310-x86_64-linux-gnu.so
[8.792s] -- Installing: /home/kalzemic/Projects/ArmVision/ros/src/install/trajectory/local/lib/python3.10/dist-packages/trajectory/trajectory_s__rosidl_typesupport_c.cpython-310-x86_64-linux-gnu.so
[8.823s] Listing '/home/kalzemic/Projects/ArmVision/ros/src/install/trajectory/local/lib/python3.10/dist-packages/trajectory'...
[8.823s] Compiling '/home/kalzemic/Projects/ArmVision/ros/src/install/trajectory/local/lib/python3.10/dist-packages/trajectory/__init__.py'...
[8.823s] Listing '/home/kalzemic/Projects/ArmVision/ros/src/install/trajectory/local/lib/python3.10/dist-packages/trajectory/srv'...
[8.823s] Compiling '/home/kalzemic/Projects/ArmVision/ros/src/install/trajectory/local/lib/python3.10/dist-packages/trajectory/srv/__init__.py'...
[8.823s] Compiling '/home/kalzemic/Projects/ArmVision/ros/src/install/trajectory/local/lib/python3.10/dist-packages/trajectory/srv/_trajectory.py'...
[8.827s] -- Installing: /home/kalzemic/Projects/ArmVision/ros/src/install/trajectory/local/lib/python3.10/dist-packages/trajectory/trajectory_s__rosidl_typesupport_fastrtps_c.cpython-310-x86_64-linux-gnu.so
[8.828s] -- Set runtime path of "/home/kalzemic/Projects/ArmVision/ros/src/install/trajectory/local/lib/python3.10/dist-packages/trajectory/trajectory_s__rosidl_typesupport_fastrtps_c.cpython-310-x86_64-linux-gnu.so" to ""
[8.828s] -- Installing: /home/kalzemic/Projects/ArmVision/ros/src/install/trajectory/local/lib/python3.10/dist-packages/trajectory/trajectory_s__rosidl_typesupport_introspection_c.cpython-310-x86_64-linux-gnu.so
[8.828s] -- Set runtime path of "/home/kalzemic/Projects/ArmVision/ros/src/install/trajectory/local/lib/python3.10/dist-packages/trajectory/trajectory_s__rosidl_typesupport_introspection_c.cpython-310-x86_64-linux-gnu.so" to ""
[8.828s] -- Installing: /home/kalzemic/Projects/ArmVision/ros/src/install/trajectory/local/lib/python3.10/dist-packages/trajectory/trajectory_s__rosidl_typesupport_c.cpython-310-x86_64-linux-gnu.so
[8.829s] -- Set runtime path of "/home/kalzemic/Projects/ArmVision/ros/src/install/trajectory/local/lib/python3.10/dist-packages/trajectory/trajectory_s__rosidl_typesupport_c.cpython-310-x86_64-linux-gnu.so" to ""
[8.829s] -- Installing: /home/kalzemic/Projects/ArmVision/ros/src/install/trajectory/lib/libtrajectory__rosidl_generator_py.so
[8.829s] -- Set runtime path of "/home/kalzemic/Projects/ArmVision/ros/src/install/trajectory/lib/libtrajectory__rosidl_generator_py.so" to ""
[8.830s] -- Installing: /home/kalzemic/Projects/ArmVision/ros/src/install/trajectory/share/trajectory/rust
[8.830s] -- Installing: /home/kalzemic/Projects/ArmVision/ros/src/install/trajectory/share/trajectory/rust/build.rs
[8.830s] -- Installing: /home/kalzemic/Projects/ArmVision/ros/src/install/trajectory/share/trajectory/rust/Cargo.toml
[8.830s] -- Installing: /home/kalzemic/Projects/ArmVision/ros/src/install/trajectory/share/trajectory/rust/src
[8.830s] -- Installing: /home/kalzemic/Projects/ArmVision/ros/src/install/trajectory/share/trajectory/rust/src/srv.rs
[8.830s] -- Installing: /home/kalzemic/Projects/ArmVision/ros/src/install/trajectory/share/trajectory/rust/src/lib.rs
[8.831s] -- Installing: /home/kalzemic/Projects/ArmVision/ros/src/install/trajectory/share/trajectory/rust/src/srv
[8.831s] -- Installing: /home/kalzemic/Projects/ArmVision/ros/src/install/trajectory/share/trajectory/rust/src/srv/rmw.rs
[8.831s] -- Installing: /home/kalzemic/Projects/ArmVision/ros/src/install/trajectory/share/trajectory/srv/Trajectory.idl
[8.831s] -- Installing: /home/kalzemic/Projects/ArmVision/ros/src/install/trajectory/share/trajectory/srv/Trajectory.srv
[8.831s] -- Installing: /home/kalzemic/Projects/ArmVision/ros/src/install/trajectory/share/trajectory/srv/Trajectory_Request.msg
[8.831s] -- Installing: /home/kalzemic/Projects/ArmVision/ros/src/install/trajectory/share/trajectory/srv/Trajectory_Response.msg
[8.832s] -- Installing: /home/kalzemic/Projects/ArmVision/ros/src/install/trajectory/lib/trajectory/trajectory_node
[8.835s] -- Set runtime path of "/home/kalzemic/Projects/ArmVision/ros/src/install/trajectory/lib/trajectory/trajectory_node" to ""
[8.836s] -- Installing: /home/kalzemic/Projects/ArmVision/ros/src/install/trajectory/share/ament_index/resource_index/package_run_dependencies/trajectory
[8.836s] -- Up-to-date: /home/kalzemic/Projects/ArmVision/ros/src/install/trajectory/share/ament_index/resource_index/parent_prefix_path/trajectory
[8.836s] -- Up-to-date: /home/kalzemic/Projects/ArmVision/ros/src/install/trajectory/share/trajectory/environment/ament_prefix_path.sh
[8.836s] -- Installing: /home/kalzemic/Projects/ArmVision/ros/src/install/trajectory/share/trajectory/environment/ament_prefix_path.dsv
[8.837s] -- Up-to-date: /home/kalzemic/Projects/ArmVision/ros/src/install/trajectory/share/trajectory/environment/path.sh
[8.837s] -- Installing: /home/kalzemic/Projects/ArmVision/ros/src/install/trajectory/share/trajectory/environment/path.dsv
[8.837s] -- Up-to-date: /home/kalzemic/Projects/ArmVision/ros/src/install/trajectory/share/trajectory/local_setup.bash
[8.837s] -- Installing: /home/kalzemic/Projects/ArmVision/ros/src/install/trajectory/share/trajectory/local_setup.sh
[8.837s] -- Up-to-date: /home/kalzemic/Projects/ArmVision/ros/src/install/trajectory/share/trajectory/local_setup.zsh
[8.837s] -- Installing: /home/kalzemic/Projects/ArmVision/ros/src/install/trajectory/share/trajectory/local_setup.dsv
[8.838s] -- Installing: /home/kalzemic/Projects/ArmVision/ros/src/install/trajectory/share/trajectory/package.dsv
[8.838s] -- Up-to-date: /home/kalzemic/Projects/ArmVision/ros/src/install/trajectory/share/ament_index/resource_index/packages/trajectory
[8.838s] -- Installing: /home/kalzemic/Projects/ArmVision/ros/src/install/trajectory/share/trajectory/cmake/export_trajectory__rosidl_generator_cExport.cmake
[8.838s] -- Installing: /home/kalzemic/Projects/ArmVision/ros/src/install/trajectory/share/trajectory/cmake/export_trajectory__rosidl_generator_cExport-noconfig.cmake
[8.838s] -- Installing: /home/kalzemic/Projects/ArmVision/ros/src/install/trajectory/share/trajectory/cmake/export_trajectory__rosidl_typesupport_fastrtps_cExport.cmake
[8.838s] -- Installing: /home/kalzemic/Projects/ArmVision/ros/src/install/trajectory/share/trajectory/cmake/export_trajectory__rosidl_typesupport_fastrtps_cExport-noconfig.cmake
[8.838s] -- Installing: /home/kalzemic/Projects/ArmVision/ros/src/install/trajectory/share/trajectory/cmake/export_trajectory__rosidl_generator_cppExport.cmake
[8.839s] -- Installing: /home/kalzemic/Projects/ArmVision/ros/src/install/trajectory/share/trajectory/cmake/export_trajectory__rosidl_typesupport_fastrtps_cppExport.cmake
[8.839s] -- Installing: /home/kalzemic/Projects/ArmVision/ros/src/install/trajectory/share/trajectory/cmake/export_trajectory__rosidl_typesupport_fastrtps_cppExport-noconfig.cmake
[8.839s] -- Installing: /home/kalzemic/Projects/ArmVision/ros/src/install/trajectory/share/trajectory/cmake/trajectory__rosidl_typesupport_introspection_cExport.cmake
[8.839s] -- Installing: /home/kalzemic/Projects/ArmVision/ros/src/install/trajectory/share/trajectory/cmake/trajectory__rosidl_typesupport_introspection_cExport-noconfig.cmake
[8.839s] -- Installing: /home/kalzemic/Projects/ArmVision/ros/src/install/trajectory/share/trajectory/cmake/trajectory__rosidl_typesupport_cExport.cmake
[8.839s] -- Installing: /home/kalzemic/Projects/ArmVision/ros/src/install/trajectory/share/trajectory/cmake/trajectory__rosidl_typesupport_cExport-noconfig.cmake
[8.840s] -- Installing: /home/kalzemic/Projects/ArmVision/ros/src/install/trajectory/share/trajectory/cmake/trajectory__rosidl_typesupport_introspection_cppExport.cmake
[8.840s] -- Installing: /home/kalzemic/Projects/ArmVision/ros/src/install/trajectory/share/trajectory/cmake/trajectory__rosidl_typesupport_introspection_cppExport-noconfig.cmake
[8.840s] -- Installing: /home/kalzemic/Projects/ArmVision/ros/src/install/trajectory/share/trajectory/cmake/trajectory__rosidl_typesupport_cppExport.cmake
[8.840s] -- Installing: /home/kalzemic/Projects/ArmVision/ros/src/install/trajectory/share/trajectory/cmake/trajectory__rosidl_typesupport_cppExport-noconfig.cmake
[8.840s] -- Installing: /home/kalzemic/Projects/ArmVision/ros/src/install/trajectory/share/trajectory/cmake/export_trajectory__rosidl_generator_pyExport.cmake
[8.840s] -- Installing: /home/kalzemic/Projects/ArmVision/ros/src/install/trajectory/share/trajectory/cmake/export_trajectory__rosidl_generator_pyExport-noconfig.cmake
[8.840s] -- Installing: /home/kalzemic/Projects/ArmVision/ros/src/install/trajectory/share/trajectory/cmake/rosidl_cmake-extras.cmake
[8.841s] -- Installing: /home/kalzemic/Projects/ArmVision/ros/src/install/trajectory/share/trajectory/cmake/ament_cmake_export_dependencies-extras.cmake
[8.841s] -- Installing: /home/kalzemic/Projects/ArmVision/ros/src/install/trajectory/share/trajectory/cmake/ament_cmake_export_include_directories-extras.cmake
[8.841s] -- Installing: /home/kalzemic/Projects/ArmVision/ros/src/install/trajectory/share/trajectory/cmake/ament_cmake_export_libraries-extras.cmake
[8.841s] -- Installing: /home/kalzemic/Projects/ArmVision/ros/src/install/trajectory/share/trajectory/cmake/ament_cmake_export_targets-extras.cmake
[8.841s] -- Installing: /home/kalzemic/Projects/ArmVision/ros/src/install/trajectory/share/trajectory/cmake/rosidl_cmake_export_typesupport_targets-extras.cmake
[8.842s] -- Installing: /home/kalzemic/Projects/ArmVision/ros/src/install/trajectory/share/trajectory/cmake/rosidl_cmake_export_typesupport_libraries-extras.cmake
[8.842s] -- Installing: /home/kalzemic/Projects/ArmVision/ros/src/install/trajectory/share/trajectory/cmake/rosidl_cmake_aggregate_target-extras.cmake
[8.842s] -- Installing: /home/kalzemic/Projects/ArmVision/ros/src/install/trajectory/share/trajectory/cmake/trajectoryConfig.cmake
[8.842s] -- Up-to-date: /home/kalzemic/Projects/ArmVision/ros/src/install/trajectory/share/trajectory/cmake/trajectoryConfig-version.cmake
[8.842s] -- Installing: /home/kalzemic/Projects/ArmVision/ros/src/install/trajectory/share/trajectory/package.xml
[8.845s] Invoked command in '/home/kalzemic/Projects/ArmVision/ros/src/build/trajectory' returned '0': CMAKE_PREFIX_PATH=${CMAKE_PREFIX_PATH}:/opt/ros/humble DEBUGINFOD_URLS=https://debuginfod.archlinux.org /usr/bin/cmake --install /home/kalzemic/Projects/ArmVision/ros/src/build/trajectory
