[0.012s] Invoking command in '/home/kalzemic/Projects/ArmVision/ros/src/build/trajectory': CMAKE_PREFIX_PATH=${CMAKE_PREFIX_PATH}:/opt/ros/humble DEBUGINFOD_URLS=https://debuginfod.archlinux.org /usr/bin/cmake /home/kalzemic/Projects/ArmVision/ros/src/trajectory -DPYTHON_EXECUTABLE=/usr/bin/python3 -DCMAKE_INSTALL_PREFIX=/home/kalzemic/Projects/ArmVision/ros/src/install/trajectory
[0.023s] -- Found ament_cmake: 1.3.14 (/opt/ros/humble/share/ament_cmake/cmake)
[0.138s] -- Found rclcpp: 16.0.21 (/opt/ros/humble/share/rclcpp/cmake)
[0.167s] -- Found rosidl_generator_c: 3.1.9 (/opt/ros/humble/share/rosidl_generator_c/cmake)
[0.169s] -- Found rosidl_adapter: 3.1.9 (/opt/ros/humble/share/rosidl_adapter/cmake)
[0.174s] -- Found rosidl_generator_cpp: 3.1.9 (/opt/ros/humble/share/rosidl_generator_cpp/cmake)
[0.183s] -- Using all available rosidl_typesupport_c: rosidl_typesupport_fastrtps_c;rosidl_typesupport_introspection_c
[0.193s] -- Using all available rosidl_typesupport_cpp: rosidl_typesupport_fastrtps_cpp;rosidl_typesupport_introspection_cpp
[0.224s] -- Found rmw_implementation_cmake: 6.1.4 (/opt/ros/humble/share/rmw_implementation_cmake/cmake)
[0.225s] -- Found rmw_fastrtps_cpp: 6.2.10 (/opt/ros/humble/share/rmw_fastrtps_cpp/cmake)
[0.370s] -- Using RMW implementation 'rmw_fastrtps_cpp' as default
[0.467s] -- Found sensor_msgs: 4.9.2 (/opt/ros/humble/share/sensor_msgs/cmake)
[0.530s] -- Found trajectory_msgs: 4.9.2 (/opt/ros/humble/share/trajectory_msgs/cmake)
[0.556s] -- Found ament_lint_auto: 0.12.15 (/opt/ros/humble/share/ament_lint_auto/cmake)
[0.622s] -- Added test 'cppcheck' to perform static code analysis on C / C++ code
[0.622s] -- Configured cppcheck include dirs: 
[0.622s] -- Configured cppcheck exclude dirs and/or files: 
[0.623s] -- Added test 'lint_cmake' to check CMake code style
[0.623s] -- Added test 'uncrustify' to check C / C++ code style
[0.624s] -- Configured uncrustify additional arguments: 
[0.624s] -- Added test 'xmllint' to check XML markup files
[0.625s] -- Configuring done
[0.631s] -- Generating done
[0.634s] -- Build files have been written to: /home/kalzemic/Projects/ArmVision/ros/src/build/trajectory
[0.642s] Invoked command in '/home/kalzemic/Projects/ArmVision/ros/src/build/trajectory' returned '0': CMAKE_PREFIX_PATH=${CMAKE_PREFIX_PATH}:/opt/ros/humble DEBUGINFOD_URLS=https://debuginfod.archlinux.org /usr/bin/cmake /home/kalzemic/Projects/ArmVision/ros/src/trajectory -DPYTHON_EXECUTABLE=/usr/bin/python3 -DCMAKE_INSTALL_PREFIX=/home/kalzemic/Projects/ArmVision/ros/src/install/trajectory
[0.644s] Invoking command in '/home/kalzemic/Projects/ArmVision/ros/src/build/trajectory': CMAKE_PREFIX_PATH=${CMAKE_PREFIX_PATH}:/opt/ros/humble DEBUGINFOD_URLS=https://debuginfod.archlinux.org /usr/bin/cmake --build /home/kalzemic/Projects/ArmVision/ros/src/build/trajectory -- -j8 -l8
[0.684s] Invoked command in '/home/kalzemic/Projects/ArmVision/ros/src/build/trajectory' returned '0': CMAKE_PREFIX_PATH=${CMAKE_PREFIX_PATH}:/opt/ros/humble DEBUGINFOD_URLS=https://debuginfod.archlinux.org /usr/bin/cmake --build /home/kalzemic/Projects/ArmVision/ros/src/build/trajectory -- -j8 -l8
[0.694s] Invoking command in '/home/kalzemic/Projects/ArmVision/ros/src/build/trajectory': CMAKE_PREFIX_PATH=${CMAKE_PREFIX_PATH}:/opt/ros/humble DEBUGINFOD_URLS=https://debuginfod.archlinux.org /usr/bin/cmake --install /home/kalzemic/Projects/ArmVision/ros/src/build/trajectory
[0.701s] -- Install configuration: ""
[0.701s] -- Up-to-date: /home/kalzemic/Projects/ArmVision/ros/src/install/trajectory/share/ament_index/resource_index/package_run_dependencies/trajectory
[0.701s] -- Installing: /home/kalzemic/Projects/ArmVision/ros/src/install/trajectory/share/ament_index/resource_index/parent_prefix_path/trajectory
[0.701s] -- Up-to-date: /home/kalzemic/Projects/ArmVision/ros/src/install/trajectory/share/trajectory/environment/ament_prefix_path.sh
[0.702s] -- Installing: /home/kalzemic/Projects/ArmVision/ros/src/install/trajectory/share/trajectory/environment/ament_prefix_path.dsv
[0.702s] -- Up-to-date: /home/kalzemic/Projects/ArmVision/ros/src/install/trajectory/share/trajectory/environment/path.sh
[0.702s] -- Installing: /home/kalzemic/Projects/ArmVision/ros/src/install/trajectory/share/trajectory/environment/path.dsv
[0.702s] -- Up-to-date: /home/kalzemic/Projects/ArmVision/ros/src/install/trajectory/share/trajectory/local_setup.bash
[0.702s] -- Up-to-date: /home/kalzemic/Projects/ArmVision/ros/src/install/trajectory/share/trajectory/local_setup.sh
[0.702s] -- Up-to-date: /home/kalzemic/Projects/ArmVision/ros/src/install/trajectory/share/trajectory/local_setup.zsh
[0.702s] -- Installing: /home/kalzemic/Projects/ArmVision/ros/src/install/trajectory/share/trajectory/local_setup.dsv
[0.702s] -- Installing: /home/kalzemic/Projects/ArmVision/ros/src/install/trajectory/share/trajectory/package.dsv
[0.702s] -- Up-to-date: /home/kalzemic/Projects/ArmVision/ros/src/install/trajectory/share/ament_index/resource_index/packages/trajectory
[0.703s] -- Up-to-date: /home/kalzemic/Projects/ArmVision/ros/src/install/trajectory/share/trajectory/cmake/trajectoryConfig.cmake
[0.703s] -- Up-to-date: /home/kalzemic/Projects/ArmVision/ros/src/install/trajectory/share/trajectory/cmake/trajectoryConfig-version.cmake
[0.703s] -- Up-to-date: /home/kalzemic/Projects/ArmVision/ros/src/install/trajectory/share/trajectory/package.xml
[0.704s] Invoked command in '/home/kalzemic/Projects/ArmVision/ros/src/build/trajectory' returned '0': CMAKE_PREFIX_PATH=${CMAKE_PREFIX_PATH}:/opt/ros/humble DEBUGINFOD_URLS=https://debuginfod.archlinux.org /usr/bin/cmake --install /home/kalzemic/Projects/ArmVision/ros/src/build/trajectory
